[Quick mode]
device=cuda  out_dir=psa_biased_v8_evac
Loaded evac: x=(72125, 102)  y=(72125, 4)
Identified 491 scenarios
Split: pool=421  val=30  internal-test=40
Biasing pool: 70% clustered near 3 IC nominals
  [biased_pool] unique=189 (63 biased ×5 + 126 spread) → pool size 441, effective bias = 71%
  pool size after biasing: 441 (was 70 reserved)
External LHS test: x=(5375, 102)  y=(5375, 4)
  LHS scenarios: 24, rows after extraction: 5375
  PCA bottleneck k=8: explains 98.8% IC variance
  t_max (physical) = 15.02s — will override ub[:,1] inside build_model

======================================================================
BUDGET = 12 scenarios
======================================================================

── seed=42 ──

[pinn_al]
  t_max override: ub[:,1] = 15.02  (was 1.00)
  Model: PINN  h=96  L=3  K=3  +PCA bottleneck k=8
[v3 trainer] PINN+committee+PDE  budget=12  n0=4  k=4  rounds=2  total_ep=660  λ_max=0.002

─── Round 0/2 │ 4 scen = 750 rows ───
    coll=750  scales=[5.71e+01, 1.14e-01, 8.80e+01, 1.59e+02]
    → +4 scen  (total 8 = 1550 rows)

─── Round 1/2 │ 8 scen = 1550 rows ───
    coll=1500  scales=[9.88e+01, 1.98e-01, 8.38e+01, 1.73e+02]
    → +4 scen  (total 12 = 1800 rows)

─── Round 2/2 │ 12 scen = 1800 rows ───
    coll=1500  scales=[8.91e+01, 2.14e-01, 7.54e+01, 1.56e+02]

─── Final polish │ 300 ep ───
    ep   560  data=-4.534e-01  pde=3.123e-01  λ=0.0020  val_mse=3.953e-03

[Done v3]  48.8s  12 scen  1800 rows  val_mse=3.9056e-03
  internal: 1.9136e-03  LHS: 7.1024e-02  (49s)

[pinn_ic_coreset]
  t_max override: ub[:,1] = 15.02  (was 1.00)
  Model: PINN  h=96  L=3  K=3  +PCA bottleneck k=8
[v3 trainer] PINN+committee+PDE  budget=12  n0=4  k=4  rounds=2  total_ep=660  λ_max=0.002

─── Round 0/2 │ 4 scen = 750 rows ───
    coll=750  scales=[5.71e+01, 1.14e-01, 8.80e+01, 1.59e+02]
    → +4 scen  (total 8 = 1625 rows)

─── Round 1/2 │ 8 scen = 1625 rows ───
    coll=1500  scales=[1.01e+02, 2.00e-01, 8.38e+01, 1.73e+02]
    → +4 scen  (total 12 = 2125 rows)

─── Round 2/2 │ 12 scen = 2125 rows ───
    coll=1500  scales=[9.10e+01, 2.05e-01, 7.55e+01, 1.56e+02]

─── Final polish │ 300 ep ───
    ep   560  data=-4.512e-01  pde=2.999e-01  λ=0.0020  val_mse=3.888e-03

[Done v3]  46.7s  12 scen  2125 rows  val_mse=3.8437e-03
  internal: 2.4512e-03  LHS: 6.5223e-02  (47s)

[pinn_seqrand]
  t_max override: ub[:,1] = 15.02  (was 1.00)
  Model: PINN  h=96  L=3  K=3  +PCA bottleneck k=8
[v3 trainer] PINN+committee+PDE  budget=12  n0=4  k=4  rounds=2  total_ep=660  λ_max=0.002

─── Round 0/2 │ 4 scen = 750 rows ───
    coll=750  scales=[5.71e+01, 1.14e-01, 8.80e+01, 1.59e+02]
    → +4 scen  (total 8 = 1375 rows)

─── Round 1/2 │ 8 scen = 1375 rows ───
    coll=1500  scales=[5.17e+01, 1.23e-01, 8.24e+01, 1.73e+02]
    → +4 scen  (total 12 = 1900 rows)

─── Round 2/2 │ 12 scen = 1900 rows ───
    coll=1500  scales=[4.70e+01, 1.34e-01, 7.42e+01, 1.56e+02]

─── Final polish │ 300 ep ───
    ep   560  data=-4.476e-01  pde=2.584e-01  λ=0.0020  val_mse=9.364e-03

[Done v3]  42.5s  12 scen  1900 rows  val_mse=9.3428e-03
  internal: 1.2086e-02  LHS: 1.6669e-01  (43s)

[pinn_oneshot]
  t_max override: ub[:,1] = 15.02  (was 1.00)
  Model: PINN  h=96  L=3  K=3  +PCA bottleneck k=8
  internal: 2.6797e-03  LHS: 8.7406e-02  (42s)

[ann_al]
  t_max override: ub[:,1] = 15.02  (was 1.00)
  Model: ANN   h=96  L=3  +PCA bottleneck k=8
[v3 trainer] ANN  budget=12  n0=4  k=4  rounds=2  total_ep=660  λ_max=0.0

─── Round 0/2 │ 4 scen = 750 rows ───
    → +4 scen  (total 8 = 1575 rows)

─── Round 1/2 │ 8 scen = 1575 rows ───
    → +4 scen  (total 12 = 2100 rows)

─── Round 2/2 │ 12 scen = 2100 rows ───

─── Final polish │ 300 ep ───
    ep   560  data=3.529e-03  pde=0.000e+00  λ=0.0000  val_mse=6.662e-03

[Done v3]  6.1s  12 scen  2100 rows  val_mse=6.6350e-03
  internal: 2.5101e-03  LHS: 5.2594e-02  (6s)

[ann_oneshot]
  t_max override: ub[:,1] = 15.02  (was 1.00)
  Model: ANN   h=96  L=3  +PCA bottleneck k=8
  internal: 4.8167e-03  LHS: 1.1273e-01  (4s)

── seed=123 ──

[pinn_al]
  t_max override: ub[:,1] = 15.02  (was 1.00)
  Model: PINN  h=96  L=3  K=3  +PCA bottleneck k=8
[v3 trainer] PINN+committee+PDE  budget=12  n0=4  k=4  rounds=2  total_ep=660  λ_max=0.002

─── Round 0/2 │ 4 scen = 525 rows ───
    coll=525  scales=[9.52e-01, 8.56e-01, 1.02e+00, 9.41e-01]
    → +4 scen  (total 8 = 1050 rows)

─── Round 1/2 │ 8 scen = 1050 rows ───
    coll=1500  scales=[6.00e+01, 9.32e-01, 3.16e+00, 3.05e+00]
    → +4 scen  (total 12 = 1275 rows)

─── Round 2/2 │ 12 scen = 1275 rows ───
    coll=1500  scales=[5.42e+01, 8.87e-01, 2.85e+00, 2.76e+00]

─── Final polish │ 300 ep ───
    ep   560  data=-4.507e-01  pde=2.190e-01  λ=0.0020  val_mse=5.158e-03

[Done v3]  45.5s  12 scen  1275 rows  val_mse=5.1163e-03
  internal: 5.2970e-03  LHS: 3.5978e-02  (46s)

[pinn_ic_coreset]
  t_max override: ub[:,1] = 15.02  (was 1.00)
  Model: PINN  h=96  L=3  K=3  +PCA bottleneck k=8
[v3 trainer] PINN+committee+PDE  budget=12  n0=4  k=4  rounds=2  total_ep=660  λ_max=0.002

─── Round 0/2 │ 4 scen = 525 rows ───
    coll=525  scales=[9.52e-01, 8.56e-01, 1.02e+00, 9.41e-01]
    → +4 scen  (total 8 = 1400 rows)

─── Round 1/2 │ 8 scen = 1400 rows ───
    coll=1500  scales=[5.33e+01, 8.82e-01, 3.66e+00, 2.75e+00]
    → +4 scen  (total 12 = 2075 rows)

─── Round 2/2 │ 12 scen = 2075 rows ───
    coll=1500  scales=[4.82e+01, 8.32e-01, 3.30e+00, 2.49e+00]

─── Final polish │ 300 ep ───
    ep   560  data=-4.550e-01  pde=1.339e-01  λ=0.0020  val_mse=3.918e-03

[Done v3]  42.2s  12 scen  2075 rows  val_mse=3.9142e-03
  internal: 2.9564e-03  LHS: 5.9920e-02  (42s)

[pinn_seqrand]
  t_max override: ub[:,1] = 15.02  (was 1.00)
  Model: PINN  h=96  L=3  K=3  +PCA bottleneck k=8
[v3 trainer] PINN+committee+PDE  budget=12  n0=4  k=4  rounds=2  total_ep=660  λ_max=0.002

─── Round 0/2 │ 4 scen = 525 rows ───
    coll=525  scales=[9.52e-01, 8.56e-01, 1.02e+00, 9.41e-01]
    → +4 scen  (total 8 = 900 rows)

─── Round 1/2 │ 8 scen = 900 rows ───
    coll=1500  scales=[9.15e-01, 8.29e-01, 9.39e-01, 8.77e-01]
    → +4 scen  (total 12 = 1825 rows)

─── Round 2/2 │ 12 scen = 1825 rows ───
    coll=1500  scales=[9.18e-01, 8.04e-01, 8.61e-01, 8.11e-01]

─── Final polish │ 300 ep ───
    ep   560  data=-4.529e-01  pde=3.851e-01  λ=0.0020  val_mse=8.203e-03

[Done v3]  44.8s  12 scen  1825 rows  val_mse=8.0985e-03
  internal: 5.2282e-03  LHS: 7.0775e-02  (45s)

[pinn_oneshot]
  t_max override: ub[:,1] = 15.02  (was 1.00)
  Model: PINN  h=96  L=3  K=3  +PCA bottleneck k=8
  internal: 6.5564e-03  LHS: 6.0568e-02  (43s)

[ann_al]
  t_max override: ub[:,1] = 15.02  (was 1.00)
  Model: ANN   h=96  L=3  +PCA bottleneck k=8
[v3 trainer] ANN  budget=12  n0=4  k=4  rounds=2  total_ep=660  λ_max=0.0

─── Round 0/2 │ 4 scen = 525 rows ───
    → +4 scen  (total 8 = 1200 rows)

─── Round 1/2 │ 8 scen = 1200 rows ───
    → +4 scen  (total 12 = 1925 rows)

─── Round 2/2 │ 12 scen = 1925 rows ───

─── Final polish │ 300 ep ───
    ep   560  data=6.082e-03  pde=0.000e+00  λ=0.0000  val_mse=1.007e-02

[Done v3]  5.2s  12 scen  1925 rows  val_mse=1.0033e-02
  internal: 4.8460e-03  LHS: 3.2894e-02  (5s)

[ann_oneshot]
  t_max override: ub[:,1] = 15.02  (was 1.00)
  Model: ANN   h=96  L=3  +PCA bottleneck k=8
  internal: 5.3507e-03  LHS: 8.4410e-02  (3s)

── seed=456 ──

[pinn_al]
  t_max override: ub[:,1] = 15.02  (was 1.00)
  Model: PINN  h=96  L=3  K=3  +PCA bottleneck k=8
[v3 trainer] PINN+committee+PDE  budget=12  n0=4  k=4  rounds=2  total_ep=660  λ_max=0.002

─── Round 0/2 │ 4 scen = 800 rows ───
    coll=800  scales=[5.13e-01, 9.42e-02, 2.02e-01, 8.78e-01]
    → +4 scen  (total 8 = 1350 rows)

─── Round 1/2 │ 8 scen = 1350 rows ───
    coll=1500  scales=[3.07e+00, 1.70e-01, 9.77e-01, 3.84e+00]
    → +4 scen  (total 12 = 1625 rows)

─── Round 2/2 │ 12 scen = 1625 rows ───
    coll=1500  scales=[2.84e+00, 1.68e-01, 8.87e-01, 3.48e+00]

─── Final polish │ 300 ep ───
    ep   560  data=-4.386e-01  pde=4.074e-01  λ=0.0020  val_mse=5.637e-03

[Done v3]  43.0s  12 scen  1625 rows  val_mse=5.5929e-03
  internal: 4.0154e-03  LHS: 7.2748e-02  (43s)

[pinn_ic_coreset]
  t_max override: ub[:,1] = 15.02  (was 1.00)
  Model: PINN  h=96  L=3  K=3  +PCA bottleneck k=8
[v3 trainer] PINN+committee+PDE  budget=12  n0=4  k=4  rounds=2  total_ep=660  λ_max=0.002

─── Round 0/2 │ 4 scen = 800 rows ───
    coll=800  scales=[5.13e-01, 9.42e-02, 2.02e-01, 8.78e-01]
    → +4 scen  (total 8 = 1525 rows)

─── Round 1/2 │ 8 scen = 1525 rows ───
    coll=1500  scales=[8.27e-01, 1.87e-01, 8.46e-01, 3.71e+00]
    → +4 scen  (total 12 = 2100 rows)

─── Round 2/2 │ 12 scen = 2100 rows ───
    coll=1500  scales=[8.10e-01, 1.87e-01, 7.69e-01, 3.36e+00]

─── Final polish │ 300 ep ───
    ep   560  data=-4.483e-01  pde=3.189e-01  λ=0.0020  val_mse=5.563e-03

[Done v3]  45.9s  12 scen  2100 rows  val_mse=5.5196e-03
  internal: 3.7836e-03  LHS: 6.0942e-02  (46s)

[pinn_seqrand]
  t_max override: ub[:,1] = 15.02  (was 1.00)
  Model: PINN  h=96  L=3  K=3  +PCA bottleneck k=8
[v3 trainer] PINN+committee+PDE  budget=12  n0=4  k=4  rounds=2  total_ep=660  λ_max=0.002

─── Round 0/2 │ 4 scen = 800 rows ───
    coll=800  scales=[5.13e-01, 9.42e-02, 2.02e-01, 8.78e-01]
    → +4 scen  (total 8 = 1450 rows)

─── Round 1/2 │ 8 scen = 1450 rows ───
    coll=1500  scales=[5.04e-01, 1.02e-01, 2.17e-01, 9.67e-01]
    → +4 scen  (total 12 = 2175 rows)

─── Round 2/2 │ 12 scen = 2175 rows ───
    coll=1500  scales=[4.89e-01, 1.04e-01, 2.03e-01, 8.92e-01]

─── Final polish │ 300 ep ───
    ep   560  data=-4.362e-01  pde=4.565e-01  λ=0.0020  val_mse=1.310e-02

[Done v3]  41.8s  12 scen  2175 rows  val_mse=1.2929e-02
  internal: 3.3061e-02  LHS: 2.3047e-01  (42s)

[pinn_oneshot]
  t_max override: ub[:,1] = 15.02  (was 1.00)
  Model: PINN  h=96  L=3  K=3  +PCA bottleneck k=8
  internal: 9.6994e-03  LHS: 6.9969e-02  (42s)

[ann_al]
  t_max override: ub[:,1] = 15.02  (was 1.00)
  Model: ANN   h=96  L=3  +PCA bottleneck k=8
[v3 trainer] ANN  budget=12  n0=4  k=4  rounds=2  total_ep=660  λ_max=0.0

─── Round 0/2 │ 4 scen = 800 rows ───
    → +4 scen  (total 8 = 1325 rows)

─── Round 1/2 │ 8 scen = 1325 rows ───
    → +4 scen  (total 12 = 1575 rows)

─── Round 2/2 │ 12 scen = 1575 rows ───

─── Final polish │ 300 ep ───
    ep   560  data=4.861e-03  pde=0.000e+00  λ=0.0000  val_mse=6.612e-03

[Done v3]  5.6s  12 scen  1575 rows  val_mse=6.5837e-03
  internal: 6.1697e-03  LHS: 4.3022e-02  (6s)

[ann_oneshot]
  t_max override: ub[:,1] = 15.02  (was 1.00)
  Model: ANN   h=96  L=3  +PCA bottleneck k=8
  internal: 4.3448e-03  LHS: 9.0096e-02  (4s)

── seed=789 ──

[pinn_al]
  t_max override: ub[:,1] = 15.02  (was 1.00)
  Model: PINN  h=96  L=3  K=3  +PCA bottleneck k=8
[v3 trainer] PINN+committee+PDE  budget=12  n0=4  k=4  rounds=2  total_ep=660  λ_max=0.002

─── Round 0/2 │ 4 scen = 575 rows ───
    coll=575  scales=[8.88e-01, 8.40e-01, 2.03e-01, 1.34e+00]
    → +4 scen  (total 8 = 1425 rows)

─── Round 1/2 │ 8 scen = 1425 rows ───
    coll=1500  scales=[2.15e+00, 9.60e-01, 5.75e-01, 4.10e+00]
    → +4 scen  (total 12 = 1975 rows)

─── Round 2/2 │ 12 scen = 1975 rows ───
    coll=1500  scales=[2.12e+00, 9.18e-01, 5.22e-01, 3.72e+00]

─── Final polish │ 300 ep ───
    ep   560  data=-4.555e-01  pde=1.754e-01  λ=0.0020  val_mse=2.058e-03

[Done v3]  46.1s  12 scen  1975 rows  val_mse=2.0361e-03
  internal: 1.3788e-03  LHS: 5.2239e-02  (46s)

[pinn_ic_coreset]
  t_max override: ub[:,1] = 15.02  (was 1.00)
  Model: PINN  h=96  L=3  K=3  +PCA bottleneck k=8
[v3 trainer] PINN+committee+PDE  budget=12  n0=4  k=4  rounds=2  total_ep=660  λ_max=0.002

─── Round 0/2 │ 4 scen = 575 rows ───
    coll=575  scales=[8.88e-01, 8.40e-01, 2.03e-01, 1.34e+00]
    → +4 scen  (total 8 = 1450 rows)

─── Round 1/2 │ 8 scen = 1450 rows ───
    coll=1500  scales=[2.30e+00, 9.45e-01, 5.15e-01, 3.91e+00]
    → +4 scen  (total 12 = 1975 rows)

─── Round 2/2 │ 12 scen = 1975 rows ───
    coll=1500  scales=[2.27e+00, 9.09e-01, 4.71e-01, 3.57e+00]

─── Final polish │ 300 ep ───
    ep   560  data=-4.580e-01  pde=1.982e-01  λ=0.0020  val_mse=3.362e-03

[Done v3]  41.8s  12 scen  1975 rows  val_mse=3.3161e-03
  internal: 2.6115e-03  LHS: 6.0781e-02  (42s)

[pinn_seqrand]
  t_max override: ub[:,1] = 15.02  (was 1.00)
  Model: PINN  h=96  L=3  K=3  +PCA bottleneck k=8
[v3 trainer] PINN+committee+PDE  budget=12  n0=4  k=4  rounds=2  total_ep=660  λ_max=0.002

─── Round 0/2 │ 4 scen = 575 rows ───
    coll=575  scales=[8.88e-01, 8.40e-01, 2.03e-01, 1.34e+00]
    → +4 scen  (total 8 = 1175 rows)

─── Round 1/2 │ 8 scen = 1175 rows ───
    coll=1500  scales=[8.75e-01, 7.88e-01, 2.20e-01, 1.29e+00]
    → +4 scen  (total 12 = 1850 rows)

─── Round 2/2 │ 12 scen = 1850 rows ───
    coll=1500  scales=[8.40e-01, 7.38e-01, 2.04e-01, 1.18e+00]

─── Final polish │ 300 ep ───
    ep   560  data=-4.508e-01  pde=2.617e-01  λ=0.0020  val_mse=6.840e-03

[Done v3]  43.7s  12 scen  1850 rows  val_mse=6.7832e-03
  internal: 8.7382e-03  LHS: 1.1612e-01  (44s)

[pinn_oneshot]
  t_max override: ub[:,1] = 15.02  (was 1.00)
  Model: PINN  h=96  L=3  K=3  +PCA bottleneck k=8
  internal: 5.1656e-03  LHS: 7.4835e-02  (42s)

[ann_al]
  t_max override: ub[:,1] = 15.02  (was 1.00)
  Model: ANN   h=96  L=3  +PCA bottleneck k=8
[v3 trainer] ANN  budget=12  n0=4  k=4  rounds=2  total_ep=660  λ_max=0.0

─── Round 0/2 │ 4 scen = 575 rows ───
    → +4 scen  (total 8 = 1425 rows)

─── Round 1/2 │ 8 scen = 1425 rows ───
    → +4 scen  (total 12 = 1925 rows)

─── Round 2/2 │ 12 scen = 1925 rows ───

─── Final polish │ 300 ep ───
    ep   560  data=3.971e-03  pde=0.000e+00  λ=0.0000  val_mse=7.851e-03

[Done v3]  5.1s  12 scen  1925 rows  val_mse=7.8073e-03
  internal: 3.8410e-03  LHS: 8.0223e-02  (5s)

[ann_oneshot]
  t_max override: ub[:,1] = 15.02  (was 1.00)
  Model: ANN   h=96  L=3  +PCA bottleneck k=8
  internal: 9.2641e-03  LHS: 1.9336e-01  (3s)

── seed=1024 ──

[pinn_al]
  t_max override: ub[:,1] = 15.02  (was 1.00)
  Model: PINN  h=96  L=3  K=3  +PCA bottleneck k=8
[v3 trainer] PINN+committee+PDE  budget=12  n0=4  k=4  rounds=2  total_ep=660  λ_max=0.002

─── Round 0/2 │ 4 scen = 600 rows ───
    coll=600  scales=[1.92e-01, 3.37e-01, 1.29e-01, 2.23e+00]
    → +4 scen  (total 8 = 1600 rows)

─── Round 1/2 │ 8 scen = 1600 rows ───
    coll=1500  scales=[4.41e-01, 3.55e-01, 7.01e-01, 3.67e+00]
    → +4 scen  (total 12 = 1975 rows)

─── Round 2/2 │ 12 scen = 1975 rows ───
    coll=1500  scales=[4.27e-01, 3.42e-01, 6.48e-01, 3.35e+00]

─── Final polish │ 300 ep ───
    ep   560  data=-4.457e-01  pde=5.539e-01  λ=0.0020  val_mse=6.098e-03

[Done v3]  44.0s  12 scen  1975 rows  val_mse=5.9684e-03
  internal: 4.7409e-03  LHS: 4.6251e-02  (44s)

[pinn_ic_coreset]
  t_max override: ub[:,1] = 15.02  (was 1.00)
  Model: PINN  h=96  L=3  K=3  +PCA bottleneck k=8
[v3 trainer] PINN+committee+PDE  budget=12  n0=4  k=4  rounds=2  total_ep=660  λ_max=0.002

─── Round 0/2 │ 4 scen = 600 rows ───
    coll=600  scales=[1.92e-01, 3.37e-01, 1.29e-01, 2.23e+00]
    → +4 scen  (total 8 = 1575 rows)

─── Round 1/2 │ 8 scen = 1575 rows ───
    coll=1500  scales=[3.36e-01, 3.64e-01, 1.72e-01, 2.15e+00]
    → +4 scen  (total 12 = 2200 rows)

─── Round 2/2 │ 12 scen = 2200 rows ───
    coll=1500  scales=[3.46e-01, 3.49e-01, 1.65e-01, 1.96e+00]

─── Final polish │ 300 ep ───
    ep   560  data=-4.430e-01  pde=5.979e-01  λ=0.0020  val_mse=7.171e-03

[Done v3]  46.9s  12 scen  2200 rows  val_mse=6.9549e-03
  internal: 5.3283e-03  LHS: 4.7338e-02  (47s)

[pinn_seqrand]
  t_max override: ub[:,1] = 15.02  (was 1.00)
  Model: PINN  h=96  L=3  K=3  +PCA bottleneck k=8
[v3 trainer] PINN+committee+PDE  budget=12  n0=4  k=4  rounds=2  total_ep=660  λ_max=0.002

─── Round 0/2 │ 4 scen = 600 rows ───
    coll=600  scales=[1.92e-01, 3.37e-01, 1.29e-01, 2.23e+00]
    → +4 scen  (total 8 = 1250 rows)

─── Round 1/2 │ 8 scen = 1250 rows ───
    coll=1500  scales=[2.19e-01, 3.30e-01, 1.46e-01, 2.05e+00]
    → +4 scen  (total 12 = 1875 rows)

─── Round 2/2 │ 12 scen = 1875 rows ───
    coll=1500  scales=[2.08e-01, 3.10e-01, 1.41e-01, 1.87e+00]

─── Final polish │ 300 ep ───
    ep   560  data=-4.561e-01  pde=7.837e-01  λ=0.0020  val_mse=1.191e-02

[Done v3]  42.0s  12 scen  1875 rows  val_mse=1.1473e-02
  internal: 1.2117e-02  LHS: 7.9515e-02  (42s)

[pinn_oneshot]
  t_max override: ub[:,1] = 15.02  (was 1.00)
  Model: PINN  h=96  L=3  K=3  +PCA bottleneck k=8
  internal: 1.7244e-02  LHS: 6.4015e-02  (45s)

[ann_al]
  t_max override: ub[:,1] = 15.02  (was 1.00)
  Model: ANN   h=96  L=3  +PCA bottleneck k=8
[v3 trainer] ANN  budget=12  n0=4  k=4  rounds=2  total_ep=660  λ_max=0.0

─── Round 0/2 │ 4 scen = 600 rows ───
    → +4 scen  (total 8 = 1200 rows)

─── Round 1/2 │ 8 scen = 1200 rows ───
    → +4 scen  (total 12 = 1925 rows)

─── Round 2/2 │ 12 scen = 1925 rows ───

─── Final polish │ 300 ep ───
    ep   560  data=4.504e-03  pde=0.000e+00  λ=0.0000  val_mse=5.612e-03

[Done v3]  5.9s  12 scen  1925 rows  val_mse=5.5646e-03
  internal: 2.8858e-03  LHS: 8.0836e-02  (6s)

[ann_oneshot]
  t_max override: ub[:,1] = 15.02  (was 1.00)
  Model: ANN   h=96  L=3  +PCA bottleneck k=8
  internal: 9.0947e-03  LHS: 1.9200e-01  (4s)

======================================================================
BUDGET = 30 scenarios
======================================================================

── seed=42 ──

[pinn_al]
  t_max override: ub[:,1] = 15.02  (was 1.00)
  Model: PINN  h=128  L=3  K=3  +PCA bottleneck k=8
[v3 trainer] PINN+committee+PDE  budget=30  n0=4  k=4  rounds=7  total_ep=1260  λ_max=0.002

─── Round 0/7 │ 4 scen = 750 rows ───
    coll=750  scales=[9.33e-01, 8.98e-01, 2.96e-01, 1.53e+00]
    → +4 scen  (total 8 = 1250 rows)

─── Round 1/7 │ 8 scen = 1250 rows ───
    coll=1500  scales=[2.85e+00, 9.23e-01, 1.46e+00, 4.22e+00]
    → +4 scen  (total 12 = 1525 rows)

─── Round 2/7 │ 12 scen = 1525 rows ───
    coll=1500  scales=[2.67e+00, 8.80e-01, 1.32e+00, 3.81e+00]
    → +4 scen  (total 16 = 1875 rows)

─── Round 3/7 │ 16 scen = 1875 rows ───
    coll=1500  scales=[2.63e+00, 8.80e-01, 1.20e+00, 3.44e+00]
    → +4 scen  (total 20 = 2250 rows)

─── Round 4/7 │ 20 scen = 2250 rows ───
    coll=1500  scales=[2.61e+00, 9.53e-01, 1.09e+00, 3.11e+00]
    → +4 scen  (total 24 = 2825 rows)

─── Round 5/7 │ 24 scen = 2825 rows ───
    coll=1500  scales=[2.44e+00, 8.90e-01, 9.91e-01, 2.82e+00]
    → +4 scen  (total 28 = 3225 rows)

─── Round 6/7 │ 28 scen = 3225 rows ───
    coll=1500  scales=[2.27e+00, 8.31e-01, 8.98e-01, 2.55e+00]
    → +4 scen  (total 32 = 3750 rows)

─── Round 7/7 │ 32 scen = 3750 rows ───
    coll=1500  scales=[2.12e+00, 7.73e-01, 8.14e-01, 2.30e+00]

─── Final polish │ 300 ep ───
    ep  1160  data=-4.522e-01  pde=1.352e-01  λ=0.0020  val_mse=1.666e-03

[Done v3]  121.2s  32 scen  3750 rows  val_mse=1.6718e-03
  internal: 1.7687e-03  LHS: 5.0603e-02  (121s)

[pinn_ic_coreset]
  t_max override: ub[:,1] = 15.02  (was 1.00)
  Model: PINN  h=128  L=3  K=3  +PCA bottleneck k=8
[v3 trainer] PINN+committee+PDE  budget=30  n0=4  k=4  rounds=7  total_ep=1260  λ_max=0.002

─── Round 0/7 │ 4 scen = 750 rows ───
    coll=750  scales=[9.33e-01, 8.98e-01, 2.96e-01, 1.53e+00]
    → +4 scen  (total 8 = 1625 rows)

─── Round 1/7 │ 8 scen = 1625 rows ───
    coll=1500  scales=[4.00e+00, 9.15e-01, 1.82e+00, 3.96e+00]
    → +4 scen  (total 12 = 2125 rows)

─── Round 2/7 │ 12 scen = 2125 rows ───
    coll=1500  scales=[3.76e+00, 9.28e-01, 1.64e+00, 3.57e+00]
    → +4 scen  (total 16 = 2525 rows)

─── Round 3/7 │ 16 scen = 2525 rows ───
    coll=1500  scales=[3.58e+00, 9.11e-01, 1.50e+00, 3.25e+00]
    → +4 scen  (total 20 = 3300 rows)

─── Round 4/7 │ 20 scen = 3300 rows ───
    coll=1500  scales=[3.44e+00, 9.30e-01, 1.36e+00, 2.94e+00]
    → +4 scen  (total 24 = 3925 rows)

─── Round 5/7 │ 24 scen = 3925 rows ───
    coll=1500  scales=[3.19e+00, 8.66e-01, 1.23e+00, 2.65e+00]
    → +4 scen  (total 28 = 4400 rows)

─── Round 6/7 │ 28 scen = 4400 rows ───
    coll=1500  scales=[3.07e+00, 8.51e-01, 1.11e+00, 2.40e+00]
    → +4 scen  (total 32 = 4875 rows)

─── Round 7/7 │ 32 scen = 4875 rows ───
    coll=1500  scales=[2.83e+00, 7.92e-01, 1.01e+00, 2.17e+00]

─── Final polish │ 300 ep ───
    ep  1160  data=-4.709e-01  pde=1.217e-01  λ=0.0020  val_mse=1.756e-03

[Done v3]  124.1s  32 scen  4875 rows  val_mse=1.7529e-03
  internal: 1.6988e-03  LHS: 4.9032e-02  (124s)

[pinn_seqrand]
  t_max override: ub[:,1] = 15.02  (was 1.00)
  Model: PINN  h=128  L=3  K=3  +PCA bottleneck k=8
[v3 trainer] PINN+committee+PDE  budget=30  n0=4  k=4  rounds=7  total_ep=1260  λ_max=0.002

─── Round 0/7 │ 4 scen = 750 rows ───
    coll=750  scales=[9.33e-01, 8.98e-01, 2.96e-01, 1.53e+00]
    → +4 scen  (total 8 = 1375 rows)

─── Round 1/7 │ 8 scen = 1375 rows ───
    coll=1500  scales=[9.11e-01, 9.23e-01, 3.27e-01, 1.58e+00]
    → +4 scen  (total 12 = 1900 rows)

─── Round 2/7 │ 12 scen = 1900 rows ───
    coll=1500  scales=[8.86e-01, 8.73e-01, 3.05e-01, 1.45e+00]
    → +4 scen  (total 16 = 2625 rows)

─── Round 3/7 │ 16 scen = 2625 rows ───
    coll=1500  scales=[8.22e-01, 8.17e-01, 2.87e-01, 1.32e+00]
    → +4 scen  (total 20 = 3200 rows)

─── Round 4/7 │ 20 scen = 3200 rows ───
    coll=1500  scales=[8.08e-01, 7.66e-01, 2.64e-01, 1.20e+00]
    → +4 scen  (total 24 = 3675 rows)

─── Round 5/7 │ 24 scen = 3675 rows ───
    coll=1500  scales=[7.97e-01, 7.38e-01, 2.44e-01, 1.10e+00]
    → +4 scen  (total 28 = 4175 rows)

─── Round 6/7 │ 28 scen = 4175 rows ───
    coll=1500  scales=[8.66e-01, 7.42e-01, 2.28e-01, 1.00e+00]
    → +4 scen  (total 32 = 4750 rows)

─── Round 7/7 │ 32 scen = 4750 rows ───
    coll=1500  scales=[8.24e-01, 6.92e-01, 2.10e-01, 9.13e-01]

─── Final polish │ 300 ep ───
    ep  1160  data=-4.722e-01  pde=2.075e-01  λ=0.0020  val_mse=1.109e-02

[Done v3]  122.8s  32 scen  4750 rows  val_mse=1.1125e-02
  internal: 8.0863e-03  LHS: 1.1105e-01  (123s)

[pinn_oneshot]
  t_max override: ub[:,1] = 15.02  (was 1.00)
  Model: PINN  h=128  L=3  K=3  +PCA bottleneck k=8
  internal: 7.0513e-03  LHS: 8.2812e-02  (130s)

[ann_al]
  t_max override: ub[:,1] = 15.02  (was 1.00)
  Model: ANN   h=128  L=3  +PCA bottleneck k=8
[v3 trainer] ANN  budget=30  n0=4  k=4  rounds=7  total_ep=1260  λ_max=0.0

─── Round 0/7 │ 4 scen = 750 rows ───
    → +4 scen  (total 8 = 1175 rows)

─── Round 1/7 │ 8 scen = 1175 rows ───
    → +4 scen  (total 12 = 2125 rows)

─── Round 2/7 │ 12 scen = 2125 rows ───
    → +4 scen  (total 16 = 2575 rows)

─── Round 3/7 │ 16 scen = 2575 rows ───
    → +4 scen  (total 20 = 3025 rows)

─── Round 4/7 │ 20 scen = 3025 rows ───
    → +4 scen  (total 24 = 3700 rows)

─── Round 5/7 │ 24 scen = 3700 rows ───
    → +4 scen  (total 28 = 4125 rows)

─── Round 6/7 │ 28 scen = 4125 rows ───
    → +4 scen  (total 32 = 4450 rows)

─── Round 7/7 │ 32 scen = 4450 rows ───

─── Final polish │ 300 ep ───
    ep  1160  data=1.334e-03  pde=0.000e+00  λ=0.0000  val_mse=1.346e-03

[Done v3]  20.6s  32 scen  4450 rows  val_mse=1.3432e-03
  internal: 1.1183e-03  LHS: 3.3633e-02  (21s)

[ann_oneshot]
  t_max override: ub[:,1] = 15.02  (was 1.00)
  Model: ANN   h=128  L=3  +PCA bottleneck k=8
  internal: 1.0751e-02  LHS: 1.6667e-01  (19s)

── seed=123 ──

[pinn_al]
  t_max override: ub[:,1] = 15.02  (was 1.00)
  Model: PINN  h=128  L=3  K=3  +PCA bottleneck k=8
[v3 trainer] PINN+committee+PDE  budget=30  n0=4  k=4  rounds=7  total_ep=1260  λ_max=0.002

─── Round 0/7 │ 4 scen = 525 rows ───
    coll=525  scales=[7.28e-01, 2.15e-01, 4.85e-01, 1.78e+00]
    → +4 scen  (total 8 = 1050 rows)

─── Round 1/7 │ 8 scen = 1050 rows ───
    coll=1500  scales=[2.21e+01, 3.12e-01, 1.67e+00, 4.79e+00]
    → +4 scen  (total 12 = 1275 rows)

─── Round 2/7 │ 12 scen = 1275 rows ───
    coll=1500  scales=[2.01e+01, 3.03e-01, 1.51e+00, 4.33e+00]
    → +4 scen  (total 16 = 1650 rows)

─── Round 3/7 │ 16 scen = 1650 rows ───
    coll=1500  scales=[1.82e+01, 2.91e-01, 1.37e+00, 3.91e+00]
    → +4 scen  (total 20 = 2200 rows)

─── Round 4/7 │ 20 scen = 2200 rows ───
    coll=1500  scales=[1.67e+01, 2.81e-01, 1.24e+00, 3.54e+00]
    → +4 scen  (total 24 = 2750 rows)

─── Round 5/7 │ 24 scen = 2750 rows ───
    coll=1500  scales=[1.52e+01, 2.76e-01, 1.12e+00, 3.19e+00]
    → +4 scen  (total 28 = 3175 rows)

─── Round 6/7 │ 28 scen = 3175 rows ───
    coll=1500  scales=[1.39e+01, 2.84e-01, 1.01e+00, 2.88e+00]
    → +4 scen  (total 32 = 3850 rows)

─── Round 7/7 │ 32 scen = 3850 rows ───
    coll=1500  scales=[1.27e+01, 2.73e-01, 9.14e-01, 2.60e+00]

─── Final polish │ 300 ep ───
    ep  1160  data=-4.688e-01  pde=1.359e-01  λ=0.0020  val_mse=1.374e-03

[Done v3]  122.2s  32 scen  3850 rows  val_mse=1.3672e-03
  internal: 1.2323e-03  LHS: 3.0875e-02  (122s)

[pinn_ic_coreset]
  t_max override: ub[:,1] = 15.02  (was 1.00)
  Model: PINN  h=128  L=3  K=3  +PCA bottleneck k=8
[v3 trainer] PINN+committee+PDE  budget=30  n0=4  k=4  rounds=7  total_ep=1260  λ_max=0.002

─── Round 0/7 │ 4 scen = 525 rows ───
    coll=525  scales=[7.28e-01, 2.15e-01, 4.85e-01, 1.78e+00]
    → +4 scen  (total 8 = 1400 rows)

─── Round 1/7 │ 8 scen = 1400 rows ───
    coll=1500  scales=[2.34e+01, 3.15e-01, 2.67e+00, 4.67e+00]
    → +4 scen  (total 12 = 2075 rows)

─── Round 2/7 │ 12 scen = 2075 rows ───
    coll=1500  scales=[2.14e+01, 3.50e-01, 2.41e+00, 4.23e+00]
    → +4 scen  (total 16 = 2850 rows)

─── Round 3/7 │ 16 scen = 2850 rows ───
    coll=1500  scales=[1.95e+01, 3.43e-01, 2.18e+00, 3.82e+00]
    → +4 scen  (total 20 = 3425 rows)

─── Round 4/7 │ 20 scen = 3425 rows ───
    coll=1500  scales=[1.77e+01, 3.34e-01, 1.97e+00, 3.44e+00]
    → +4 scen  (total 24 = 4225 rows)

─── Round 5/7 │ 24 scen = 4225 rows ───
    coll=1500  scales=[1.61e+01, 3.23e-01, 1.77e+00, 3.11e+00]
    → +4 scen  (total 28 = 4650 rows)

─── Round 6/7 │ 28 scen = 4650 rows ───
    coll=1500  scales=[1.47e+01, 3.42e-01, 1.61e+00, 2.82e+00]
    → +4 scen  (total 32 = 4975 rows)

─── Round 7/7 │ 32 scen = 4975 rows ───
    coll=1500  scales=[1.34e+01, 3.28e-01, 1.45e+00, 2.54e+00]

─── Final polish │ 300 ep ───
    ep  1160  data=-4.707e-01  pde=1.217e-01  λ=0.0020  val_mse=1.559e-03

[Done v3]  125.2s  32 scen  4975 rows  val_mse=1.5564e-03
  internal: 1.7701e-03  LHS: 4.9085e-02  (125s)

[pinn_seqrand]
  t_max override: ub[:,1] = 15.02  (was 1.00)
  Model: PINN  h=128  L=3  K=3  +PCA bottleneck k=8
[v3 trainer] PINN+committee+PDE  budget=30  n0=4  k=4  rounds=7  total_ep=1260  λ_max=0.002

─── Round 0/7 │ 4 scen = 525 rows ───
    coll=525  scales=[7.28e-01, 2.15e-01, 4.85e-01, 1.78e+00]
    → +4 scen  (total 8 = 900 rows)

─── Round 1/7 │ 8 scen = 900 rows ───
    coll=1500  scales=[6.94e-01, 2.15e-01, 4.52e-01, 1.69e+00]
    → +4 scen  (total 12 = 1825 rows)

─── Round 2/7 │ 12 scen = 1825 rows ───
    coll=1500  scales=[6.53e-01, 2.05e-01, 4.26e-01, 1.54e+00]
    → +4 scen  (total 16 = 2375 rows)

─── Round 3/7 │ 16 scen = 2375 rows ───
    coll=1500  scales=[8.31e-01, 3.22e-01, 4.00e-01, 1.41e+00]
    → +4 scen  (total 20 = 3100 rows)

─── Round 4/7 │ 20 scen = 3100 rows ───
    coll=1500  scales=[8.11e-01, 3.14e-01, 3.66e-01, 1.28e+00]
    → +4 scen  (total 24 = 3925 rows)

─── Round 5/7 │ 24 scen = 3925 rows ───
    coll=1500  scales=[7.87e-01, 3.12e-01, 3.39e-01, 1.17e+00]
    → +4 scen  (total 28 = 4400 rows)

─── Round 6/7 │ 28 scen = 4400 rows ───
    coll=1500  scales=[7.34e-01, 2.93e-01, 3.15e-01, 1.07e+00]
    → +4 scen  (total 32 = 5125 rows)

─── Round 7/7 │ 32 scen = 5125 rows ───
    coll=1500  scales=[7.15e-01, 2.88e-01, 2.89e-01, 9.75e-01]

─── Final polish │ 300 ep ───
    ep  1160  data=-4.676e-01  pde=2.538e-01  λ=0.0020  val_mse=4.138e-03

[Done v3]  125.4s  32 scen  5125 rows  val_mse=4.1342e-03
  internal: 5.3475e-03  LHS: 6.9293e-02  (125s)

[pinn_oneshot]
  t_max override: ub[:,1] = 15.02  (was 1.00)
  Model: PINN  h=128  L=3  K=3  +PCA bottleneck k=8
  internal: 6.2439e-03  LHS: 7.2123e-02  (127s)

[ann_al]
  t_max override: ub[:,1] = 15.02  (was 1.00)
  Model: ANN   h=128  L=3  +PCA bottleneck k=8
[v3 trainer] ANN  budget=30  n0=4  k=4  rounds=7  total_ep=1260  λ_max=0.0

─── Round 0/7 │ 4 scen = 525 rows ───
    → +4 scen  (total 8 = 1450 rows)

─── Round 1/7 │ 8 scen = 1450 rows ───
    → +4 scen  (total 12 = 1750 rows)

─── Round 2/7 │ 12 scen = 1750 rows ───
    → +4 scen  (total 16 = 2375 rows)

─── Round 3/7 │ 16 scen = 2375 rows ───
    → +4 scen  (total 20 = 3425 rows)

─── Round 4/7 │ 20 scen = 3425 rows ───
    → +4 scen  (total 24 = 4025 rows)

─── Round 5/7 │ 24 scen = 4025 rows ───
    → +4 scen  (total 28 = 4350 rows)

─── Round 6/7 │ 28 scen = 4350 rows ───
    → +4 scen  (total 32 = 5000 rows)

─── Round 7/7 │ 32 scen = 5000 rows ───

─── Final polish │ 300 ep ───
    ep  1160  data=2.047e-03  pde=0.000e+00  λ=0.0000  val_mse=2.082e-03

[Done v3]  22.1s  32 scen  5000 rows  val_mse=2.0749e-03
  internal: 7.6703e-04  LHS: 8.7055e-02  (22s)

[ann_oneshot]
  t_max override: ub[:,1] = 15.02  (was 1.00)
  Model: ANN   h=128  L=3  +PCA bottleneck k=8
  internal: 1.2122e-02  LHS: 3.0687e-01  (18s)

── seed=456 ──

[pinn_al]
  t_max override: ub[:,1] = 15.02  (was 1.00)
  Model: PINN  h=128  L=3  K=3  +PCA bottleneck k=8
[v3 trainer] PINN+committee+PDE  budget=30  n0=4  k=4  rounds=7  total_ep=1260  λ_max=0.002

─── Round 0/7 │ 4 scen = 800 rows ───
    coll=800  scales=[5.84e-01, 5.60e-01, 2.96e+00, 1.64e+00]
    → +4 scen  (total 8 = 1800 rows)

─── Round 1/7 │ 8 scen = 1800 rows ───
    coll=1500  scales=[6.19e-01, 6.48e-01, 2.75e+00, 1.78e+00]
    → +4 scen  (total 12 = 2425 rows)

─── Round 2/7 │ 12 scen = 2425 rows ───
    coll=1500  scales=[6.09e-01, 6.15e-01, 2.49e+00, 1.62e+00]
    → +4 scen  (total 16 = 2650 rows)

─── Round 3/7 │ 16 scen = 2650 rows ───
    coll=1500  scales=[5.86e-01, 5.94e-01, 2.26e+00, 1.48e+00]
    → +4 scen  (total 20 = 2975 rows)

─── Round 4/7 │ 20 scen = 2975 rows ───
    coll=1500  scales=[5.50e-01, 5.56e-01, 2.04e+00, 1.35e+00]
    → +4 scen  (total 24 = 3475 rows)

─── Round 5/7 │ 24 scen = 3475 rows ───
    coll=1500  scales=[5.19e-01, 5.18e-01, 1.85e+00, 1.23e+00]
    → +4 scen  (total 28 = 4150 rows)

─── Round 6/7 │ 28 scen = 4150 rows ───
    coll=1500  scales=[4.99e-01, 4.87e-01, 1.67e+00, 1.13e+00]
    → +4 scen  (total 32 = 4725 rows)

─── Round 7/7 │ 32 scen = 4725 rows ───
    coll=1500  scales=[4.77e-01, 4.56e-01, 1.52e+00, 1.03e+00]

─── Final polish │ 300 ep ───
    ep  1160  data=-4.661e-01  pde=2.824e-01  λ=0.0020  val_mse=2.441e-03

[Done v3]  129.9s  32 scen  4725 rows  val_mse=2.4073e-03
  internal: 2.9793e-03  LHS: 4.1447e-02  (130s)

[pinn_ic_coreset]
  t_max override: ub[:,1] = 15.02  (was 1.00)
  Model: PINN  h=128  L=3  K=3  +PCA bottleneck k=8
[v3 trainer] PINN+committee+PDE  budget=30  n0=4  k=4  rounds=7  total_ep=1260  λ_max=0.002

─── Round 0/7 │ 4 scen = 800 rows ───
    coll=800  scales=[5.84e-01, 5.60e-01, 2.96e+00, 1.64e+00]
    → +4 scen  (total 8 = 1525 rows)

─── Round 1/7 │ 8 scen = 1525 rows ───
    coll=1500  scales=[6.14e-01, 6.34e-01, 2.75e+00, 1.78e+00]
    → +4 scen  (total 12 = 2100 rows)

─── Round 2/7 │ 12 scen = 2100 rows ───
    coll=1500  scales=[6.61e-01, 6.06e-01, 2.50e+00, 1.64e+00]
    → +4 scen  (total 16 = 2700 rows)

─── Round 3/7 │ 16 scen = 2700 rows ───
    coll=1500  scales=[6.47e-01, 6.04e-01, 2.26e+00, 1.50e+00]
    → +4 scen  (total 20 = 3175 rows)

─── Round 4/7 │ 20 scen = 3175 rows ───
    coll=1500  scales=[6.66e-01, 5.99e-01, 2.05e+00, 1.37e+00]
    → +4 scen  (total 24 = 4125 rows)

─── Round 5/7 │ 24 scen = 4125 rows ───
    coll=1500  scales=[6.54e-01, 6.30e-01, 1.87e+00, 1.26e+00]
    → +4 scen  (total 28 = 4925 rows)

─── Round 6/7 │ 28 scen = 4925 rows ───
    coll=1500  scales=[6.22e-01, 5.94e-01, 1.70e+00, 1.15e+00]
    → +4 scen  (total 32 = 5375 rows)

─── Round 7/7 │ 32 scen = 5375 rows ───
    coll=1500  scales=[5.89e-01, 5.56e-01, 1.53e+00, 1.05e+00]

─── Final polish │ 300 ep ───
    ep  1160  data=-4.709e-01  pde=1.899e-01  λ=0.0020  val_mse=2.367e-03

[Done v3]  125.9s  32 scen  5375 rows  val_mse=2.3529e-03
  internal: 2.4718e-03  LHS: 5.2945e-02  (126s)

[pinn_seqrand]
  t_max override: ub[:,1] = 15.02  (was 1.00)
  Model: PINN  h=128  L=3  K=3  +PCA bottleneck k=8
[v3 trainer] PINN+committee+PDE  budget=30  n0=4  k=4  rounds=7  total_ep=1260  λ_max=0.002

─── Round 0/7 │ 4 scen = 800 rows ───
    coll=800  scales=[5.84e-01, 5.60e-01, 2.96e+00, 1.64e+00]
    → +4 scen  (total 8 = 1450 rows)

─── Round 1/7 │ 8 scen = 1450 rows ───
    coll=1500  scales=[5.64e-01, 5.42e-01, 2.75e+00, 1.77e+00]
    → +4 scen  (total 12 = 2175 rows)

─── Round 2/7 │ 12 scen = 2175 rows ───
    coll=1500  scales=[5.69e-01, 5.15e-01, 2.48e+00, 1.61e+00]
    → +4 scen  (total 16 = 2600 rows)

─── Round 3/7 │ 16 scen = 2600 rows ───
    coll=1500  scales=[5.49e-01, 4.89e-01, 2.25e+00, 1.47e+00]
    → +4 scen  (total 20 = 3225 rows)

─── Round 4/7 │ 20 scen = 3225 rows ───
    coll=1500  scales=[5.29e-01, 5.20e-01, 2.04e+00, 1.34e+00]
    → +4 scen  (total 24 = 3775 rows)

─── Round 5/7 │ 24 scen = 3775 rows ───
    coll=1500  scales=[5.40e-01, 4.99e-01, 1.84e+00, 1.22e+00]
    → +4 scen  (total 28 = 4425 rows)

─── Round 6/7 │ 28 scen = 4425 rows ───
    coll=1500  scales=[6.43e-01, 5.27e-01, 1.67e+00, 1.12e+00]
    → +4 scen  (total 32 = 4975 rows)

─── Round 7/7 │ 32 scen = 4975 rows ───
    coll=1500  scales=[6.13e-01, 4.97e-01, 1.52e+00, 1.02e+00]

─── Final polish │ 300 ep ───
    ep  1160  data=-4.722e-01  pde=1.891e-01  λ=0.0020  val_mse=2.692e-03

[Done v3]  124.0s  32 scen  4975 rows  val_mse=2.6800e-03
  internal: 3.9879e-03  LHS: 6.3397e-02  (124s)

[pinn_oneshot]
  t_max override: ub[:,1] = 15.02  (was 1.00)
  Model: PINN  h=128  L=3  K=3  +PCA bottleneck k=8
  internal: 4.4306e-03  LHS: 3.2753e-02  (131s)

[ann_al]
  t_max override: ub[:,1] = 15.02  (was 1.00)
  Model: ANN   h=128  L=3  +PCA bottleneck k=8
[v3 trainer] ANN  budget=30  n0=4  k=4  rounds=7  total_ep=1260  λ_max=0.0

─── Round 0/7 │ 4 scen = 800 rows ───
    → +4 scen  (total 8 = 1200 rows)

─── Round 1/7 │ 8 scen = 1200 rows ───
    → +4 scen  (total 12 = 2550 rows)

─── Round 2/7 │ 12 scen = 2550 rows ───
    → +4 scen  (total 16 = 3000 rows)

─── Round 3/7 │ 16 scen = 3000 rows ───
    → +4 scen  (total 20 = 3400 rows)

─── Round 4/7 │ 20 scen = 3400 rows ───
    → +4 scen  (total 24 = 3800 rows)

─── Round 5/7 │ 24 scen = 3800 rows ───
    → +4 scen  (total 28 = 4250 rows)

─── Round 6/7 │ 28 scen = 4250 rows ───
    → +4 scen  (total 32 = 4750 rows)

─── Round 7/7 │ 32 scen = 4750 rows ───

─── Final polish │ 300 ep ───
    ep  1160  data=1.366e-03  pde=0.000e+00  λ=0.0000  val_mse=1.410e-03

[Done v3]  22.1s  32 scen  4750 rows  val_mse=1.4075e-03
  internal: 9.5839e-04  LHS: 4.2688e-02  (22s)

[ann_oneshot]
  t_max override: ub[:,1] = 15.02  (was 1.00)
  Model: ANN   h=128  L=3  +PCA bottleneck k=8
  internal: 3.3099e-03  LHS: 3.5044e-02  (19s)

── seed=789 ──

[pinn_al]
  t_max override: ub[:,1] = 15.02  (was 1.00)
  Model: PINN  h=128  L=3  K=3  +PCA bottleneck k=8
[v3 trainer] PINN+committee+PDE  budget=30  n0=4  k=4  rounds=7  total_ep=1260  λ_max=0.002

─── Round 0/7 │ 4 scen = 575 rows ───
    coll=575  scales=[6.27e-01, 4.47e-01, 3.54e-01, 1.33e+00]
    → +4 scen  (total 8 = 1525 rows)

─── Round 1/7 │ 8 scen = 1525 rows ───
    coll=1500  scales=[1.43e+00, 5.41e-01, 2.03e+00, 5.41e+00]
    → +4 scen  (total 12 = 1975 rows)

─── Round 2/7 │ 12 scen = 1975 rows ───
    coll=1500  scales=[1.46e+00, 5.36e-01, 1.83e+00, 4.91e+00]
    → +4 scen  (total 16 = 2425 rows)

─── Round 3/7 │ 16 scen = 2425 rows ───
    coll=1500  scales=[1.37e+00, 5.10e-01, 1.66e+00, 4.44e+00]
    → +4 scen  (total 20 = 2775 rows)

─── Round 4/7 │ 20 scen = 2775 rows ───
    coll=1500  scales=[1.30e+00, 4.82e-01, 1.50e+00, 4.00e+00]
    → +4 scen  (total 24 = 3450 rows)

─── Round 5/7 │ 24 scen = 3450 rows ───
    coll=1500  scales=[1.23e+00, 4.67e-01, 1.36e+00, 3.62e+00]
    → +4 scen  (total 28 = 3925 rows)

─── Round 6/7 │ 28 scen = 3925 rows ───
    coll=1500  scales=[1.24e+00, 4.85e-01, 1.24e+00, 3.28e+00]
    → +4 scen  (total 32 = 4625 rows)

─── Round 7/7 │ 32 scen = 4625 rows ───
    coll=1500  scales=[1.17e+00, 4.56e-01, 1.12e+00, 2.96e+00]

─── Final polish │ 300 ep ───
    ep  1160  data=-4.664e-01  pde=1.736e-01  λ=0.0020  val_mse=1.329e-03

[Done v3]  129.2s  32 scen  4625 rows  val_mse=1.3158e-03
  internal: 1.4248e-03  LHS: 4.6178e-02  (129s)

[pinn_ic_coreset]
  t_max override: ub[:,1] = 15.02  (was 1.00)
  Model: PINN  h=128  L=3  K=3  +PCA bottleneck k=8
[v3 trainer] PINN+committee+PDE  budget=30  n0=4  k=4  rounds=7  total_ep=1260  λ_max=0.002

─── Round 0/7 │ 4 scen = 575 rows ───
    coll=575  scales=[6.27e-01, 4.47e-01, 3.54e-01, 1.33e+00]
    → +4 scen  (total 8 = 1450 rows)

─── Round 1/7 │ 8 scen = 1450 rows ───
    coll=1500  scales=[1.77e+00, 5.49e-01, 2.01e+00, 5.33e+00]
    → +4 scen  (total 12 = 1975 rows)

─── Round 2/7 │ 12 scen = 1975 rows ───
    coll=1500  scales=[1.74e+00, 5.49e-01, 1.82e+00, 4.84e+00]
    → +4 scen  (total 16 = 3050 rows)

─── Round 3/7 │ 16 scen = 3050 rows ───
    coll=1500  scales=[1.66e+00, 5.30e-01, 1.64e+00, 4.37e+00]
    → +4 scen  (total 20 = 3350 rows)

─── Round 4/7 │ 20 scen = 3350 rows ───
    coll=1500  scales=[1.56e+00, 4.98e-01, 1.48e+00, 3.94e+00]
    → +4 scen  (total 24 = 3950 rows)

─── Round 5/7 │ 24 scen = 3950 rows ───
    coll=1500  scales=[1.45e+00, 4.79e-01, 1.34e+00, 3.56e+00]
    → +4 scen  (total 28 = 4675 rows)

─── Round 6/7 │ 28 scen = 4675 rows ───
    coll=1500  scales=[1.37e+00, 4.56e-01, 1.21e+00, 3.21e+00]
    → +4 scen  (total 32 = 5175 rows)

─── Round 7/7 │ 32 scen = 5175 rows ───
    coll=1500  scales=[1.29e+00, 4.37e-01, 1.10e+00, 2.90e+00]

─── Final polish │ 300 ep ───
    ep  1160  data=-4.708e-01  pde=1.753e-01  λ=0.0020  val_mse=1.732e-03

[Done v3]  128.4s  32 scen  5175 rows  val_mse=1.7259e-03
  internal: 1.3929e-03  LHS: 5.2271e-02  (128s)

[pinn_seqrand]
  t_max override: ub[:,1] = 15.02  (was 1.00)
  Model: PINN  h=128  L=3  K=3  +PCA bottleneck k=8
[v3 trainer] PINN+committee+PDE  budget=30  n0=4  k=4  rounds=7  total_ep=1260  λ_max=0.002

─── Round 0/7 │ 4 scen = 575 rows ───
    coll=575  scales=[6.27e-01, 4.47e-01, 3.54e-01, 1.33e+00]
    → +4 scen  (total 8 = 1175 rows)

─── Round 1/7 │ 8 scen = 1175 rows ───
    coll=1500  scales=[5.87e-01, 4.35e-01, 3.69e-01, 1.40e+00]
    → +4 scen  (total 12 = 1850 rows)

─── Round 2/7 │ 12 scen = 1850 rows ───
    coll=1500  scales=[5.49e-01, 4.10e-01, 3.48e-01, 1.28e+00]
    → +4 scen  (total 16 = 2550 rows)

─── Round 3/7 │ 16 scen = 2550 rows ───
    coll=1500  scales=[5.85e-01, 3.98e-01, 3.31e-01, 1.18e+00]
    → +4 scen  (total 20 = 3100 rows)

─── Round 4/7 │ 20 scen = 3100 rows ───
    coll=1500  scales=[5.79e-01, 3.78e-01, 3.04e-01, 1.07e+00]
    → +4 scen  (total 24 = 3525 rows)

─── Round 5/7 │ 24 scen = 3525 rows ───
    coll=1500  scales=[5.61e-01, 3.53e-01, 2.78e-01, 9.74e-01]
    → +4 scen  (total 28 = 4100 rows)

─── Round 6/7 │ 28 scen = 4100 rows ───
    coll=1500  scales=[5.43e-01, 3.39e-01, 2.58e-01, 8.89e-01]
    → +4 scen  (total 32 = 4675 rows)

─── Round 7/7 │ 32 scen = 4675 rows ───
    coll=1500  scales=[5.24e-01, 3.18e-01, 2.37e-01, 8.10e-01]

─── Final polish │ 300 ep ───
    ep  1160  data=-4.697e-01  pde=2.492e-01  λ=0.0020  val_mse=4.162e-03

[Done v3]  125.0s  32 scen  4675 rows  val_mse=4.1336e-03
  internal: 3.6980e-03  LHS: 9.5481e-02  (125s)

[pinn_oneshot]
  t_max override: ub[:,1] = 15.02  (was 1.00)
  Model: PINN  h=128  L=3  K=3  +PCA bottleneck k=8
  internal: 5.7465e-03  LHS: 1.1546e-01  (132s)

[ann_al]
  t_max override: ub[:,1] = 15.02  (was 1.00)
  Model: ANN   h=128  L=3  +PCA bottleneck k=8
[v3 trainer] ANN  budget=30  n0=4  k=4  rounds=7  total_ep=1260  λ_max=0.0

─── Round 0/7 │ 4 scen = 575 rows ───
    → +4 scen  (total 8 = 1175 rows)

─── Round 1/7 │ 8 scen = 1175 rows ───
    → +4 scen  (total 12 = 1675 rows)

─── Round 2/7 │ 12 scen = 1675 rows ───
    → +4 scen  (total 16 = 2525 rows)

─── Round 3/7 │ 16 scen = 2525 rows ───
    → +4 scen  (total 20 = 3200 rows)

─── Round 4/7 │ 20 scen = 3200 rows ───
    → +4 scen  (total 24 = 3650 rows)

─── Round 5/7 │ 24 scen = 3650 rows ───
    → +4 scen  (total 28 = 4125 rows)

─── Round 6/7 │ 28 scen = 4125 rows ───
    → +4 scen  (total 32 = 4550 rows)

─── Round 7/7 │ 32 scen = 4550 rows ───

─── Final polish │ 300 ep ───
    ep  1160  data=1.619e-03  pde=0.000e+00  λ=0.0000  val_mse=1.524e-03

[Done v3]  22.1s  32 scen  4550 rows  val_mse=1.5155e-03
  internal: 9.2671e-04  LHS: 6.2710e-02  (22s)

[ann_oneshot]
  t_max override: ub[:,1] = 15.02  (was 1.00)
  Model: ANN   h=128  L=3  +PCA bottleneck k=8
  internal: 1.1368e-02  LHS: 1.6013e-01  (19s)

── seed=1024 ──

[pinn_al]
  t_max override: ub[:,1] = 15.02  (was 1.00)
  Model: PINN  h=128  L=3  K=3  +PCA bottleneck k=8
[v3 trainer] PINN+committee+PDE  budget=30  n0=4  k=4  rounds=7  total_ep=1260  λ_max=0.002

─── Round 0/7 │ 4 scen = 600 rows ───
    coll=600  scales=[2.42e-01, 1.13e-01, 1.08e+00, 5.75e+00]
    → +4 scen  (total 8 = 1625 rows)

─── Round 1/7 │ 8 scen = 1625 rows ───
    coll=1500  scales=[1.03e+00, 1.45e-01, 5.67e+00, 9.33e+00]
    → +4 scen  (total 12 = 2125 rows)

─── Round 2/7 │ 12 scen = 2125 rows ───
    coll=1500  scales=[9.86e-01, 1.47e-01, 5.12e+00, 8.47e+00]
    → +4 scen  (total 16 = 2475 rows)

─── Round 3/7 │ 16 scen = 2475 rows ───
    coll=1500  scales=[9.48e-01, 1.49e-01, 4.62e+00, 7.66e+00]
    → +4 scen  (total 20 = 2725 rows)

─── Round 4/7 │ 20 scen = 2725 rows ───
    coll=1500  scales=[9.08e-01, 1.61e-01, 4.17e+00, 6.93e+00]
    → +4 scen  (total 24 = 3150 rows)

─── Round 5/7 │ 24 scen = 3150 rows ───
    coll=1500  scales=[8.93e-01, 1.79e-01, 3.76e+00, 6.27e+00]
    → +4 scen  (total 28 = 3700 rows)

─── Round 6/7 │ 28 scen = 3700 rows ───
    coll=1500  scales=[8.51e-01, 1.81e-01, 3.40e+00, 5.66e+00]
    → +4 scen  (total 32 = 4250 rows)

─── Round 7/7 │ 32 scen = 4250 rows ───
    coll=1500  scales=[8.03e-01, 1.73e-01, 3.06e+00, 5.12e+00]

─── Final polish │ 300 ep ───
    ep  1160  data=-4.631e-01  pde=3.314e-01  λ=0.0020  val_mse=3.206e-03

[Done v3]  126.1s  32 scen  4250 rows  val_mse=3.1808e-03
  internal: 3.6059e-03  LHS: 5.0821e-02  (126s)

[pinn_ic_coreset]
  t_max override: ub[:,1] = 15.02  (was 1.00)
  Model: PINN  h=128  L=3  K=3  +PCA bottleneck k=8
[v3 trainer] PINN+committee+PDE  budget=30  n0=4  k=4  rounds=7  total_ep=1260  λ_max=0.002

─── Round 0/7 │ 4 scen = 600 rows ───
    coll=600  scales=[2.42e-01, 1.13e-01, 1.08e+00, 5.75e+00]
    → +4 scen  (total 8 = 1575 rows)

─── Round 1/7 │ 8 scen = 1575 rows ───
    coll=1500  scales=[1.13e+00, 1.44e-01, 5.97e+00, 9.63e+00]
    → +4 scen  (total 12 = 2200 rows)

─── Round 2/7 │ 12 scen = 2200 rows ───
    coll=1500  scales=[1.09e+00, 1.60e-01, 5.41e+00, 8.74e+00]
    → +4 scen  (total 16 = 3025 rows)

─── Round 3/7 │ 16 scen = 3025 rows ───
    coll=1500  scales=[1.04e+00, 1.65e-01, 4.88e+00, 7.90e+00]
    → +4 scen  (total 20 = 3450 rows)

─── Round 4/7 │ 20 scen = 3450 rows ───
    coll=1500  scales=[1.07e+00, 2.00e-01, 4.40e+00, 7.14e+00]
    → +4 scen  (total 24 = 3925 rows)

─── Round 5/7 │ 24 scen = 3925 rows ───
    coll=1500  scales=[1.08e+00, 2.23e-01, 3.97e+00, 6.45e+00]
    → +4 scen  (total 28 = 4725 rows)

─── Round 6/7 │ 28 scen = 4725 rows ───
    coll=1500  scales=[1.04e+00, 2.22e-01, 3.58e+00, 5.83e+00]
    → +4 scen  (total 32 = 5050 rows)

─── Round 7/7 │ 32 scen = 5050 rows ───
    coll=1500  scales=[9.81e-01, 2.17e-01, 3.23e+00, 5.27e+00]

─── Final polish │ 300 ep ───
    ep  1160  data=-4.654e-01  pde=2.206e-01  λ=0.0020  val_mse=2.156e-03

[Done v3]  123.7s  32 scen  5050 rows  val_mse=2.1429e-03
  internal: 1.8573e-03  LHS: 5.1790e-02  (124s)

[pinn_seqrand]
  t_max override: ub[:,1] = 15.02  (was 1.00)
  Model: PINN  h=128  L=3  K=3  +PCA bottleneck k=8
[v3 trainer] PINN+committee+PDE  budget=30  n0=4  k=4  rounds=7  total_ep=1260  λ_max=0.002

─── Round 0/7 │ 4 scen = 600 rows ───
    coll=600  scales=[2.42e-01, 1.13e-01, 1.08e+00, 5.75e+00]
    → +4 scen  (total 8 = 1250 rows)

─── Round 1/7 │ 8 scen = 1250 rows ───
    coll=1500  scales=[2.54e-01, 1.18e-01, 1.01e+00, 5.25e+00]
    → +4 scen  (total 12 = 1875 rows)

─── Round 2/7 │ 12 scen = 1875 rows ───
    coll=1500  scales=[2.46e-01, 1.21e-01, 9.46e-01, 4.79e+00]
    → +4 scen  (total 16 = 2600 rows)

─── Round 3/7 │ 16 scen = 2600 rows ───
    coll=1500  scales=[2.45e-01, 1.41e-01, 8.76e-01, 4.36e+00]
    → +4 scen  (total 20 = 3025 rows)

─── Round 4/7 │ 20 scen = 3025 rows ───
    coll=1500  scales=[2.31e-01, 1.40e-01, 8.05e-01, 3.95e+00]
    → +4 scen  (total 24 = 3750 rows)

─── Round 5/7 │ 24 scen = 3750 rows ───
    coll=1500  scales=[2.20e-01, 1.39e-01, 7.39e-01, 3.58e+00]
    → +4 scen  (total 28 = 4250 rows)

─── Round 6/7 │ 28 scen = 4250 rows ───
    coll=1500  scales=[2.22e-01, 1.49e-01, 6.79e-01, 3.25e+00]
    → +4 scen  (total 32 = 4775 rows)

─── Round 7/7 │ 32 scen = 4775 rows ───
    coll=1500  scales=[2.18e-01, 1.48e-01, 6.22e-01, 2.94e+00]

─── Final polish │ 300 ep ───
    ep  1160  data=-4.653e-01  pde=3.746e-01  λ=0.0020  val_mse=6.608e-03

[Done v3]  121.8s  32 scen  4775 rows  val_mse=6.4776e-03
  internal: 5.9668e-03  LHS: 4.9494e-02  (122s)

[pinn_oneshot]
  t_max override: ub[:,1] = 15.02  (was 1.00)
  Model: PINN  h=128  L=3  K=3  +PCA bottleneck k=8
  internal: 2.9474e-02  LHS: 1.1166e-01  (124s)

[ann_al]
  t_max override: ub[:,1] = 15.02  (was 1.00)
  Model: ANN   h=128  L=3  +PCA bottleneck k=8
[v3 trainer] ANN  budget=30  n0=4  k=4  rounds=7  total_ep=1260  λ_max=0.0

─── Round 0/7 │ 4 scen = 600 rows ───
    → +4 scen  (total 8 = 1500 rows)

─── Round 1/7 │ 8 scen = 1500 rows ───
    → +4 scen  (total 12 = 1925 rows)

─── Round 2/7 │ 12 scen = 1925 rows ───
    → +4 scen  (total 16 = 2275 rows)

─── Round 3/7 │ 16 scen = 2275 rows ───
    → +4 scen  (total 20 = 2825 rows)

─── Round 4/7 │ 20 scen = 2825 rows ───
    → +4 scen  (total 24 = 3375 rows)

─── Round 5/7 │ 24 scen = 3375 rows ───
    → +4 scen  (total 28 = 3850 rows)

─── Round 6/7 │ 28 scen = 3850 rows ───
    → +4 scen  (total 32 = 4300 rows)

─── Round 7/7 │ 32 scen = 4300 rows ───

─── Final polish │ 300 ep ───
    ep  1160  data=1.652e-03  pde=0.000e+00  λ=0.0000  val_mse=1.390e-03

[Done v3]  19.9s  32 scen  4300 rows  val_mse=1.3860e-03
  internal: 7.4237e-04  LHS: 4.3866e-02  (20s)

[ann_oneshot]
  t_max override: ub[:,1] = 15.02  (was 1.00)
  Model: ANN   h=128  L=3  +PCA bottleneck k=8
  internal: 4.4122e-03  LHS: 1.0059e-01  (17s)

======================================================================
BUDGET = 60 scenarios
======================================================================

── seed=42 ──

[pinn_al]
  t_max override: ub[:,1] = 15.02  (was 1.00)
  Model: PINN  h=192  L=4  K=3  +PCA bottleneck k=8
[v3 trainer] PINN+committee+PDE  budget=60  n0=4  k=4  rounds=14  total_ep=2100  λ_max=0.002

─── Round 0/14 │ 4 scen = 750 rows ───
    coll=750  scales=[5.92e-01, 5.90e-01, 8.07e-01, 2.95e+00]
    → +4 scen  (total 8 = 1550 rows)

─── Round 1/14 │ 8 scen = 1550 rows ───
    coll=1500  scales=[2.08e+00, 6.28e-01, 1.52e+00, 4.65e+00]
    → +4 scen  (total 12 = 1875 rows)

─── Round 2/14 │ 12 scen = 1875 rows ───
    coll=1500  scales=[1.97e+00, 5.96e-01, 1.38e+00, 4.21e+00]
    → +4 scen  (total 16 = 2200 rows)

─── Round 3/14 │ 16 scen = 2200 rows ───
    coll=1500  scales=[1.86e+00, 5.77e-01, 1.25e+00, 3.81e+00]
    → +4 scen  (total 20 = 2625 rows)

─── Round 4/14 │ 20 scen = 2625 rows ───
    coll=1500  scales=[1.76e+00, 5.52e-01, 1.13e+00, 3.44e+00]
    → +4 scen  (total 24 = 3025 rows)

─── Round 5/14 │ 24 scen = 3025 rows ───
    coll=1500  scales=[1.63e+00, 5.17e-01, 1.02e+00, 3.11e+00]
    → +4 scen  (total 28 = 3625 rows)

─── Round 6/14 │ 28 scen = 3625 rows ───
    coll=1500  scales=[1.68e+00, 5.46e-01, 9.33e-01, 2.82e+00]
    → +4 scen  (total 32 = 4300 rows)

─── Round 7/14 │ 32 scen = 4300 rows ───
    coll=1500  scales=[1.59e+00, 5.44e-01, 8.49e-01, 2.55e+00]
    → +4 scen  (total 36 = 4650 rows)

─── Round 8/14 │ 36 scen = 4650 rows ───
    coll=1500  scales=[1.48e+00, 5.11e-01, 7.70e-01, 2.31e+00]
    → +4 scen  (total 40 = 5100 rows)

─── Round 9/14 │ 40 scen = 5100 rows ───
    coll=1500  scales=[1.38e+00, 4.77e-01, 6.97e-01, 2.09e+00]
    → +4 scen  (total 44 = 5900 rows)

─── Round 10/14 │ 44 scen = 5900 rows ───
    coll=1500  scales=[1.27e+00, 4.43e-01, 6.32e-01, 1.88e+00]
    → +4 scen  (total 48 = 6475 rows)

─── Round 11/14 │ 48 scen = 6475 rows ───
    coll=1500  scales=[1.17e+00, 4.13e-01, 5.73e-01, 1.70e+00]
    → +4 scen  (total 52 = 7275 rows)

─── Round 12/14 │ 52 scen = 7275 rows ───
    coll=1500  scales=[1.09e+00, 3.85e-01, 5.19e-01, 1.54e+00]
    → +4 scen  (total 56 = 8275 rows)

─── Round 13/14 │ 56 scen = 8275 rows ───
    coll=1500  scales=[1.01e+00, 3.65e-01, 4.71e-01, 1.39e+00]
    → +4 scen  (total 60 = 8850 rows)

─── Round 14/14 │ 60 scen = 8850 rows ───
    coll=1500  scales=[9.49e-01, 3.44e-01, 4.27e-01, 1.26e+00]

─── Final polish │ 300 ep ───
    ep  2000  data=-4.709e-01  pde=1.051e-01  λ=0.0020  val_mse=1.022e-03

[Done v3]  598.8s  60 scen  8850 rows  val_mse=1.0158e-03
  internal: 9.2689e-04  LHS: 4.4259e-02  (599s)

[pinn_ic_coreset]
  t_max override: ub[:,1] = 15.02  (was 1.00)
  Model: PINN  h=192  L=4  K=3  +PCA bottleneck k=8
[v3 trainer] PINN+committee+PDE  budget=60  n0=4  k=4  rounds=14  total_ep=2100  λ_max=0.002

─── Round 0/14 │ 4 scen = 750 rows ───
    coll=750  scales=[5.92e-01, 5.90e-01, 8.07e-01, 2.95e+00]
    → +4 scen  (total 8 = 1625 rows)

─── Round 1/14 │ 8 scen = 1625 rows ───
    coll=1500  scales=[9.49e-01, 6.41e-01, 8.85e-01, 3.11e+00]
    → +4 scen  (total 12 = 2125 rows)

─── Round 2/14 │ 12 scen = 2125 rows ───
    coll=1500  scales=[1.21e+00, 7.50e-01, 8.24e-01, 2.84e+00]
    → +4 scen  (total 16 = 2525 rows)

─── Round 3/14 │ 16 scen = 2525 rows ───
    coll=1500  scales=[1.14e+00, 7.05e-01, 7.52e-01, 2.57e+00]
    → +4 scen  (total 20 = 3300 rows)

─── Round 4/14 │ 20 scen = 3300 rows ───
    coll=1500  scales=[1.07e+00, 6.61e-01, 6.85e-01, 2.32e+00]
    → +4 scen  (total 24 = 3925 rows)

─── Round 5/14 │ 24 scen = 3925 rows ───
    coll=1500  scales=[1.01e+00, 6.21e-01, 6.24e-01, 2.11e+00]
    → +4 scen  (total 28 = 4400 rows)

─── Round 6/14 │ 28 scen = 4400 rows ───
    coll=1500  scales=[9.48e-01, 5.80e-01, 5.67e-01, 1.91e+00]
    → +4 scen  (total 32 = 4875 rows)

─── Round 7/14 │ 32 scen = 4875 rows ───
    coll=1500  scales=[9.09e-01, 5.40e-01, 5.14e-01, 1.72e+00]
    → +4 scen  (total 36 = 5875 rows)

─── Round 8/14 │ 36 scen = 5875 rows ───
    coll=1500  scales=[8.71e-01, 5.08e-01, 4.67e-01, 1.56e+00]
    → +4 scen  (total 40 = 6600 rows)

─── Round 9/14 │ 40 scen = 6600 rows ───
    coll=1500  scales=[8.27e-01, 4.76e-01, 4.25e-01, 1.41e+00]
    → +4 scen  (total 44 = 7125 rows)

─── Round 10/14 │ 44 scen = 7125 rows ───
    coll=1500  scales=[7.71e-01, 4.49e-01, 3.91e-01, 1.29e+00]
    → +4 scen  (total 48 = 7675 rows)

─── Round 11/14 │ 48 scen = 7675 rows ───
    coll=1500  scales=[7.20e-01, 4.17e-01, 3.56e-01, 1.17e+00]
    → +4 scen  (total 52 = 8300 rows)

─── Round 12/14 │ 52 scen = 8300 rows ───
    coll=1500  scales=[6.86e-01, 3.96e-01, 3.28e-01, 1.06e+00]
    → +4 scen  (total 56 = 8900 rows)

─── Round 13/14 │ 56 scen = 8900 rows ───
    coll=1500  scales=[6.40e-01, 3.69e-01, 2.98e-01, 9.65e-01]
    → +4 scen  (total 60 = 9650 rows)

─── Round 14/14 │ 60 scen = 9650 rows ───
    coll=1500  scales=[6.06e-01, 3.46e-01, 2.72e-01, 8.76e-01]

─── Final polish │ 300 ep ───
    ep  2000  data=-4.791e-01  pde=1.067e-01  λ=0.0020  val_mse=1.058e-03

[Done v3]  607.5s  60 scen  9650 rows  val_mse=1.0520e-03
  internal: 1.0967e-03  LHS: 4.9974e-02  (608s)

[pinn_seqrand]
  t_max override: ub[:,1] = 15.02  (was 1.00)
  Model: PINN  h=192  L=4  K=3  +PCA bottleneck k=8
[v3 trainer] PINN+committee+PDE  budget=60  n0=4  k=4  rounds=14  total_ep=2100  λ_max=0.002

─── Round 0/14 │ 4 scen = 750 rows ───
    coll=750  scales=[5.92e-01, 5.90e-01, 8.07e-01, 2.95e+00]
    → +4 scen  (total 8 = 1375 rows)

─── Round 1/14 │ 8 scen = 1375 rows ───
    coll=1500  scales=[5.89e-01, 5.95e-01, 7.76e-01, 2.90e+00]
    → +4 scen  (total 12 = 1900 rows)

─── Round 2/14 │ 12 scen = 1900 rows ───
    coll=1500  scales=[5.54e-01, 5.62e-01, 7.14e-01, 2.64e+00]
    → +4 scen  (total 16 = 2625 rows)

─── Round 3/14 │ 16 scen = 2625 rows ───
    coll=1500  scales=[5.52e-01, 5.85e-01, 6.64e-01, 2.41e+00]
    → +4 scen  (total 20 = 3200 rows)

─── Round 4/14 │ 20 scen = 3200 rows ───
    coll=1500  scales=[5.22e-01, 5.59e-01, 6.15e-01, 2.19e+00]
    → +4 scen  (total 24 = 3675 rows)

─── Round 5/14 │ 24 scen = 3675 rows ───
    coll=1500  scales=[4.97e-01, 5.21e-01, 5.67e-01, 2.00e+00]
    → +4 scen  (total 28 = 4175 rows)

─── Round 6/14 │ 28 scen = 4175 rows ───
    coll=1500  scales=[4.89e-01, 5.66e-01, 5.26e-01, 1.82e+00]
    → +4 scen  (total 32 = 4750 rows)

─── Round 7/14 │ 32 scen = 4750 rows ───
    coll=1500  scales=[4.85e-01, 5.45e-01, 4.86e-01, 1.66e+00]
    → +4 scen  (total 36 = 5350 rows)

─── Round 8/14 │ 36 scen = 5350 rows ───
    coll=1500  scales=[4.55e-01, 5.22e-01, 4.50e-01, 1.52e+00]
    → +4 scen  (total 40 = 5975 rows)

─── Round 9/14 │ 40 scen = 5975 rows ───
    coll=1500  scales=[4.27e-01, 4.85e-01, 4.14e-01, 1.38e+00]
    → +4 scen  (total 44 = 6675 rows)

─── Round 10/14 │ 44 scen = 6675 rows ───
    coll=1500  scales=[4.31e-01, 4.56e-01, 3.80e-01, 1.25e+00]
    → +4 scen  (total 48 = 7175 rows)

─── Round 11/14 │ 48 scen = 7175 rows ───
    coll=1500  scales=[4.10e-01, 4.23e-01, 3.49e-01, 1.14e+00]
    → +4 scen  (total 52 = 7775 rows)

─── Round 12/14 │ 52 scen = 7775 rows ───
    coll=1500  scales=[3.80e-01, 3.92e-01, 3.26e-01, 1.05e+00]
    → +4 scen  (total 56 = 8425 rows)

─── Round 13/14 │ 56 scen = 8425 rows ───
    coll=1500  scales=[3.68e-01, 3.76e-01, 3.03e-01, 9.60e-01]
    → +4 scen  (total 60 = 9025 rows)

─── Round 14/14 │ 60 scen = 9025 rows ───
    coll=1500  scales=[3.47e-01, 3.50e-01, 2.78e-01, 8.73e-01]

─── Final polish │ 300 ep ───
    ep  2000  data=-4.756e-01  pde=1.632e-01  λ=0.0020  val_mse=1.918e-03

[Done v3]  594.1s  60 scen  9025 rows  val_mse=1.9031e-03
  internal: 3.6678e-03  LHS: 3.4091e-02  (594s)

[pinn_oneshot]
  t_max override: ub[:,1] = 15.02  (was 1.00)
  Model: PINN  h=192  L=4  K=3  +PCA bottleneck k=8
  internal: 2.2181e-03  LHS: 5.0737e-02  (705s)

[ann_al]
  t_max override: ub[:,1] = 15.02  (was 1.00)
  Model: ANN   h=192  L=4  +PCA bottleneck k=8
[v3 trainer] ANN  budget=60  n0=4  k=4  rounds=14  total_ep=2100  λ_max=0.0

─── Round 0/14 │ 4 scen = 750 rows ───
    → +4 scen  (total 8 = 1650 rows)

─── Round 1/14 │ 8 scen = 1650 rows ───
    → +4 scen  (total 12 = 2100 rows)

─── Round 2/14 │ 12 scen = 2100 rows ───
    → +4 scen  (total 16 = 2775 rows)

─── Round 3/14 │ 16 scen = 2775 rows ───
    → +4 scen  (total 20 = 3350 rows)

─── Round 4/14 │ 20 scen = 3350 rows ───
    → +4 scen  (total 24 = 3675 rows)

─── Round 5/14 │ 24 scen = 3675 rows ───
    → +4 scen  (total 28 = 4050 rows)

─── Round 6/14 │ 28 scen = 4050 rows ───
    → +4 scen  (total 32 = 4600 rows)

─── Round 7/14 │ 32 scen = 4600 rows ───
    → +4 scen  (total 36 = 5000 rows)

─── Round 8/14 │ 36 scen = 5000 rows ───
    → +4 scen  (total 40 = 5775 rows)

─── Round 9/14 │ 40 scen = 5775 rows ───
    → +4 scen  (total 44 = 6225 rows)

─── Round 10/14 │ 44 scen = 6225 rows ───
    → +4 scen  (total 48 = 6775 rows)

─── Round 11/14 │ 48 scen = 6775 rows ───
    → +4 scen  (total 52 = 7700 rows)

─── Round 12/14 │ 52 scen = 7700 rows ───
    → +4 scen  (total 56 = 8150 rows)

─── Round 13/14 │ 56 scen = 8150 rows ───
    → +4 scen  (total 60 = 8800 rows)

─── Round 14/14 │ 60 scen = 8800 rows ───

─── Final polish │ 300 ep ───
    ep  2000  data=7.441e-04  pde=0.000e+00  λ=0.0000  val_mse=8.700e-04

[Done v3]  108.1s  60 scen  8800 rows  val_mse=8.6934e-04
  internal: 4.4802e-04  LHS: 5.2253e-02  (108s)

[ann_oneshot]
  t_max override: ub[:,1] = 15.02  (was 1.00)
  Model: ANN   h=192  L=4  +PCA bottleneck k=8
  internal: 1.9384e-03  LHS: 5.6149e-02  (139s)

── seed=123 ──

[pinn_al]
  t_max override: ub[:,1] = 15.02  (was 1.00)
  Model: PINN  h=192  L=4  K=3  +PCA bottleneck k=8
[v3 trainer] PINN+committee+PDE  budget=60  n0=4  k=4  rounds=14  total_ep=2100  λ_max=0.002

─── Round 0/14 │ 4 scen = 525 rows ───
    coll=525  scales=[1.97e+00, 7.31e-01, 5.85e+00, 1.61e+02]
    → +4 scen  (total 8 = 1125 rows)

─── Round 1/14 │ 8 scen = 1125 rows ───
    coll=1500  scales=[1.96e+00, 7.87e-01, 5.36e+00, 1.45e+02]
    → +4 scen  (total 12 = 1425 rows)

─── Round 2/14 │ 12 scen = 1425 rows ───
    coll=1500  scales=[1.82e+00, 7.76e-01, 4.84e+00, 1.31e+02]
    → +4 scen  (total 16 = 1800 rows)

─── Round 3/14 │ 16 scen = 1800 rows ───
    coll=1500  scales=[1.70e+00, 7.38e-01, 4.37e+00, 1.18e+02]
    → +4 scen  (total 20 = 2475 rows)

─── Round 4/14 │ 20 scen = 2475 rows ───
    coll=1500  scales=[1.65e+00, 7.31e-01, 3.97e+00, 1.06e+02]
    → +4 scen  (total 24 = 2950 rows)

─── Round 5/14 │ 24 scen = 2950 rows ───
    coll=1500  scales=[1.55e+00, 6.95e-01, 3.59e+00, 9.55e+01]
    → +4 scen  (total 28 = 3325 rows)

─── Round 6/14 │ 28 scen = 3325 rows ───
    coll=1500  scales=[1.48e+00, 6.53e-01, 3.24e+00, 8.60e+01]
    → +4 scen  (total 32 = 3950 rows)

─── Round 7/14 │ 32 scen = 3950 rows ───
    coll=1500  scales=[1.40e+00, 6.81e-01, 2.93e+00, 7.74e+01]
    → +4 scen  (total 36 = 4475 rows)

─── Round 8/14 │ 36 scen = 4475 rows ───
    coll=1500  scales=[1.30e+00, 6.34e-01, 2.64e+00, 6.97e+01]
    → +4 scen  (total 40 = 5225 rows)

─── Round 9/14 │ 40 scen = 5225 rows ───
    coll=1500  scales=[1.21e+00, 5.85e-01, 2.39e+00, 6.27e+01]
    → +4 scen  (total 44 = 5725 rows)

─── Round 10/14 │ 44 scen = 5725 rows ───
    coll=1500  scales=[1.20e+00, 5.80e-01, 2.16e+00, 5.65e+01]
    → +4 scen  (total 48 = 6475 rows)

─── Round 11/14 │ 48 scen = 6475 rows ───
    coll=1500  scales=[1.16e+00, 5.67e-01, 1.96e+00, 5.09e+01]
    → +4 scen  (total 52 = 7050 rows)

─── Round 12/14 │ 52 scen = 7050 rows ───
    coll=1500  scales=[1.08e+00, 5.25e-01, 1.77e+00, 4.58e+01]
    → +4 scen  (total 56 = 7600 rows)

─── Round 13/14 │ 56 scen = 7600 rows ───
    coll=1500  scales=[1.01e+00, 4.89e-01, 1.59e+00, 4.12e+01]
    → +4 scen  (total 60 = 8150 rows)

─── Round 14/14 │ 60 scen = 8150 rows ───
    coll=1500  scales=[9.39e-01, 4.56e-01, 1.44e+00, 3.71e+01]

─── Final polish │ 300 ep ───
    ep  2000  data=-4.780e-01  pde=9.741e-02  λ=0.0020  val_mse=8.129e-04

[Done v3]  579.9s  60 scen  8150 rows  val_mse=8.0815e-04
  internal: 7.8366e-04  LHS: 4.0538e-02  (580s)

[pinn_ic_coreset]
  t_max override: ub[:,1] = 15.02  (was 1.00)
  Model: PINN  h=192  L=4  K=3  +PCA bottleneck k=8
[v3 trainer] PINN+committee+PDE  budget=60  n0=4  k=4  rounds=14  total_ep=2100  λ_max=0.002

─── Round 0/14 │ 4 scen = 525 rows ───
    coll=525  scales=[1.97e+00, 7.31e-01, 5.85e+00, 1.61e+02]
    → +4 scen  (total 8 = 1400 rows)

─── Round 1/14 │ 8 scen = 1400 rows ───
    coll=1500  scales=[1.88e+00, 7.63e-01, 5.37e+00, 1.45e+02]
    → +4 scen  (total 12 = 2075 rows)

─── Round 2/14 │ 12 scen = 2075 rows ───
    coll=1500  scales=[1.86e+00, 7.70e-01, 4.85e+00, 1.31e+02]
    → +4 scen  (total 16 = 2850 rows)

─── Round 3/14 │ 16 scen = 2850 rows ───
    coll=1500  scales=[1.96e+00, 8.13e-01, 4.37e+00, 1.18e+02]
    → +4 scen  (total 20 = 3425 rows)

─── Round 4/14 │ 20 scen = 3425 rows ───
    coll=1500  scales=[1.86e+00, 7.82e-01, 3.95e+00, 1.06e+02]
    → +4 scen  (total 24 = 4225 rows)

─── Round 5/14 │ 24 scen = 4225 rows ───
    coll=1500  scales=[1.78e+00, 7.44e-01, 3.56e+00, 9.56e+01]
    → +4 scen  (total 28 = 4650 rows)

─── Round 6/14 │ 28 scen = 4650 rows ───
    coll=1500  scales=[1.66e+00, 6.97e-01, 3.21e+00, 8.60e+01]
    → +4 scen  (total 32 = 4975 rows)

─── Round 7/14 │ 32 scen = 4975 rows ───
    coll=1500  scales=[1.62e+00, 6.93e-01, 2.90e+00, 7.75e+01]
    → +4 scen  (total 36 = 5550 rows)

─── Round 8/14 │ 36 scen = 5550 rows ───
    coll=1500  scales=[1.53e+00, 7.02e-01, 2.62e+00, 6.97e+01]
    → +4 scen  (total 40 = 6425 rows)

─── Round 9/14 │ 40 scen = 6425 rows ───
    coll=1500  scales=[1.45e+00, 6.60e-01, 2.38e+00, 6.28e+01]
    → +4 scen  (total 44 = 7250 rows)

─── Round 10/14 │ 44 scen = 7250 rows ───
    coll=1500  scales=[1.36e+00, 6.21e-01, 2.15e+00, 5.65e+01]
    → +4 scen  (total 48 = 7825 rows)

─── Round 11/14 │ 48 scen = 7825 rows ───
    coll=1500  scales=[1.26e+00, 5.75e-01, 1.94e+00, 5.09e+01]
    → +4 scen  (total 52 = 8500 rows)

─── Round 12/14 │ 52 scen = 8500 rows ───
    coll=1500  scales=[1.18e+00, 5.34e-01, 1.75e+00, 4.58e+01]
    → +4 scen  (total 56 = 9125 rows)

─── Round 13/14 │ 56 scen = 9125 rows ───
    coll=1500  scales=[1.09e+00, 4.95e-01, 1.58e+00, 4.13e+01]
    → +4 scen  (total 60 = 9875 rows)

─── Round 14/14 │ 60 scen = 9875 rows ───
    coll=1500  scales=[1.02e+00, 4.57e-01, 1.42e+00, 3.71e+01]

─── Final polish │ 300 ep ───
    ep  2000  data=-4.770e-01  pde=8.720e-02  λ=0.0020  val_mse=7.364e-04

[Done v3]  606.6s  60 scen  9875 rows  val_mse=7.3337e-04
  internal: 6.2753e-04  LHS: 3.5907e-02  (607s)

[pinn_seqrand]
  t_max override: ub[:,1] = 15.02  (was 1.00)
  Model: PINN  h=192  L=4  K=3  +PCA bottleneck k=8
[v3 trainer] PINN+committee+PDE  budget=60  n0=4  k=4  rounds=14  total_ep=2100  λ_max=0.002

─── Round 0/14 │ 4 scen = 525 rows ───
    coll=525  scales=[1.97e+00, 7.31e-01, 5.85e+00, 1.61e+02]
    → +4 scen  (total 8 = 900 rows)

─── Round 1/14 │ 8 scen = 900 rows ───
    coll=1500  scales=[1.86e+00, 7.17e-01, 5.32e+00, 1.45e+02]
    → +4 scen  (total 12 = 1825 rows)

─── Round 2/14 │ 12 scen = 1825 rows ───
    coll=1500  scales=[1.82e+00, 6.95e-01, 4.80e+00, 1.31e+02]
    → +4 scen  (total 16 = 2375 rows)

─── Round 3/14 │ 16 scen = 2375 rows ───
    coll=1500  scales=[1.70e+00, 6.58e-01, 4.34e+00, 1.18e+02]
    → +4 scen  (total 20 = 3100 rows)

─── Round 4/14 │ 20 scen = 3100 rows ───
    coll=1500  scales=[1.56e+00, 6.13e-01, 3.92e+00, 1.06e+02]
    → +4 scen  (total 24 = 3925 rows)

─── Round 5/14 │ 24 scen = 3925 rows ───
    coll=1500  scales=[1.49e+00, 5.85e-01, 3.54e+00, 9.55e+01]
    → +4 scen  (total 28 = 4400 rows)

─── Round 6/14 │ 28 scen = 4400 rows ───
    coll=1500  scales=[1.41e+00, 5.64e-01, 3.21e+00, 8.60e+01]
    → +4 scen  (total 32 = 5125 rows)

─── Round 7/14 │ 32 scen = 5125 rows ───
    coll=1500  scales=[1.34e+00, 5.31e-01, 2.90e+00, 7.74e+01]
    → +4 scen  (total 36 = 5650 rows)

─── Round 8/14 │ 36 scen = 5650 rows ───
    coll=1500  scales=[1.35e+00, 5.16e-01, 2.61e+00, 6.97e+01]
    → +4 scen  (total 40 = 6125 rows)

─── Round 9/14 │ 40 scen = 6125 rows ───
    coll=1500  scales=[1.25e+00, 4.75e-01, 2.36e+00, 6.28e+01]
    → +4 scen  (total 44 = 6600 rows)

─── Round 10/14 │ 44 scen = 6600 rows ───
    coll=1500  scales=[1.19e+00, 4.39e-01, 2.14e+00, 5.65e+01]
    → +4 scen  (total 48 = 7025 rows)

─── Round 11/14 │ 48 scen = 7025 rows ───
    coll=1500  scales=[1.10e+00, 4.06e-01, 1.93e+00, 5.09e+01]
    → +4 scen  (total 52 = 7525 rows)

─── Round 12/14 │ 52 scen = 7525 rows ───
    coll=1500  scales=[1.02e+00, 3.82e-01, 1.74e+00, 4.58e+01]
    → +4 scen  (total 56 = 7950 rows)

─── Round 13/14 │ 56 scen = 7950 rows ───
    coll=1500  scales=[9.51e-01, 3.56e-01, 1.57e+00, 4.13e+01]
    → +4 scen  (total 60 = 8725 rows)

─── Round 14/14 │ 60 scen = 8725 rows ───
    coll=1500  scales=[8.87e-01, 3.34e-01, 1.42e+00, 3.72e+01]

─── Final polish │ 300 ep ───
    ep  2000  data=-4.767e-01  pde=9.617e-02  λ=0.0020  val_mse=4.113e-03

[Done v3]  588.8s  60 scen  8725 rows  val_mse=4.1172e-03
  internal: 3.0964e-03  LHS: 8.0787e-02  (589s)

[pinn_oneshot]
  t_max override: ub[:,1] = 15.02  (was 1.00)
  Model: PINN  h=192  L=4  K=3  +PCA bottleneck k=8
  internal: 2.0938e-03  LHS: 2.3571e-02  (721s)

[ann_al]
  t_max override: ub[:,1] = 15.02  (was 1.00)
  Model: ANN   h=192  L=4  +PCA bottleneck k=8
[v3 trainer] ANN  budget=60  n0=4  k=4  rounds=14  total_ep=2100  λ_max=0.0

─── Round 0/14 │ 4 scen = 525 rows ───
    → +4 scen  (total 8 = 1425 rows)

─── Round 1/14 │ 8 scen = 1425 rows ───
    → +4 scen  (total 12 = 1825 rows)

─── Round 2/14 │ 12 scen = 1825 rows ───
    → +4 scen  (total 16 = 2225 rows)

─── Round 3/14 │ 16 scen = 2225 rows ───
    → +4 scen  (total 20 = 2675 rows)

─── Round 4/14 │ 20 scen = 2675 rows ───
    → +4 scen  (total 24 = 3200 rows)

─── Round 5/14 │ 24 scen = 3200 rows ───
    → +4 scen  (total 28 = 3775 rows)

─── Round 6/14 │ 28 scen = 3775 rows ───
    → +4 scen  (total 32 = 4425 rows)

─── Round 7/14 │ 32 scen = 4425 rows ───
    → +4 scen  (total 36 = 5050 rows)

─── Round 8/14 │ 36 scen = 5050 rows ───
    → +4 scen  (total 40 = 5675 rows)

─── Round 9/14 │ 40 scen = 5675 rows ───
    → +4 scen  (total 44 = 6075 rows)

─── Round 10/14 │ 44 scen = 6075 rows ───
    → +4 scen  (total 48 = 6850 rows)

─── Round 11/14 │ 48 scen = 6850 rows ───
    → +4 scen  (total 52 = 7625 rows)

─── Round 12/14 │ 52 scen = 7625 rows ───
    → +4 scen  (total 56 = 8100 rows)

─── Round 13/14 │ 56 scen = 8100 rows ───
    → +4 scen  (total 60 = 8525 rows)

─── Round 14/14 │ 60 scen = 8525 rows ───

─── Final polish │ 300 ep ───
    ep  2000  data=6.697e-04  pde=0.000e+00  λ=0.0000  val_mse=6.903e-04

[Done v3]  106.5s  60 scen  8525 rows  val_mse=6.9008e-04
  internal: 5.5347e-04  LHS: 3.8900e-02  (107s)

[ann_oneshot]
  t_max override: ub[:,1] = 15.02  (was 1.00)
  Model: ANN   h=192  L=4  +PCA bottleneck k=8
  internal: 3.0649e-03  LHS: 3.1985e-02  (146s)

── seed=456 ──

[pinn_al]
  t_max override: ub[:,1] = 15.02  (was 1.00)
  Model: PINN  h=192  L=4  K=3  +PCA bottleneck k=8
[v3 trainer] PINN+committee+PDE  budget=60  n0=4  k=4  rounds=14  total_ep=2100  λ_max=0.002

─── Round 0/14 │ 4 scen = 800 rows ───
    coll=800  scales=[7.34e-01, 4.15e-01, 3.07e-01, 3.01e+00]
    → +4 scen  (total 8 = 1350 rows)

─── Round 1/14 │ 8 scen = 1350 rows ───
    coll=1500  scales=[1.02e+00, 5.65e-01, 3.04e-01, 3.18e+00]
    → +4 scen  (total 12 = 1550 rows)

─── Round 2/14 │ 12 scen = 1550 rows ───
    coll=1500  scales=[9.68e-01, 5.57e-01, 2.83e-01, 2.88e+00]
    → +4 scen  (total 16 = 1925 rows)

─── Round 3/14 │ 16 scen = 1925 rows ───
    coll=1500  scales=[9.30e-01, 5.41e-01, 2.70e-01, 2.61e+00]
    → +4 scen  (total 20 = 2625 rows)

─── Round 4/14 │ 20 scen = 2625 rows ───
    coll=1500  scales=[8.76e-01, 5.17e-01, 2.51e-01, 2.36e+00]
    → +4 scen  (total 24 = 3150 rows)

─── Round 5/14 │ 24 scen = 3150 rows ───
    coll=1500  scales=[8.23e-01, 4.89e-01, 2.36e-01, 2.14e+00]
    → +4 scen  (total 28 = 3650 rows)

─── Round 6/14 │ 28 scen = 3650 rows ───
    coll=1500  scales=[7.85e-01, 4.65e-01, 2.18e-01, 1.94e+00]
    → +4 scen  (total 32 = 4600 rows)

─── Round 7/14 │ 32 scen = 4600 rows ───
    coll=1500  scales=[7.72e-01, 4.80e-01, 2.04e-01, 1.76e+00]
    → +4 scen  (total 36 = 4975 rows)

─── Round 8/14 │ 36 scen = 4975 rows ───
    coll=1500  scales=[7.29e-01, 4.58e-01, 1.90e-01, 1.60e+00]
    → +4 scen  (total 40 = 5425 rows)

─── Round 9/14 │ 40 scen = 5425 rows ───
    coll=1500  scales=[6.81e-01, 4.23e-01, 1.76e-01, 1.45e+00]
    → +4 scen  (total 44 = 6075 rows)

─── Round 10/14 │ 44 scen = 6075 rows ───
    coll=1500  scales=[6.39e-01, 3.91e-01, 1.62e-01, 1.31e+00]
    → +4 scen  (total 48 = 6750 rows)

─── Round 11/14 │ 48 scen = 6750 rows ───
    coll=1500  scales=[5.99e-01, 3.63e-01, 1.48e-01, 1.19e+00]
    → +4 scen  (total 52 = 7350 rows)

─── Round 12/14 │ 52 scen = 7350 rows ───
    coll=1500  scales=[5.71e-01, 3.43e-01, 1.38e-01, 1.07e+00]
    → +4 scen  (total 56 = 7975 rows)

─── Round 13/14 │ 56 scen = 7975 rows ───
    coll=1500  scales=[5.35e-01, 3.19e-01, 1.26e-01, 9.74e-01]
    → +4 scen  (total 60 = 8450 rows)

─── Round 14/14 │ 60 scen = 8450 rows ───
    coll=1500  scales=[5.06e-01, 2.99e-01, 1.16e-01, 8.83e-01]

─── Final polish │ 300 ep ───
    ep  2000  data=-4.774e-01  pde=1.376e-01  λ=0.0020  val_mse=1.253e-03

[Done v3]  593.2s  60 scen  8450 rows  val_mse=1.2432e-03
  internal: 1.2713e-03  LHS: 3.4201e-02  (593s)

[pinn_ic_coreset]
  t_max override: ub[:,1] = 15.02  (was 1.00)
  Model: PINN  h=192  L=4  K=3  +PCA bottleneck k=8
[v3 trainer] PINN+committee+PDE  budget=60  n0=4  k=4  rounds=14  total_ep=2100  λ_max=0.002

─── Round 0/14 │ 4 scen = 800 rows ───
    coll=800  scales=[7.34e-01, 4.15e-01, 3.07e-01, 3.01e+00]
    → +4 scen  (total 8 = 1525 rows)

─── Round 1/14 │ 8 scen = 1525 rows ───
    coll=1500  scales=[1.03e+00, 5.91e-01, 2.96e-01, 3.03e+00]
    → +4 scen  (total 12 = 2100 rows)

─── Round 2/14 │ 12 scen = 2100 rows ───
    coll=1500  scales=[1.01e+00, 6.03e-01, 2.76e-01, 2.75e+00]
    → +4 scen  (total 16 = 2700 rows)

─── Round 3/14 │ 16 scen = 2700 rows ───
    coll=1500  scales=[9.38e-01, 5.61e-01, 2.55e-01, 2.49e+00]
    → +4 scen  (total 20 = 3175 rows)

─── Round 4/14 │ 20 scen = 3175 rows ───
    coll=1500  scales=[9.10e-01, 5.50e-01, 2.39e-01, 2.26e+00]
    → +4 scen  (total 24 = 4125 rows)

─── Round 5/14 │ 24 scen = 4125 rows ───
    coll=1500  scales=[9.10e-01, 5.53e-01, 2.32e-01, 2.05e+00]
    → +4 scen  (total 28 = 4925 rows)

─── Round 6/14 │ 28 scen = 4925 rows ───
    coll=1500  scales=[8.61e-01, 5.11e-01, 2.13e-01, 1.86e+00]
    → +4 scen  (total 32 = 5375 rows)

─── Round 7/14 │ 32 scen = 5375 rows ───
    coll=1500  scales=[8.00e-01, 4.74e-01, 1.95e-01, 1.68e+00]
    → +4 scen  (total 36 = 6225 rows)

─── Round 8/14 │ 36 scen = 6225 rows ───
    coll=1500  scales=[8.09e-01, 4.78e-01, 1.83e-01, 1.53e+00]
    → +4 scen  (total 40 = 7025 rows)

─── Round 9/14 │ 40 scen = 7025 rows ───
    coll=1500  scales=[8.07e-01, 4.73e-01, 1.77e-01, 1.40e+00]
    → +4 scen  (total 44 = 7525 rows)

─── Round 10/14 │ 44 scen = 7525 rows ───
    coll=1500  scales=[7.74e-01, 4.57e-01, 1.65e-01, 1.27e+00]
    → +4 scen  (total 48 = 7900 rows)

─── Round 11/14 │ 48 scen = 7900 rows ───
    coll=1500  scales=[7.25e-01, 4.26e-01, 1.54e-01, 1.15e+00]
    → +4 scen  (total 52 = 8650 rows)

─── Round 12/14 │ 52 scen = 8650 rows ───
    coll=1500  scales=[6.92e-01, 3.98e-01, 1.41e-01, 1.05e+00]
    → +4 scen  (total 56 = 9375 rows)

─── Round 13/14 │ 56 scen = 9375 rows ───
    coll=1500  scales=[6.62e-01, 3.76e-01, 1.29e-01, 9.48e-01]
    → +4 scen  (total 60 = 9900 rows)

─── Round 14/14 │ 60 scen = 9900 rows ───
    coll=1500  scales=[6.21e-01, 3.51e-01, 1.18e-01, 8.59e-01]

─── Final polish │ 300 ep ───
    ep  2000  data=-4.785e-01  pde=1.194e-01  λ=0.0020  val_mse=1.134e-03

[Done v3]  614.3s  60 scen  9900 rows  val_mse=1.1292e-03
  internal: 8.3766e-04  LHS: 5.8726e-02  (614s)

[pinn_seqrand]
  t_max override: ub[:,1] = 15.02  (was 1.00)
  Model: PINN  h=192  L=4  K=3  +PCA bottleneck k=8
[v3 trainer] PINN+committee+PDE  budget=60  n0=4  k=4  rounds=14  total_ep=2100  λ_max=0.002

─── Round 0/14 │ 4 scen = 800 rows ───
    coll=800  scales=[7.34e-01, 4.15e-01, 3.07e-01, 3.01e+00]
    → +4 scen  (total 8 = 1450 rows)

─── Round 1/14 │ 8 scen = 1450 rows ───
    coll=1500  scales=[9.18e-01, 5.42e-01, 2.88e-01, 2.98e+00]
    → +4 scen  (total 12 = 2175 rows)

─── Round 2/14 │ 12 scen = 2175 rows ───
    coll=1500  scales=[8.62e-01, 5.13e-01, 2.73e-01, 2.70e+00]
    → +4 scen  (total 16 = 2600 rows)

─── Round 3/14 │ 16 scen = 2600 rows ───
    coll=1500  scales=[8.01e-01, 4.75e-01, 2.52e-01, 2.45e+00]
    → +4 scen  (total 20 = 3225 rows)

─── Round 4/14 │ 20 scen = 3225 rows ───
    coll=1500  scales=[8.26e-01, 4.95e-01, 2.36e-01, 2.22e+00]
    → +4 scen  (total 24 = 3775 rows)

─── Round 5/14 │ 24 scen = 3775 rows ───
    coll=1500  scales=[7.81e-01, 4.73e-01, 2.20e-01, 2.01e+00]
    → +4 scen  (total 28 = 4425 rows)

─── Round 6/14 │ 28 scen = 4425 rows ───
    coll=1500  scales=[7.44e-01, 4.52e-01, 2.05e-01, 1.83e+00]
    → +4 scen  (total 32 = 4975 rows)

─── Round 7/14 │ 32 scen = 4975 rows ───
    coll=1500  scales=[7.15e-01, 4.21e-01, 1.89e-01, 1.66e+00]
    → +4 scen  (total 36 = 5650 rows)

─── Round 8/14 │ 36 scen = 5650 rows ───
    coll=1500  scales=[6.81e-01, 4.21e-01, 1.83e-01, 1.52e+00]
    → +4 scen  (total 40 = 6125 rows)

─── Round 9/14 │ 40 scen = 6125 rows ───
    coll=1500  scales=[6.30e-01, 3.89e-01, 1.69e-01, 1.37e+00]
    → +4 scen  (total 44 = 6600 rows)

─── Round 10/14 │ 44 scen = 6600 rows ───
    coll=1500  scales=[5.86e-01, 3.63e-01, 1.57e-01, 1.25e+00]
    → +4 scen  (total 48 = 7300 rows)

─── Round 11/14 │ 48 scen = 7300 rows ───
    coll=1500  scales=[5.83e-01, 3.45e-01, 1.44e-01, 1.13e+00]
    → +4 scen  (total 52 = 7950 rows)

─── Round 12/14 │ 52 scen = 7950 rows ───
    coll=1500  scales=[5.48e-01, 3.22e-01, 1.33e-01, 1.03e+00]
    → +4 scen  (total 56 = 8700 rows)

─── Round 13/14 │ 56 scen = 8700 rows ───
    coll=1500  scales=[5.16e-01, 2.98e-01, 1.22e-01, 9.30e-01]
    → +4 scen  (total 60 = 9325 rows)

─── Round 14/14 │ 60 scen = 9325 rows ───
    coll=1500  scales=[4.95e-01, 2.85e-01, 1.12e-01, 8.44e-01]

─── Final polish │ 300 ep ───
    ep  2000  data=-4.792e-01  pde=1.404e-01  λ=0.0020  val_mse=2.283e-03

[Done v3]  599.5s  60 scen  9325 rows  val_mse=2.2773e-03
  internal: 2.6708e-03  LHS: 6.7434e-02  (600s)

[pinn_oneshot]
  t_max override: ub[:,1] = 15.02  (was 1.00)
  Model: PINN  h=192  L=4  K=3  +PCA bottleneck k=8
  internal: 3.1552e-03  LHS: 6.9308e-02  (681s)

[ann_al]
  t_max override: ub[:,1] = 15.02  (was 1.00)
  Model: ANN   h=192  L=4  +PCA bottleneck k=8
[v3 trainer] ANN  budget=60  n0=4  k=4  rounds=14  total_ep=2100  λ_max=0.0

─── Round 0/14 │ 4 scen = 800 rows ───
    → +4 scen  (total 8 = 1675 rows)

─── Round 1/14 │ 8 scen = 1675 rows ───
    → +4 scen  (total 12 = 1900 rows)

─── Round 2/14 │ 12 scen = 1900 rows ───
    → +4 scen  (total 16 = 2450 rows)

─── Round 3/14 │ 16 scen = 2450 rows ───
    → +4 scen  (total 20 = 2850 rows)

─── Round 4/14 │ 20 scen = 2850 rows ───
    → +4 scen  (total 24 = 3300 rows)

─── Round 5/14 │ 24 scen = 3300 rows ───
    → +4 scen  (total 28 = 3925 rows)

─── Round 6/14 │ 28 scen = 3925 rows ───
    → +4 scen  (total 32 = 4500 rows)

─── Round 7/14 │ 32 scen = 4500 rows ───
    → +4 scen  (total 36 = 5600 rows)

─── Round 8/14 │ 36 scen = 5600 rows ───
    → +4 scen  (total 40 = 5925 rows)

─── Round 9/14 │ 40 scen = 5925 rows ───
    → +4 scen  (total 44 = 6275 rows)

─── Round 10/14 │ 44 scen = 6275 rows ───
    → +4 scen  (total 48 = 6850 rows)

─── Round 11/14 │ 48 scen = 6850 rows ───
    → +4 scen  (total 52 = 7475 rows)

─── Round 12/14 │ 52 scen = 7475 rows ───
    → +4 scen  (total 56 = 8000 rows)

─── Round 13/14 │ 56 scen = 8000 rows ───
    → +4 scen  (total 60 = 8425 rows)

─── Round 14/14 │ 60 scen = 8425 rows ───

─── Final polish │ 300 ep ───
    ep  2000  data=5.273e-04  pde=0.000e+00  λ=0.0000  val_mse=1.099e-03

[Done v3]  108.4s  60 scen  8425 rows  val_mse=1.0989e-03
  internal: 6.1013e-04  LHS: 6.4565e-02  (108s)

[ann_oneshot]
  t_max override: ub[:,1] = 15.02  (was 1.00)
  Model: ANN   h=192  L=4  +PCA bottleneck k=8
  internal: 4.4270e-03  LHS: 1.3721e-01  (129s)

── seed=789 ──

[pinn_al]
  t_max override: ub[:,1] = 15.02  (was 1.00)
  Model: PINN  h=192  L=4  K=3  +PCA bottleneck k=8
[v3 trainer] PINN+committee+PDE  budget=60  n0=4  k=4  rounds=14  total_ep=2100  λ_max=0.002

─── Round 0/14 │ 4 scen = 575 rows ───
    coll=575  scales=[1.49e+01, 1.76e-01, 4.04e+01, 6.28e+01]
    → +4 scen  (total 8 = 1175 rows)

─── Round 1/14 │ 8 scen = 1175 rows ───
    coll=1500  scales=[1.49e+01, 3.72e-01, 3.65e+01, 5.71e+01]
    → +4 scen  (total 12 = 1575 rows)

─── Round 2/14 │ 12 scen = 1575 rows ───
    coll=1500  scales=[1.37e+01, 3.96e-01, 3.28e+01, 5.14e+01]
    → +4 scen  (total 16 = 2025 rows)

─── Round 3/14 │ 16 scen = 2025 rows ───
    coll=1500  scales=[1.27e+01, 4.12e-01, 2.96e+01, 4.63e+01]
    → +4 scen  (total 20 = 2800 rows)

─── Round 4/14 │ 20 scen = 2800 rows ───
    coll=1500  scales=[1.19e+01, 4.97e-01, 2.67e+01, 4.17e+01]
    → +4 scen  (total 24 = 3325 rows)

─── Round 5/14 │ 24 scen = 3325 rows ───
    coll=1500  scales=[1.08e+01, 4.82e-01, 2.40e+01, 3.75e+01]
    → +4 scen  (total 28 = 3750 rows)

─── Round 6/14 │ 28 scen = 3750 rows ───
    coll=1500  scales=[9.94e+00, 4.52e-01, 2.16e+01, 3.38e+01]
    → +4 scen  (total 32 = 4425 rows)

─── Round 7/14 │ 32 scen = 4425 rows ───
    coll=1500  scales=[9.10e+00, 4.26e-01, 1.95e+01, 3.04e+01]
    → +4 scen  (total 36 = 5000 rows)

─── Round 8/14 │ 36 scen = 5000 rows ───
    coll=1500  scales=[8.47e+00, 4.55e-01, 1.75e+01, 2.74e+01]
    → +4 scen  (total 40 = 5400 rows)

─── Round 9/14 │ 40 scen = 5400 rows ───
    coll=1500  scales=[7.70e+00, 4.24e-01, 1.58e+01, 2.47e+01]
    → +4 scen  (total 44 = 6025 rows)

─── Round 10/14 │ 44 scen = 6025 rows ───
    coll=1500  scales=[7.02e+00, 4.03e-01, 1.42e+01, 2.22e+01]
    → +4 scen  (total 48 = 6650 rows)

─── Round 11/14 │ 48 scen = 6650 rows ───
    coll=1500  scales=[6.43e+00, 3.86e-01, 1.28e+01, 2.00e+01]
    → +4 scen  (total 52 = 7175 rows)

─── Round 12/14 │ 52 scen = 7175 rows ───
    coll=1500  scales=[5.88e+00, 3.61e-01, 1.15e+01, 1.80e+01]
    → +4 scen  (total 56 = 7625 rows)

─── Round 13/14 │ 56 scen = 7625 rows ───
    coll=1500  scales=[5.36e+00, 3.40e-01, 1.04e+01, 1.62e+01]
    → +4 scen  (total 60 = 8325 rows)

─── Round 14/14 │ 60 scen = 8325 rows ───
    coll=1500  scales=[4.90e+00, 3.18e-01, 9.36e+00, 1.46e+01]

─── Final polish │ 300 ep ───
    ep  2000  data=-4.776e-01  pde=7.026e-02  λ=0.0020  val_mse=4.792e-04

[Done v3]  585.5s  60 scen  8325 rows  val_mse=4.7789e-04
  internal: 2.7788e-04  LHS: 3.5188e-02  (586s)

[pinn_ic_coreset]
  t_max override: ub[:,1] = 15.02  (was 1.00)
  Model: PINN  h=192  L=4  K=3  +PCA bottleneck k=8
[v3 trainer] PINN+committee+PDE  budget=60  n0=4  k=4  rounds=14  total_ep=2100  λ_max=0.002

─── Round 0/14 │ 4 scen = 575 rows ───
    coll=575  scales=[1.49e+01, 1.76e-01, 4.04e+01, 6.28e+01]
    → +4 scen  (total 8 = 1450 rows)

─── Round 1/14 │ 8 scen = 1450 rows ───
    coll=1500  scales=[1.51e+01, 4.53e-01, 3.64e+01, 5.71e+01]
    → +4 scen  (total 12 = 1975 rows)

─── Round 2/14 │ 12 scen = 1975 rows ───
    coll=1500  scales=[1.39e+01, 4.72e-01, 3.29e+01, 5.14e+01]
    → +4 scen  (total 16 = 3050 rows)

─── Round 3/14 │ 16 scen = 3050 rows ───
    coll=1500  scales=[1.27e+01, 4.67e-01, 2.96e+01, 4.63e+01]
    → +4 scen  (total 20 = 3350 rows)

─── Round 4/14 │ 20 scen = 3350 rows ───
    coll=1500  scales=[1.16e+01, 4.54e-01, 2.67e+01, 4.18e+01]
    → +4 scen  (total 24 = 3950 rows)

─── Round 5/14 │ 24 scen = 3950 rows ───
    coll=1500  scales=[1.07e+01, 4.33e-01, 2.41e+01, 3.76e+01]
    → +4 scen  (total 28 = 4675 rows)

─── Round 6/14 │ 28 scen = 4675 rows ───
    coll=1500  scales=[9.78e+00, 4.08e-01, 2.17e+01, 3.39e+01]
    → +4 scen  (total 32 = 5175 rows)

─── Round 7/14 │ 32 scen = 5175 rows ───
    coll=1500  scales=[8.90e+00, 3.90e-01, 1.95e+01, 3.06e+01]
    → +4 scen  (total 36 = 5825 rows)

─── Round 8/14 │ 36 scen = 5825 rows ───
    coll=1500  scales=[8.11e+00, 3.68e-01, 1.76e+01, 2.75e+01]
    → +4 scen  (total 40 = 6575 rows)

─── Round 9/14 │ 40 scen = 6575 rows ───
    coll=1500  scales=[7.40e+00, 3.45e-01, 1.58e+01, 2.48e+01]
    → +4 scen  (total 44 = 7175 rows)

─── Round 10/14 │ 44 scen = 7175 rows ───
    coll=1500  scales=[6.74e+00, 3.25e-01, 1.43e+01, 2.24e+01]
    → +4 scen  (total 48 = 7825 rows)

─── Round 11/14 │ 48 scen = 7825 rows ───
    coll=1500  scales=[6.15e+00, 3.10e-01, 1.28e+01, 2.01e+01]
    → +4 scen  (total 52 = 8500 rows)

─── Round 12/14 │ 52 scen = 8500 rows ───
    coll=1500  scales=[5.64e+00, 2.93e-01, 1.16e+01, 1.81e+01]
    → +4 scen  (total 56 = 9075 rows)

─── Round 13/14 │ 56 scen = 9075 rows ───
    coll=1500  scales=[5.17e+00, 2.79e-01, 1.04e+01, 1.63e+01]
    → +4 scen  (total 60 = 9800 rows)

─── Round 14/14 │ 60 scen = 9800 rows ───
    coll=1500  scales=[4.73e+00, 2.69e-01, 9.39e+00, 1.47e+01]

─── Final polish │ 300 ep ───
    ep  2000  data=-4.768e-01  pde=9.531e-02  λ=0.0020  val_mse=6.855e-04

[Done v3]  608.8s  60 scen  9800 rows  val_mse=6.8330e-04
  internal: 4.1867e-04  LHS: 3.8558e-02  (609s)

[pinn_seqrand]
  t_max override: ub[:,1] = 15.02  (was 1.00)
  Model: PINN  h=192  L=4  K=3  +PCA bottleneck k=8
[v3 trainer] PINN+committee+PDE  budget=60  n0=4  k=4  rounds=14  total_ep=2100  λ_max=0.002

─── Round 0/14 │ 4 scen = 575 rows ───
    coll=575  scales=[1.49e+01, 1.76e-01, 4.04e+01, 6.28e+01]
    → +4 scen  (total 8 = 1175 rows)

─── Round 1/14 │ 8 scen = 1175 rows ───
    coll=1500  scales=[1.37e+01, 1.75e-01, 3.64e+01, 5.69e+01]
    → +4 scen  (total 12 = 1850 rows)

─── Round 2/14 │ 12 scen = 1850 rows ───
    coll=1500  scales=[1.27e+01, 1.72e-01, 3.28e+01, 5.15e+01]
    → +4 scen  (total 16 = 2550 rows)

─── Round 3/14 │ 16 scen = 2550 rows ───
    coll=1500  scales=[1.18e+01, 1.68e-01, 2.95e+01, 4.66e+01]
    → +4 scen  (total 20 = 3100 rows)

─── Round 4/14 │ 20 scen = 3100 rows ───
    coll=1500  scales=[1.10e+01, 2.04e-01, 2.66e+01, 4.21e+01]
    → +4 scen  (total 24 = 3525 rows)

─── Round 5/14 │ 24 scen = 3525 rows ───
    coll=1500  scales=[9.99e+00, 1.92e-01, 2.40e+01, 3.81e+01]
    → +4 scen  (total 28 = 4100 rows)

─── Round 6/14 │ 28 scen = 4100 rows ───
    coll=1500  scales=[9.16e+00, 2.06e-01, 2.16e+01, 3.44e+01]
    → +4 scen  (total 32 = 4675 rows)

─── Round 7/14 │ 32 scen = 4675 rows ───
    coll=1500  scales=[8.35e+00, 2.17e-01, 1.94e+01, 3.10e+01]
    → +4 scen  (total 36 = 5100 rows)

─── Round 8/14 │ 36 scen = 5100 rows ───
    coll=1500  scales=[7.62e+00, 2.02e-01, 1.75e+01, 2.80e+01]
    → +4 scen  (total 40 = 5750 rows)

─── Round 9/14 │ 40 scen = 5750 rows ───
    coll=1500  scales=[7.09e+00, 1.97e-01, 1.58e+01, 2.52e+01]
    → +4 scen  (total 44 = 6725 rows)

─── Round 10/14 │ 44 scen = 6725 rows ───
    coll=1500  scales=[6.52e+00, 2.00e-01, 1.42e+01, 2.27e+01]
    → +4 scen  (total 48 = 7325 rows)

─── Round 11/14 │ 48 scen = 7325 rows ───
    coll=1500  scales=[5.97e+00, 1.88e-01, 1.28e+01, 2.05e+01]
    → +4 scen  (total 52 = 7775 rows)

─── Round 12/14 │ 52 scen = 7775 rows ───
    coll=1500  scales=[5.47e+00, 1.82e-01, 1.15e+01, 1.84e+01]
    → +4 scen  (total 56 = 8475 rows)

─── Round 13/14 │ 56 scen = 8475 rows ───
    coll=1500  scales=[5.00e+00, 1.71e-01, 1.04e+01, 1.66e+01]
    → +4 scen  (total 60 = 8850 rows)

─── Round 14/14 │ 60 scen = 8850 rows ───
    coll=1500  scales=[4.57e+00, 1.62e-01, 9.37e+00, 1.49e+01]

─── Final polish │ 300 ep ───
    ep  2000  data=-4.794e-01  pde=8.515e-02  λ=0.0020  val_mse=1.493e-03

[Done v3]  591.1s  60 scen  8850 rows  val_mse=1.4885e-03
  internal: 9.8488e-04  LHS: 5.6059e-02  (591s)

[pinn_oneshot]
  t_max override: ub[:,1] = 15.02  (was 1.00)
  Model: PINN  h=192  L=4  K=3  +PCA bottleneck k=8
  internal: 1.3471e-03  LHS: 6.4866e-02  (724s)

[ann_al]
  t_max override: ub[:,1] = 15.02  (was 1.00)
  Model: ANN   h=192  L=4  +PCA bottleneck k=8
[v3 trainer] ANN  budget=60  n0=4  k=4  rounds=14  total_ep=2100  λ_max=0.0

─── Round 0/14 │ 4 scen = 575 rows ───
    → +4 scen  (total 8 = 1500 rows)

─── Round 1/14 │ 8 scen = 1500 rows ───
    → +4 scen  (total 12 = 2150 rows)

─── Round 2/14 │ 12 scen = 2150 rows ───
    → +4 scen  (total 16 = 2600 rows)

─── Round 3/14 │ 16 scen = 2600 rows ───
    → +4 scen  (total 20 = 3025 rows)

─── Round 4/14 │ 20 scen = 3025 rows ───
    → +4 scen  (total 24 = 3475 rows)

─── Round 5/14 │ 24 scen = 3475 rows ───
    → +4 scen  (total 28 = 4050 rows)

─── Round 6/14 │ 28 scen = 4050 rows ───
    → +4 scen  (total 32 = 4775 rows)

─── Round 7/14 │ 32 scen = 4775 rows ───
    → +4 scen  (total 36 = 5450 rows)

─── Round 8/14 │ 36 scen = 5450 rows ───
    → +4 scen  (total 40 = 6250 rows)

─── Round 9/14 │ 40 scen = 6250 rows ───
    → +4 scen  (total 44 = 6700 rows)

─── Round 10/14 │ 44 scen = 6700 rows ───
    → +4 scen  (total 48 = 7150 rows)

─── Round 11/14 │ 48 scen = 7150 rows ───
    → +4 scen  (total 52 = 7700 rows)

─── Round 12/14 │ 52 scen = 7700 rows ───
    → +4 scen  (total 56 = 8225 rows)

─── Round 13/14 │ 56 scen = 8225 rows ───
    → +4 scen  (total 60 = 8775 rows)

─── Round 14/14 │ 60 scen = 8775 rows ───

─── Final polish │ 300 ep ───
    ep  2000  data=5.909e-04  pde=0.000e+00  λ=0.0000  val_mse=1.145e-03

[Done v3]  111.0s  60 scen  8775 rows  val_mse=1.1450e-03
  internal: 6.5814e-04  LHS: 6.3505e-02  (111s)

[ann_oneshot]
  t_max override: ub[:,1] = 15.02  (was 1.00)
  Model: ANN   h=192  L=4  +PCA bottleneck k=8
  internal: 1.8143e-03  LHS: 6.5448e-02  (146s)

── seed=1024 ──

[pinn_al]
  t_max override: ub[:,1] = 15.02  (was 1.00)
  Model: PINN  h=192  L=4  K=3  +PCA bottleneck k=8
[v3 trainer] PINN+committee+PDE  budget=60  n0=4  k=4  rounds=14  total_ep=2100  λ_max=0.002

─── Round 0/14 │ 4 scen = 600 rows ───
    coll=600  scales=[3.59e-01, 4.00e-01, 1.95e-01, 3.20e+00]
    → +4 scen  (total 8 = 1675 rows)

─── Round 1/14 │ 8 scen = 1675 rows ───
    coll=1500  scales=[2.25e+00, 4.83e-01, 2.44e+00, 7.53e+00]
    → +4 scen  (total 12 = 1900 rows)

─── Round 2/14 │ 12 scen = 1900 rows ───
    coll=1500  scales=[2.12e+00, 4.72e-01, 2.21e+00, 6.90e+00]
    → +4 scen  (total 16 = 2250 rows)

─── Round 3/14 │ 16 scen = 2250 rows ───
    coll=1500  scales=[1.97e+00, 4.46e-01, 2.00e+00, 6.22e+00]
    → +4 scen  (total 20 = 2625 rows)

─── Round 4/14 │ 20 scen = 2625 rows ───
    coll=1500  scales=[1.84e+00, 4.24e-01, 1.81e+00, 5.62e+00]
    → +4 scen  (total 24 = 3000 rows)

─── Round 5/14 │ 24 scen = 3000 rows ───
    coll=1500  scales=[1.72e+00, 4.00e-01, 1.64e+00, 5.08e+00]
    → +4 scen  (total 28 = 3475 rows)

─── Round 6/14 │ 28 scen = 3475 rows ───
    coll=1500  scales=[1.67e+00, 4.29e-01, 1.49e+00, 4.60e+00]
    → +4 scen  (total 32 = 4100 rows)

─── Round 7/14 │ 32 scen = 4100 rows ───
    coll=1500  scales=[1.58e+00, 4.18e-01, 1.36e+00, 4.16e+00]
    → +4 scen  (total 36 = 4750 rows)

─── Round 8/14 │ 36 scen = 4750 rows ───
    coll=1500  scales=[1.47e+00, 4.00e-01, 1.23e+00, 3.76e+00]
    → +4 scen  (total 40 = 5300 rows)

─── Round 9/14 │ 40 scen = 5300 rows ───
    coll=1500  scales=[1.36e+00, 3.75e-01, 1.11e+00, 3.39e+00]
    → +4 scen  (total 44 = 5775 rows)

─── Round 10/14 │ 44 scen = 5775 rows ───
    coll=1500  scales=[1.27e+00, 3.55e-01, 1.00e+00, 3.06e+00]
    → +4 scen  (total 48 = 6250 rows)

─── Round 11/14 │ 48 scen = 6250 rows ───
    coll=1500  scales=[1.18e+00, 3.39e-01, 9.08e-01, 2.77e+00]
    → +4 scen  (total 52 = 7375 rows)

─── Round 12/14 │ 52 scen = 7375 rows ───
    coll=1500  scales=[1.10e+00, 3.18e-01, 8.21e-01, 2.50e+00]
    → +4 scen  (total 56 = 8025 rows)

─── Round 13/14 │ 56 scen = 8025 rows ───
    coll=1500  scales=[1.03e+00, 3.00e-01, 7.43e-01, 2.26e+00]
    → +4 scen  (total 60 = 8800 rows)

─── Round 14/14 │ 60 scen = 8800 rows ───
    coll=1500  scales=[9.54e-01, 2.81e-01, 6.72e-01, 2.04e+00]

─── Final polish │ 300 ep ───
    ep  2000  data=-4.702e-01  pde=1.169e-01  λ=0.0020  val_mse=9.367e-04

[Done v3]  597.7s  60 scen  8800 rows  val_mse=9.3211e-04
  internal: 8.3304e-04  LHS: 4.6963e-02  (598s)

[pinn_ic_coreset]
  t_max override: ub[:,1] = 15.02  (was 1.00)
  Model: PINN  h=192  L=4  K=3  +PCA bottleneck k=8
[v3 trainer] PINN+committee+PDE  budget=60  n0=4  k=4  rounds=14  total_ep=2100  λ_max=0.002

─── Round 0/14 │ 4 scen = 600 rows ───
    coll=600  scales=[3.59e-01, 4.00e-01, 1.95e-01, 3.20e+00]
    → +4 scen  (total 8 = 1575 rows)

─── Round 1/14 │ 8 scen = 1575 rows ───
    coll=1500  scales=[8.60e-01, 5.31e-01, 3.66e-01, 3.23e+00]
    → +4 scen  (total 12 = 2200 rows)

─── Round 2/14 │ 12 scen = 2200 rows ───
    coll=1500  scales=[8.58e-01, 5.32e-01, 3.37e-01, 2.92e+00]
    → +4 scen  (total 16 = 3025 rows)

─── Round 3/14 │ 16 scen = 3025 rows ───
    coll=1500  scales=[8.27e-01, 5.03e-01, 3.11e-01, 2.64e+00]
    → +4 scen  (total 20 = 3450 rows)

─── Round 4/14 │ 20 scen = 3450 rows ───
    coll=1500  scales=[8.42e-01, 5.23e-01, 2.88e-01, 2.40e+00]
    → +4 scen  (total 24 = 3925 rows)

─── Round 5/14 │ 24 scen = 3925 rows ───
    coll=1500  scales=[8.34e-01, 5.04e-01, 2.66e-01, 2.17e+00]
    → +4 scen  (total 28 = 4725 rows)

─── Round 6/14 │ 28 scen = 4725 rows ───
    coll=1500  scales=[7.94e-01, 4.79e-01, 2.44e-01, 1.97e+00]
    → +4 scen  (total 32 = 5050 rows)

─── Round 7/14 │ 32 scen = 5050 rows ───
    coll=1500  scales=[8.08e-01, 4.66e-01, 2.26e-01, 1.78e+00]
    → +4 scen  (total 36 = 5850 rows)

─── Round 8/14 │ 36 scen = 5850 rows ───
    coll=1500  scales=[8.03e-01, 5.15e-01, 2.19e-01, 1.63e+00]
    → +4 scen  (total 40 = 6575 rows)

─── Round 9/14 │ 40 scen = 6575 rows ───
    coll=1500  scales=[7.95e-01, 4.88e-01, 2.03e-01, 1.48e+00]
    → +4 scen  (total 44 = 7275 rows)

─── Round 10/14 │ 44 scen = 7275 rows ───
    coll=1500  scales=[7.48e-01, 4.55e-01, 1.87e-01, 1.34e+00]
    → +4 scen  (total 48 = 7825 rows)

─── Round 11/14 │ 48 scen = 7825 rows ───
    coll=1500  scales=[7.14e-01, 4.27e-01, 1.72e-01, 1.21e+00]
    → +4 scen  (total 52 = 8400 rows)

─── Round 12/14 │ 52 scen = 8400 rows ───
    coll=1500  scales=[6.82e-01, 4.02e-01, 1.59e-01, 1.10e+00]
    → +4 scen  (total 56 = 9075 rows)

─── Round 13/14 │ 56 scen = 9075 rows ───
    coll=1500  scales=[6.38e-01, 3.76e-01, 1.46e-01, 9.97e-01]
    → +4 scen  (total 60 = 9775 rows)

─── Round 14/14 │ 60 scen = 9775 rows ───
    coll=1500  scales=[6.01e-01, 3.51e-01, 1.33e-01, 9.03e-01]

─── Final polish │ 300 ep ───
    ep  2000  data=-4.766e-01  pde=1.494e-01  λ=0.0020  val_mse=1.145e-03

[Done v3]  611.6s  60 scen  9775 rows  val_mse=1.1375e-03
  internal: 1.1559e-03  LHS: 3.9594e-02  (612s)

[pinn_seqrand]
  t_max override: ub[:,1] = 15.02  (was 1.00)
  Model: PINN  h=192  L=4  K=3  +PCA bottleneck k=8
[v3 trainer] PINN+committee+PDE  budget=60  n0=4  k=4  rounds=14  total_ep=2100  λ_max=0.002

─── Round 0/14 │ 4 scen = 600 rows ───
    coll=600  scales=[3.59e-01, 4.00e-01, 1.95e-01, 3.20e+00]
    → +4 scen  (total 8 = 1250 rows)

─── Round 1/14 │ 8 scen = 1250 rows ───
    coll=1500  scales=[4.48e-01, 4.05e-01, 2.14e-01, 3.05e+00]
    → +4 scen  (total 12 = 1875 rows)

─── Round 2/14 │ 12 scen = 1875 rows ───
    coll=1500  scales=[8.23e-01, 4.54e-01, 2.87e-01, 2.87e+00]
    → +4 scen  (total 16 = 2600 rows)

─── Round 3/14 │ 16 scen = 2600 rows ───
    coll=1500  scales=[8.80e-01, 4.58e-01, 2.64e-01, 2.60e+00]
    → +4 scen  (total 20 = 3025 rows)

─── Round 4/14 │ 20 scen = 3025 rows ───
    coll=1500  scales=[8.52e-01, 4.56e-01, 2.48e-01, 2.36e+00]
    → +4 scen  (total 24 = 3750 rows)

─── Round 5/14 │ 24 scen = 3750 rows ───
    coll=1500  scales=[7.89e-01, 4.31e-01, 2.33e-01, 2.14e+00]
    → +4 scen  (total 28 = 4250 rows)

─── Round 6/14 │ 28 scen = 4250 rows ───
    coll=1500  scales=[7.47e-01, 4.02e-01, 2.15e-01, 1.94e+00]
    → +4 scen  (total 32 = 4775 rows)

─── Round 7/14 │ 32 scen = 4775 rows ───
    coll=1500  scales=[7.36e-01, 4.22e-01, 2.03e-01, 1.76e+00]
    → +4 scen  (total 36 = 5150 rows)

─── Round 8/14 │ 36 scen = 5150 rows ───
    coll=1500  scales=[7.13e-01, 4.92e-01, 1.95e-01, 1.61e+00]
    → +4 scen  (total 40 = 5800 rows)

─── Round 9/14 │ 40 scen = 5800 rows ───
    coll=1500  scales=[6.74e-01, 4.58e-01, 1.81e-01, 1.46e+00]
    → +4 scen  (total 44 = 6175 rows)

─── Round 10/14 │ 44 scen = 6175 rows ───
    coll=1500  scales=[6.31e-01, 4.23e-01, 1.67e-01, 1.33e+00]
    → +4 scen  (total 48 = 6950 rows)

─── Round 11/14 │ 48 scen = 6950 rows ───
    coll=1500  scales=[5.97e-01, 3.95e-01, 1.53e-01, 1.20e+00]
    → +4 scen  (total 52 = 7425 rows)

─── Round 12/14 │ 52 scen = 7425 rows ───
    coll=1500  scales=[5.77e-01, 3.75e-01, 1.42e-01, 1.09e+00]
    → +4 scen  (total 56 = 7900 rows)

─── Round 13/14 │ 56 scen = 7900 rows ───
    coll=1500  scales=[5.49e-01, 3.54e-01, 1.31e-01, 9.91e-01]
    → +4 scen  (total 60 = 8625 rows)

─── Round 14/14 │ 60 scen = 8625 rows ───
    coll=1500  scales=[5.17e-01, 3.28e-01, 1.21e-01, 8.98e-01]

─── Final polish │ 300 ep ───
    ep  2000  data=-4.765e-01  pde=1.548e-01  λ=0.0020  val_mse=2.657e-03

[Done v3]  587.9s  60 scen  8625 rows  val_mse=2.6490e-03
  internal: 7.5634e-03  LHS: 6.9198e-02  (588s)

[pinn_oneshot]
  t_max override: ub[:,1] = 15.02  (was 1.00)
  Model: PINN  h=192  L=4  K=3  +PCA bottleneck k=8
  internal: 3.7999e-03  LHS: 4.8076e-02  (698s)

[ann_al]
  t_max override: ub[:,1] = 15.02  (was 1.00)
  Model: ANN   h=192  L=4  +PCA bottleneck k=8
[v3 trainer] ANN  budget=60  n0=4  k=4  rounds=14  total_ep=2100  λ_max=0.0

─── Round 0/14 │ 4 scen = 600 rows ───
    → +4 scen  (total 8 = 1175 rows)

─── Round 1/14 │ 8 scen = 1175 rows ───
    → +4 scen  (total 12 = 1825 rows)

─── Round 2/14 │ 12 scen = 1825 rows ───
    → +4 scen  (total 16 = 2250 rows)

─── Round 3/14 │ 16 scen = 2250 rows ───
    → +4 scen  (total 20 = 2775 rows)

─── Round 4/14 │ 20 scen = 2775 rows ───
    → +4 scen  (total 24 = 3075 rows)

─── Round 5/14 │ 24 scen = 3075 rows ───
    → +4 scen  (total 28 = 3775 rows)

─── Round 6/14 │ 28 scen = 3775 rows ───
    → +4 scen  (total 32 = 4475 rows)

─── Round 7/14 │ 32 scen = 4475 rows ───
    → +4 scen  (total 36 = 5050 rows)

─── Round 8/14 │ 36 scen = 5050 rows ───
    → +4 scen  (total 40 = 5650 rows)

─── Round 9/14 │ 40 scen = 5650 rows ───
    → +4 scen  (total 44 = 6300 rows)

─── Round 10/14 │ 44 scen = 6300 rows ───
    → +4 scen  (total 48 = 7075 rows)

─── Round 11/14 │ 48 scen = 7075 rows ───
    → +4 scen  (total 52 = 7525 rows)

─── Round 12/14 │ 52 scen = 7525 rows ───
    → +4 scen  (total 56 = 8550 rows)

─── Round 13/14 │ 56 scen = 8550 rows ───
    → +4 scen  (total 60 = 9175 rows)

─── Round 14/14 │ 60 scen = 9175 rows ───

─── Final polish │ 300 ep ───
    ep  2000  data=6.917e-04  pde=0.000e+00  λ=0.0000  val_mse=6.206e-04

[Done v3]  107.9s  60 scen  9175 rows  val_mse=6.2014e-04
  internal: 3.9931e-04  LHS: 3.9357e-02  (108s)

[ann_oneshot]
  t_max override: ub[:,1] = 15.02  (was 1.00)
  Model: ANN   h=192  L=4  +PCA bottleneck k=8
  internal: 2.2042e-03  LHS: 1.0030e-01  (135s)

[Sweep done] → psa_biased_v8_evac\psa_v7_sweep_final.json

====================================================================================================
  INTERNAL TEST
====================================================================================================
Budget           pinn_al  pinn_ic_corese    pinn_seqrand    pinn_oneshot          ann_al     ann_oneshot
--------------------------------------------------------------------------------------------------------
    12        3.4691e-03      3.4262e-03      1.4246e-02      8.2690e-03      4.0505e-03      6.5742e-03
    30        2.2022e-03      1.8382e-03      5.4173e-03      1.0589e-02      9.0256e-04      8.3927e-03
    60        8.1855e-04      8.2729e-04      3.5967e-03      2.5228e-03      5.3381e-04      2.6898e-03

  IMPROVEMENT % on internal test (pinn_al vs each baseline, mean across budgets):
    pinn_al vs pinn_ic_coreset: mean=  -6.7%  range [-19.8%,  +1.1%]
    pinn_al vs   pinn_seqrand: mean= +70.7%  range [+59.3%, +77.2%]
    pinn_al vs   pinn_oneshot: mean= +68.3%  range [+58.0%, +79.2%]
    pinn_al vs         ann_al: mean= -61.0%  range [-144.0%, +14.4%]
    pinn_al vs    ann_oneshot: mean= +63.5%  range [+47.2%, +73.8%]

====================================================================================================
  LHS EXTERNAL TEST
====================================================================================================
Budget           pinn_al  pinn_ic_corese    pinn_seqrand    pinn_oneshot          ann_al     ann_oneshot
--------------------------------------------------------------------------------------------------------
    12        5.5648e-02      5.8841e-02      1.3271e-01      7.1358e-02      5.7914e-02      1.3452e-01
    30        4.3985e-02      5.1025e-02      7.7742e-02      8.2961e-02      5.3990e-02      1.5386e-01
    60        4.0230e-02      4.4552e-02      6.1514e-02      5.1312e-02      5.1716e-02      7.8220e-02

  IMPROVEMENT % on LHS external test (pinn_al vs each baseline, mean across budgets):
    pinn_al vs pinn_ic_coreset: mean=  +9.6%  range [ +5.4%, +13.8%]
    pinn_al vs   pinn_seqrand: mean= +45.4%  range [+34.6%, +58.1%]
    pinn_al vs   pinn_oneshot: mean= +30.2%  range [+21.6%, +47.0%]
    pinn_al vs         ann_al: mean= +14.9%  range [ +3.9%, +22.2%]
    pinn_al vs    ann_oneshot: mean= +59.5%  range [+48.6%, +71.4%]
