[Quick mode]
device=cuda  out_dir=psa_biased_v8_press
Loaded press: x=(115800, 102)  y=(115800, 4)
Identified 394 scenarios
Split: pool=324  val=30  internal-test=40
Biasing pool: 70% clustered near 3 IC nominals
  [biased_pool] unique=145 (48 biased ×5 + 97 spread) → pool size 337, effective bias = 71%
  pool size after biasing: 337 (was 70 reserved)
External LHS test: x=(5925, 102)  y=(5925, 4)
  LHS scenarios: 24, rows after extraction: 5925
  PCA bottleneck k=8: explains 99.1% IC variance
  t_max (physical) = 11.01s — will override ub[:,1] inside build_model

======================================================================
BUDGET = 12 scenarios
======================================================================

── seed=42 ──

[pinn_al]
  t_max override: ub[:,1] = 11.01  (was 1.00)
  Model: PINN  h=96  L=3  K=3  +PCA bottleneck k=8
[v3 trainer] PINN+committee+PDE  budget=12  n0=4  k=4  rounds=2  total_ep=660  λ_max=0.002

─── Round 0/2 │ 4 scen = 900 rows ───
    coll=900  scales=[1.45e+03, 1.55e+00, 8.33e+01, 5.08e+02]
    → +4 scen  (total 8 = 1775 rows)

─── Round 1/2 │ 8 scen = 1775 rows ───
    coll=1500  scales=[1.39e+03, 1.69e+00, 7.92e+01, 5.14e+02]
    → +4 scen  (total 12 = 2625 rows)

─── Round 2/2 │ 12 scen = 2625 rows ───
    coll=1500  scales=[1.25e+03, 1.61e+00, 7.14e+01, 4.63e+02]

─── Final polish │ 300 ep ───
    ep   560  data=-4.502e-01  pde=3.639e-01  λ=0.0020  val_mse=2.865e-03

[Done v3]  48.5s  12 scen  2625 rows  val_mse=2.8180e-03
  internal: 1.2376e-03  LHS: 2.6068e-02  (49s)

[pinn_ic_coreset]
  t_max override: ub[:,1] = 11.01  (was 1.00)
  Model: PINN  h=96  L=3  K=3  +PCA bottleneck k=8
[v3 trainer] PINN+committee+PDE  budget=12  n0=4  k=4  rounds=2  total_ep=660  λ_max=0.002

─── Round 0/2 │ 4 scen = 900 rows ───
    coll=900  scales=[1.45e+03, 1.55e+00, 8.33e+01, 5.08e+02]
    → +4 scen  (total 8 = 1850 rows)

─── Round 1/2 │ 8 scen = 1850 rows ───
    coll=1500  scales=[1.39e+03, 1.67e+00, 7.92e+01, 5.14e+02]
    → +4 scen  (total 12 = 2700 rows)

─── Round 2/2 │ 12 scen = 2700 rows ───
    coll=1500  scales=[1.25e+03, 1.59e+00, 7.14e+01, 4.63e+02]

─── Final polish │ 300 ep ───
    ep   560  data=-4.514e-01  pde=3.432e-01  λ=0.0020  val_mse=1.839e-03

[Done v3]  44.7s  12 scen  2700 rows  val_mse=1.7582e-03
  internal: 1.1468e-03  LHS: 2.6988e-02  (45s)

[pinn_seqrand]
  t_max override: ub[:,1] = 11.01  (was 1.00)
  Model: PINN  h=96  L=3  K=3  +PCA bottleneck k=8
[v3 trainer] PINN+committee+PDE  budget=12  n0=4  k=4  rounds=2  total_ep=660  λ_max=0.002

─── Round 0/2 │ 4 scen = 900 rows ───
    coll=900  scales=[1.45e+03, 1.55e+00, 8.33e+01, 5.08e+02]
    → +4 scen  (total 8 = 1825 rows)

─── Round 1/2 │ 8 scen = 1825 rows ───
    coll=1500  scales=[1.31e+03, 1.44e+00, 7.88e+01, 5.11e+02]
    → +4 scen  (total 12 = 2800 rows)

─── Round 2/2 │ 12 scen = 2800 rows ───
    coll=1500  scales=[1.18e+03, 1.38e+00, 7.10e+01, 4.63e+02]

─── Final polish │ 300 ep ───
    ep   560  data=-4.401e-01  pde=2.492e-01  λ=0.0020  val_mse=9.564e-03

[Done v3]  43.3s  12 scen  2800 rows  val_mse=9.4448e-03
  internal: 6.0895e-03  LHS: 2.8525e-01  (43s)

[pinn_oneshot]
  t_max override: ub[:,1] = 11.01  (was 1.00)
  Model: PINN  h=96  L=3  K=3  +PCA bottleneck k=8
  internal: 2.3969e-02  LHS: 9.2684e-01  (45s)

[ann_al]
  t_max override: ub[:,1] = 11.01  (was 1.00)
  Model: ANN   h=96  L=3  +PCA bottleneck k=8
[v3 trainer] ANN  budget=12  n0=4  k=4  rounds=2  total_ep=660  λ_max=0.0

─── Round 0/2 │ 4 scen = 900 rows ───
    → +4 scen  (total 8 = 1875 rows)

─── Round 1/2 │ 8 scen = 1875 rows ───
    → +4 scen  (total 12 = 2775 rows)

─── Round 2/2 │ 12 scen = 2775 rows ───

─── Final polish │ 300 ep ───
    ep   560  data=3.028e-03  pde=0.000e+00  λ=0.0000  val_mse=2.862e-03

[Done v3]  6.1s  12 scen  2775 rows  val_mse=2.8130e-03
  internal: 1.7721e-03  LHS: 2.5239e-02  (6s)

[ann_oneshot]
  t_max override: ub[:,1] = 11.01  (was 1.00)
  Model: ANN   h=96  L=3  +PCA bottleneck k=8
  internal: 2.2463e-02  LHS: 4.0793e-01  (5s)

── seed=123 ──

[pinn_al]
  t_max override: ub[:,1] = 11.01  (was 1.00)
  Model: PINN  h=96  L=3  K=3  +PCA bottleneck k=8
[v3 trainer] PINN+committee+PDE  budget=12  n0=4  k=4  rounds=2  total_ep=660  λ_max=0.002

─── Round 0/2 │ 4 scen = 875 rows ───
    coll=875  scales=[1.19e+00, 1.53e+00, 7.10e-01, 9.92e-01]
    → +4 scen  (total 8 = 1750 rows)

─── Round 1/2 │ 8 scen = 1750 rows ───
    coll=1500  scales=[4.89e+01, 1.59e+00, 6.69e+00, 4.15e+01]
    → +4 scen  (total 12 = 2600 rows)

─── Round 2/2 │ 12 scen = 2600 rows ───
    coll=1500  scales=[4.43e+01, 1.62e+00, 6.64e+00, 3.74e+01]

─── Final polish │ 300 ep ───
    ep   560  data=-4.459e-01  pde=5.289e-01  λ=0.0020  val_mse=3.780e-03

[Done v3]  43.9s  12 scen  2600 rows  val_mse=3.7078e-03
  internal: 1.6292e-03  LHS: 2.8246e-02  (44s)

[pinn_ic_coreset]
  t_max override: ub[:,1] = 11.01  (was 1.00)
  Model: PINN  h=96  L=3  K=3  +PCA bottleneck k=8
[v3 trainer] PINN+committee+PDE  budget=12  n0=4  k=4  rounds=2  total_ep=660  λ_max=0.002

─── Round 0/2 │ 4 scen = 875 rows ───
    coll=875  scales=[1.19e+00, 1.53e+00, 7.10e-01, 9.92e-01]
    → +4 scen  (total 8 = 1850 rows)

─── Round 1/2 │ 8 scen = 1850 rows ───
    coll=1500  scales=[3.45e+01, 1.57e+00, 6.57e+00, 4.09e+01]
    → +4 scen  (total 12 = 2725 rows)

─── Round 2/2 │ 12 scen = 2725 rows ───
    coll=1500  scales=[3.13e+01, 1.53e+00, 6.00e+00, 3.89e+01]

─── Final polish │ 300 ep ───
    ep   560  data=-4.349e-01  pde=6.936e-01  λ=0.0020  val_mse=3.598e-03

[Done v3]  44.8s  12 scen  2725 rows  val_mse=3.4547e-03
  internal: 2.1817e-03  LHS: 3.0566e-02  (45s)

[pinn_seqrand]
  t_max override: ub[:,1] = 11.01  (was 1.00)
  Model: PINN  h=96  L=3  K=3  +PCA bottleneck k=8
[v3 trainer] PINN+committee+PDE  budget=12  n0=4  k=4  rounds=2  total_ep=660  λ_max=0.002

─── Round 0/2 │ 4 scen = 875 rows ───
    coll=875  scales=[1.19e+00, 1.53e+00, 7.10e-01, 9.92e-01]
    → +4 scen  (total 8 = 1825 rows)

─── Round 1/2 │ 8 scen = 1825 rows ───
    coll=1500  scales=[1.12e+00, 1.43e+00, 6.48e+00, 3.61e+01]
    → +4 scen  (total 12 = 2775 rows)

─── Round 2/2 │ 12 scen = 2775 rows ───
    coll=1500  scales=[1.06e+00, 1.36e+00, 5.84e+00, 3.28e+01]

─── Final polish │ 300 ep ───
    ep   560  data=-4.215e-01  pde=5.659e-01  λ=0.0020  val_mse=8.327e-03

[Done v3]  46.1s  12 scen  2775 rows  val_mse=8.0049e-03
  internal: 4.1587e-03  LHS: 1.0425e-01  (46s)

[pinn_oneshot]
  t_max override: ub[:,1] = 11.01  (was 1.00)
  Model: PINN  h=96  L=3  K=3  +PCA bottleneck k=8
  internal: 1.2883e-02  LHS: 1.7499e-01  (44s)

[ann_al]
  t_max override: ub[:,1] = 11.01  (was 1.00)
  Model: ANN   h=96  L=3  +PCA bottleneck k=8
[v3 trainer] ANN  budget=12  n0=4  k=4  rounds=2  total_ep=660  λ_max=0.0

─── Round 0/2 │ 4 scen = 875 rows ───
    → +4 scen  (total 8 = 1775 rows)

─── Round 1/2 │ 8 scen = 1775 rows ───
    → +4 scen  (total 12 = 2750 rows)

─── Round 2/2 │ 12 scen = 2750 rows ───

─── Final polish │ 300 ep ───
    ep   560  data=3.416e-03  pde=0.000e+00  λ=0.0000  val_mse=3.240e-03

[Done v3]  6.0s  12 scen  2750 rows  val_mse=3.1715e-03
  internal: 1.9629e-03  LHS: 3.4181e-02  (6s)

[ann_oneshot]
  t_max override: ub[:,1] = 11.01  (was 1.00)
  Model: ANN   h=96  L=3  +PCA bottleneck k=8
  internal: 1.2951e-02  LHS: 1.7385e-01  (5s)

── seed=456 ──

[pinn_al]
  t_max override: ub[:,1] = 11.01  (was 1.00)
  Model: PINN  h=96  L=3  K=3  +PCA bottleneck k=8
[v3 trainer] PINN+committee+PDE  budget=12  n0=4  k=4  rounds=2  total_ep=660  λ_max=0.002

─── Round 0/2 │ 4 scen = 875 rows ───
    coll=875  scales=[2.17e+00, 1.41e+00, 4.52e-02, 6.90e-01]
    → +4 scen  (total 8 = 1775 rows)

─── Round 1/2 │ 8 scen = 1775 rows ───
    coll=1500  scales=[2.55e+01, 1.43e+00, 2.19e+00, 1.33e+02]
    → +4 scen  (total 12 = 2600 rows)

─── Round 2/2 │ 12 scen = 2600 rows ───
    coll=1500  scales=[2.30e+01, 1.37e+00, 2.30e+00, 1.21e+02]

─── Final polish │ 300 ep ───
    ep   560  data=-4.422e-01  pde=5.680e-01  λ=0.0020  val_mse=4.297e-03

[Done v3]  51.4s  12 scen  2600 rows  val_mse=4.2066e-03
  internal: 2.0546e-03  LHS: 3.5764e-02  (51s)

[pinn_ic_coreset]
  t_max override: ub[:,1] = 11.01  (was 1.00)
  Model: PINN  h=96  L=3  K=3  +PCA bottleneck k=8
[v3 trainer] PINN+committee+PDE  budget=12  n0=4  k=4  rounds=2  total_ep=660  λ_max=0.002

─── Round 0/2 │ 4 scen = 875 rows ───
    coll=875  scales=[2.17e+00, 1.41e+00, 4.52e-02, 6.90e-01]
    → +4 scen  (total 8 = 1825 rows)

─── Round 1/2 │ 8 scen = 1825 rows ───
    coll=1500  scales=[2.51e+01, 1.41e+00, 2.22e+00, 1.33e+02]
    → +4 scen  (total 12 = 2725 rows)

─── Round 2/2 │ 12 scen = 2725 rows ───
    coll=1500  scales=[2.26e+01, 1.34e+00, 2.51e+00, 1.32e+02]

─── Final polish │ 300 ep ───
    ep   560  data=-4.174e-01  pde=5.198e-01  λ=0.0020  val_mse=4.210e-03

[Done v3]  47.7s  12 scen  2725 rows  val_mse=4.0781e-03
  internal: 2.5281e-03  LHS: 3.6979e-02  (48s)

[pinn_seqrand]
  t_max override: ub[:,1] = 11.01  (was 1.00)
  Model: PINN  h=96  L=3  K=3  +PCA bottleneck k=8
[v3 trainer] PINN+committee+PDE  budget=12  n0=4  k=4  rounds=2  total_ep=660  λ_max=0.002

─── Round 0/2 │ 4 scen = 875 rows ───
    coll=875  scales=[2.17e+00, 1.41e+00, 4.52e-02, 6.90e-01]
    → +4 scen  (total 8 = 1825 rows)

─── Round 1/2 │ 8 scen = 1825 rows ───
    coll=1500  scales=[1.99e+00, 1.32e+00, 1.15e+00, 1.20e+02]
    → +4 scen  (total 12 = 2725 rows)

─── Round 2/2 │ 12 scen = 2725 rows ───
    coll=1500  scales=[1.82e+00, 1.23e+00, 1.34e+00, 1.10e+02]

─── Final polish │ 300 ep ───
    ep   560  data=-4.178e-01  pde=6.051e-01  λ=0.0020  val_mse=2.624e-02

[Done v3]  46.3s  12 scen  2725 rows  val_mse=2.5755e-02
  internal: 1.8525e-02  LHS: 4.7077e-01  (46s)

[pinn_oneshot]
  t_max override: ub[:,1] = 11.01  (was 1.00)
  Model: PINN  h=96  L=3  K=3  +PCA bottleneck k=8
  internal: 1.1653e-02  LHS: 3.9917e-01  (50s)

[ann_al]
  t_max override: ub[:,1] = 11.01  (was 1.00)
  Model: ANN   h=96  L=3  +PCA bottleneck k=8
[v3 trainer] ANN  budget=12  n0=4  k=4  rounds=2  total_ep=660  λ_max=0.0

─── Round 0/2 │ 4 scen = 875 rows ───
    → +4 scen  (total 8 = 1800 rows)

─── Round 1/2 │ 8 scen = 1800 rows ───
    → +4 scen  (total 12 = 2775 rows)

─── Round 2/2 │ 12 scen = 2775 rows ───

─── Final polish │ 300 ep ───
    ep   560  data=2.775e-03  pde=0.000e+00  λ=0.0000  val_mse=2.685e-03

[Done v3]  6.2s  12 scen  2775 rows  val_mse=2.6483e-03
  internal: 1.5447e-03  LHS: 2.8348e-02  (6s)

[ann_oneshot]
  t_max override: ub[:,1] = 11.01  (was 1.00)
  Model: ANN   h=96  L=3  +PCA bottleneck k=8
  internal: 3.1494e-03  LHS: 1.5484e-01  (5s)

── seed=789 ──

[pinn_al]
  t_max override: ub[:,1] = 11.01  (was 1.00)
  Model: PINN  h=96  L=3  K=3  +PCA bottleneck k=8
[v3 trainer] PINN+committee+PDE  budget=12  n0=4  k=4  rounds=2  total_ep=660  λ_max=0.002

─── Round 0/2 │ 4 scen = 1000 rows ───
    coll=1000  scales=[9.64e-01, 3.17e+00, 6.31e-02, 1.36e+00]
    → +4 scen  (total 8 = 1825 rows)

─── Round 1/2 │ 8 scen = 1825 rows ───
    coll=1500  scales=[9.54e-01, 2.95e+00, 6.98e-02, 1.57e+00]
    → +4 scen  (total 12 = 2675 rows)

─── Round 2/2 │ 12 scen = 2675 rows ───
    coll=1500  scales=[9.60e-01, 2.84e+00, 6.56e-02, 1.44e+00]

─── Final polish │ 300 ep ───
    ep   560  data=-4.591e-01  pde=5.742e-01  λ=0.0020  val_mse=2.034e-03

[Done v3]  48.0s  12 scen  2675 rows  val_mse=1.9309e-03
  internal: 1.4415e-03  LHS: 2.9042e-02  (48s)

[pinn_ic_coreset]
  t_max override: ub[:,1] = 11.01  (was 1.00)
  Model: PINN  h=96  L=3  K=3  +PCA bottleneck k=8
[v3 trainer] PINN+committee+PDE  budget=12  n0=4  k=4  rounds=2  total_ep=660  λ_max=0.002

─── Round 0/2 │ 4 scen = 1000 rows ───
    coll=1000  scales=[9.64e-01, 3.17e+00, 6.31e-02, 1.36e+00]
    → +4 scen  (total 8 = 1825 rows)

─── Round 1/2 │ 8 scen = 1825 rows ───
    coll=1500  scales=[9.44e-01, 2.96e+00, 6.98e-02, 1.57e+00]
    → +4 scen  (total 12 = 2700 rows)

─── Round 2/2 │ 12 scen = 2700 rows ───
    coll=1500  scales=[9.60e-01, 2.89e+00, 7.10e-02, 1.44e+00]

─── Final polish │ 300 ep ───
    ep   560  data=-4.543e-01  pde=7.293e-01  λ=0.0020  val_mse=2.392e-03

[Done v3]  51.2s  12 scen  2700 rows  val_mse=2.2671e-03
  internal: 1.6547e-03  LHS: 2.7809e-02  (51s)

[pinn_seqrand]
  t_max override: ub[:,1] = 11.01  (was 1.00)
  Model: PINN  h=96  L=3  K=3  +PCA bottleneck k=8
[v3 trainer] PINN+committee+PDE  budget=12  n0=4  k=4  rounds=2  total_ep=660  λ_max=0.002

─── Round 0/2 │ 4 scen = 1000 rows ───
    coll=1000  scales=[9.64e-01, 3.17e+00, 6.31e-02, 1.36e+00]
    → +4 scen  (total 8 = 1875 rows)

─── Round 1/2 │ 8 scen = 1875 rows ───
    coll=1500  scales=[8.92e-01, 2.90e+00, 6.32e-02, 1.27e+00]
    → +4 scen  (total 12 = 2775 rows)

─── Round 2/2 │ 12 scen = 2775 rows ───
    coll=1500  scales=[8.31e-01, 2.69e+00, 5.88e-02, 1.16e+00]

─── Final polish │ 300 ep ───
    ep   560  data=-4.200e-01  pde=5.579e-01  λ=0.0020  val_mse=1.303e-02

[Done v3]  47.4s  12 scen  2775 rows  val_mse=1.2602e-02
  internal: 3.5440e-03  LHS: 5.7604e-02  (47s)

[pinn_oneshot]
  t_max override: ub[:,1] = 11.01  (was 1.00)
  Model: PINN  h=96  L=3  K=3  +PCA bottleneck k=8
  internal: 2.8320e-03  LHS: 5.1025e-02  (50s)

[ann_al]
  t_max override: ub[:,1] = 11.01  (was 1.00)
  Model: ANN   h=96  L=3  +PCA bottleneck k=8
[v3 trainer] ANN  budget=12  n0=4  k=4  rounds=2  total_ep=660  λ_max=0.0

─── Round 0/2 │ 4 scen = 1000 rows ───
    → +4 scen  (total 8 = 1825 rows)

─── Round 1/2 │ 8 scen = 1825 rows ───
    → +4 scen  (total 12 = 2775 rows)

─── Round 2/2 │ 12 scen = 2775 rows ───

─── Final polish │ 300 ep ───
    ep   560  data=2.891e-03  pde=0.000e+00  λ=0.0000  val_mse=2.553e-03

[Done v3]  6.6s  12 scen  2775 rows  val_mse=2.5142e-03
  internal: 1.7313e-03  LHS: 4.8016e-02  (7s)

[ann_oneshot]
  t_max override: ub[:,1] = 11.01  (was 1.00)
  Model: ANN   h=96  L=3  +PCA bottleneck k=8
  internal: 3.9003e-03  LHS: 1.2857e-01  (5s)

── seed=1024 ──

[pinn_al]
  t_max override: ub[:,1] = 11.01  (was 1.00)
  Model: PINN  h=96  L=3  K=3  +PCA bottleneck k=8
[v3 trainer] PINN+committee+PDE  budget=12  n0=4  k=4  rounds=2  total_ep=660  λ_max=0.002

─── Round 0/2 │ 4 scen = 900 rows ───
    coll=900  scales=[2.85e-01, 7.38e-01, 2.00e-02, 2.05e+00]
    → +4 scen  (total 8 = 1750 rows)

─── Round 1/2 │ 8 scen = 1750 rows ───
    coll=1500  scales=[3.77e+01, 7.85e-01, 1.01e+00, 5.86e+01]
    → +4 scen  (total 12 = 2750 rows)

─── Round 2/2 │ 12 scen = 2750 rows ───
    coll=1500  scales=[3.40e+01, 7.74e-01, 1.00e+00, 5.29e+01]

─── Final polish │ 300 ep ───
    ep   560  data=-3.841e-01  pde=7.509e-01  λ=0.0020  val_mse=5.721e-03

[Done v3]  48.2s  12 scen  2750 rows  val_mse=5.5597e-03
  internal: 2.8350e-03  LHS: 2.4051e-02  (48s)

[pinn_ic_coreset]
  t_max override: ub[:,1] = 11.01  (was 1.00)
  Model: PINN  h=96  L=3  K=3  +PCA bottleneck k=8
[v3 trainer] PINN+committee+PDE  budget=12  n0=4  k=4  rounds=2  total_ep=660  λ_max=0.002

─── Round 0/2 │ 4 scen = 900 rows ───
    coll=900  scales=[2.85e-01, 7.38e-01, 2.00e-02, 2.05e+00]
    → +4 scen  (total 8 = 1850 rows)

─── Round 1/2 │ 8 scen = 1850 rows ───
    coll=1500  scales=[3.76e+01, 7.89e-01, 7.55e-01, 5.80e+01]
    → +4 scen  (total 12 = 2750 rows)

─── Round 2/2 │ 12 scen = 2750 rows ───
    coll=1500  scales=[3.39e+01, 7.70e-01, 1.00e+00, 5.28e+01]

─── Final polish │ 300 ep ───
    ep   560  data=-3.552e-01  pde=3.953e-01  λ=0.0020  val_mse=7.312e-03

[Done v3]  47.9s  12 scen  2750 rows  val_mse=6.9282e-03
  internal: 3.1025e-03  LHS: 2.0831e-02  (48s)

[pinn_seqrand]
  t_max override: ub[:,1] = 11.01  (was 1.00)
  Model: PINN  h=96  L=3  K=3  +PCA bottleneck k=8
[v3 trainer] PINN+committee+PDE  budget=12  n0=4  k=4  rounds=2  total_ep=660  λ_max=0.002

─── Round 0/2 │ 4 scen = 900 rows ───
    coll=900  scales=[2.85e-01, 7.38e-01, 2.00e-02, 2.05e+00]
    → +4 scen  (total 8 = 1775 rows)

─── Round 1/2 │ 8 scen = 1775 rows ───
    coll=1500  scales=[2.72e-01, 6.90e-01, 6.50e-01, 5.46e+01]
    → +4 scen  (total 12 = 2700 rows)

─── Round 2/2 │ 12 scen = 2700 rows ───
    coll=1500  scales=[2.53e-01, 6.45e-01, 7.68e-01, 4.95e+01]

─── Final polish │ 300 ep ───
    ep   560  data=-3.174e-01  pde=2.016e-01  λ=0.0020  val_mse=3.167e-02

[Done v3]  49.6s  12 scen  2700 rows  val_mse=3.1407e-02
  internal: 1.3979e-02  LHS: 2.8952e-01  (50s)

[pinn_oneshot]
  t_max override: ub[:,1] = 11.01  (was 1.00)
  Model: PINN  h=96  L=3  K=3  +PCA bottleneck k=8
  internal: 1.1563e-02  LHS: 3.3148e-01  (45s)

[ann_al]
  t_max override: ub[:,1] = 11.01  (was 1.00)
  Model: ANN   h=96  L=3  +PCA bottleneck k=8
[v3 trainer] ANN  budget=12  n0=4  k=4  rounds=2  total_ep=660  λ_max=0.0

─── Round 0/2 │ 4 scen = 900 rows ───
    → +4 scen  (total 8 = 1775 rows)

─── Round 1/2 │ 8 scen = 1775 rows ───
    → +4 scen  (total 12 = 2800 rows)

─── Round 2/2 │ 12 scen = 2800 rows ───

─── Final polish │ 300 ep ───
    ep   560  data=3.379e-03  pde=0.000e+00  λ=0.0000  val_mse=3.274e-03

[Done v3]  6.1s  12 scen  2800 rows  val_mse=3.2386e-03
  internal: 1.8195e-03  LHS: 2.8160e-02  (6s)

[ann_oneshot]
  t_max override: ub[:,1] = 11.01  (was 1.00)
  Model: ANN   h=96  L=3  +PCA bottleneck k=8
  internal: 9.7410e-03  LHS: 1.3299e-01  (5s)

======================================================================
BUDGET = 30 scenarios
======================================================================

── seed=42 ──

[pinn_al]
  t_max override: ub[:,1] = 11.01  (was 1.00)
  Model: PINN  h=128  L=3  K=3  +PCA bottleneck k=8
[v3 trainer] PINN+committee+PDE  budget=30  n0=4  k=4  rounds=7  total_ep=1260  λ_max=0.002

─── Round 0/7 │ 4 scen = 900 rows ───
    coll=900  scales=[3.26e+01, 1.26e+00, 1.32e+01, 1.09e+02]
    → +4 scen  (total 8 = 1800 rows)

─── Round 1/7 │ 8 scen = 1800 rows ───
    coll=1500  scales=[1.52e+02, 2.09e+00, 1.33e+01, 1.16e+02]
    → +4 scen  (total 12 = 2625 rows)

─── Round 2/7 │ 12 scen = 2625 rows ───
    coll=1500  scales=[1.37e+02, 2.00e+00, 1.20e+01, 1.04e+02]
    → +4 scen  (total 16 = 3550 rows)

─── Round 3/7 │ 16 scen = 3550 rows ───
    coll=1500  scales=[1.23e+02, 1.98e+00, 1.08e+01, 9.40e+01]
    → +4 scen  (total 20 = 4450 rows)

─── Round 4/7 │ 20 scen = 4450 rows ───
    coll=1500  scales=[1.11e+02, 1.99e+00, 9.75e+00, 8.47e+01]
    → +4 scen  (total 24 = 5425 rows)

─── Round 5/7 │ 24 scen = 5425 rows ───
    coll=1500  scales=[1.01e+02, 2.01e+00, 8.79e+00, 7.63e+01]
    → +4 scen  (total 28 = 6475 rows)

─── Round 6/7 │ 28 scen = 6475 rows ───
    coll=1500  scales=[9.09e+01, 2.06e+00, 7.92e+00, 6.88e+01]
    → +4 scen  (total 32 = 7325 rows)

─── Round 7/7 │ 32 scen = 7325 rows ───
    coll=1500  scales=[8.21e+01, 2.07e+00, 7.14e+00, 6.20e+01]

─── Final polish │ 300 ep ───
    ep  1160  data=-4.763e-01  pde=1.783e-01  λ=0.0020  val_mse=6.140e-04

[Done v3]  147.7s  32 scen  7325 rows  val_mse=6.0658e-04
  internal: 5.4646e-04  LHS: 2.2432e-02  (148s)

[pinn_ic_coreset]
  t_max override: ub[:,1] = 11.01  (was 1.00)
  Model: PINN  h=128  L=3  K=3  +PCA bottleneck k=8
[v3 trainer] PINN+committee+PDE  budget=30  n0=4  k=4  rounds=7  total_ep=1260  λ_max=0.002

─── Round 0/7 │ 4 scen = 900 rows ───
    coll=900  scales=[3.26e+01, 1.26e+00, 1.32e+01, 1.09e+02]
    → +4 scen  (total 8 = 1850 rows)

─── Round 1/7 │ 8 scen = 1850 rows ───
    coll=1500  scales=[1.84e+02, 2.13e+00, 1.31e+01, 1.15e+02]
    → +4 scen  (total 12 = 2700 rows)

─── Round 2/7 │ 12 scen = 2700 rows ───
    coll=1500  scales=[1.65e+02, 2.11e+00, 1.18e+01, 1.04e+02]
    → +4 scen  (total 16 = 3600 rows)

─── Round 3/7 │ 16 scen = 3600 rows ───
    coll=1500  scales=[1.49e+02, 2.05e+00, 1.07e+01, 9.34e+01]
    → +4 scen  (total 20 = 4525 rows)

─── Round 4/7 │ 20 scen = 4525 rows ───
    coll=1500  scales=[1.35e+02, 2.04e+00, 9.63e+00, 8.42e+01]
    → +4 scen  (total 24 = 5525 rows)

─── Round 5/7 │ 24 scen = 5525 rows ───
    coll=1500  scales=[1.21e+02, 1.99e+00, 8.67e+00, 7.58e+01]
    → +4 scen  (total 28 = 6425 rows)

─── Round 6/7 │ 28 scen = 6425 rows ───
    coll=1500  scales=[1.10e+02, 1.93e+00, 7.81e+00, 6.83e+01]
    → +4 scen  (total 32 = 7275 rows)

─── Round 7/7 │ 32 scen = 7275 rows ───
    coll=1500  scales=[9.89e+01, 1.90e+00, 7.04e+00, 6.16e+01]

─── Final polish │ 300 ep ───
    ep  1160  data=-4.750e-01  pde=1.651e-01  λ=0.0020  val_mse=7.389e-04

[Done v3]  141.7s  32 scen  7275 rows  val_mse=7.3040e-04
  internal: 5.7731e-04  LHS: 2.1607e-02  (142s)

[pinn_seqrand]
  t_max override: ub[:,1] = 11.01  (was 1.00)
  Model: PINN  h=128  L=3  K=3  +PCA bottleneck k=8
[v3 trainer] PINN+committee+PDE  budget=30  n0=4  k=4  rounds=7  total_ep=1260  λ_max=0.002

─── Round 0/7 │ 4 scen = 900 rows ───
    coll=900  scales=[3.26e+01, 1.26e+00, 1.32e+01, 1.09e+02]
    → +4 scen  (total 8 = 1825 rows)

─── Round 1/7 │ 8 scen = 1825 rows ───
    coll=1500  scales=[2.94e+01, 1.16e+00, 1.19e+01, 9.82e+01]
    → +4 scen  (total 12 = 2800 rows)

─── Round 2/7 │ 12 scen = 2800 rows ───
    coll=1500  scales=[2.66e+01, 1.18e+00, 1.07e+01, 8.84e+01]
    → +4 scen  (total 16 = 3675 rows)

─── Round 3/7 │ 16 scen = 3675 rows ───
    coll=1500  scales=[2.41e+01, 1.16e+00, 9.66e+00, 7.96e+01]
    → +4 scen  (total 20 = 4550 rows)

─── Round 4/7 │ 20 scen = 4550 rows ───
    coll=1500  scales=[2.21e+01, 1.21e+00, 8.70e+00, 7.18e+01]
    → +4 scen  (total 24 = 5450 rows)

─── Round 5/7 │ 24 scen = 5450 rows ───
    coll=1500  scales=[2.01e+01, 1.17e+00, 7.83e+00, 6.46e+01]
    → +4 scen  (total 28 = 6400 rows)

─── Round 6/7 │ 28 scen = 6400 rows ───
    coll=1500  scales=[1.85e+01, 1.14e+00, 7.06e+00, 5.82e+01]
    → +4 scen  (total 32 = 7300 rows)

─── Round 7/7 │ 32 scen = 7300 rows ───
    coll=1500  scales=[1.70e+01, 1.12e+00, 6.36e+00, 5.24e+01]

─── Final polish │ 300 ep ───
    ep  1160  data=-4.660e-01  pde=1.590e-01  λ=0.0020  val_mse=1.165e-02

[Done v3]  140.6s  32 scen  7300 rows  val_mse=1.1596e-02
  internal: 3.7272e-03  LHS: 2.3756e-01  (141s)

[pinn_oneshot]
  t_max override: ub[:,1] = 11.01  (was 1.00)
  Model: PINN  h=128  L=3  K=3  +PCA bottleneck k=8
  internal: 1.5102e-03  LHS: 6.4548e-02  (154s)

[ann_al]
  t_max override: ub[:,1] = 11.01  (was 1.00)
  Model: ANN   h=128  L=3  +PCA bottleneck k=8
[v3 trainer] ANN  budget=30  n0=4  k=4  rounds=7  total_ep=1260  λ_max=0.0

─── Round 0/7 │ 4 scen = 900 rows ───
    → +4 scen  (total 8 = 1900 rows)

─── Round 1/7 │ 8 scen = 1900 rows ───
    → +4 scen  (total 12 = 2800 rows)

─── Round 2/7 │ 12 scen = 2800 rows ───
    → +4 scen  (total 16 = 3675 rows)

─── Round 3/7 │ 16 scen = 3675 rows ───
    → +4 scen  (total 20 = 4675 rows)

─── Round 4/7 │ 20 scen = 4675 rows ───
    → +4 scen  (total 24 = 5675 rows)

─── Round 5/7 │ 24 scen = 5675 rows ───
    → +4 scen  (total 28 = 6575 rows)

─── Round 6/7 │ 28 scen = 6575 rows ───
    → +4 scen  (total 32 = 7575 rows)

─── Round 7/7 │ 32 scen = 7575 rows ───

─── Final polish │ 300 ep ───
    ep  1160  data=6.259e-04  pde=0.000e+00  λ=0.0000  val_mse=5.642e-04

[Done v3]  27.3s  32 scen  7575 rows  val_mse=5.6280e-04
  internal: 4.8523e-04  LHS: 2.3135e-02  (27s)

[ann_oneshot]
  t_max override: ub[:,1] = 11.01  (was 1.00)
  Model: ANN   h=128  L=3  +PCA bottleneck k=8
  internal: 7.4166e-04  LHS: 4.8306e-02  (28s)

── seed=123 ──

[pinn_al]
  t_max override: ub[:,1] = 11.01  (was 1.00)
  Model: PINN  h=128  L=3  K=3  +PCA bottleneck k=8
[v3 trainer] PINN+committee+PDE  budget=30  n0=4  k=4  rounds=7  total_ep=1260  λ_max=0.002

─── Round 0/7 │ 4 scen = 875 rows ───
    coll=875  scales=[1.81e+00, 3.68e+00, 9.18e-02, 1.58e+00]
    → +4 scen  (total 8 = 1725 rows)

─── Round 1/7 │ 8 scen = 1725 rows ───
    coll=1500  scales=[7.74e+00, 3.69e+00, 9.63e-01, 5.03e+00]
    → +4 scen  (total 12 = 2675 rows)

─── Round 2/7 │ 12 scen = 2675 rows ───
    coll=1500  scales=[7.09e+00, 3.51e+00, 8.72e-01, 4.55e+00]
    → +4 scen  (total 16 = 3625 rows)

─── Round 3/7 │ 16 scen = 3625 rows ───
    coll=1500  scales=[6.71e+00, 3.62e+00, 7.92e-01, 4.12e+00]
    → +4 scen  (total 20 = 4550 rows)

─── Round 4/7 │ 20 scen = 4550 rows ───
    coll=1500  scales=[6.20e+00, 3.50e+00, 7.18e-01, 3.73e+00]
    → +4 scen  (total 24 = 5425 rows)

─── Round 5/7 │ 24 scen = 5425 rows ───
    coll=1500  scales=[5.73e+00, 3.37e+00, 6.49e-01, 3.37e+00]
    → +4 scen  (total 28 = 6375 rows)

─── Round 6/7 │ 28 scen = 6375 rows ───
    coll=1500  scales=[5.27e+00, 3.27e+00, 5.88e-01, 3.05e+00]
    → +4 scen  (total 32 = 7325 rows)

─── Round 7/7 │ 32 scen = 7325 rows ───
    coll=1500  scales=[4.93e+00, 3.23e+00, 5.32e-01, 2.76e+00]

─── Final polish │ 300 ep ───
    ep  1160  data=-4.778e-01  pde=2.024e-01  λ=0.0020  val_mse=7.760e-04

[Done v3]  144.4s  32 scen  7325 rows  val_mse=7.7012e-04
  internal: 4.8283e-04  LHS: 2.6304e-02  (144s)

[pinn_ic_coreset]
  t_max override: ub[:,1] = 11.01  (was 1.00)
  Model: PINN  h=128  L=3  K=3  +PCA bottleneck k=8
[v3 trainer] PINN+committee+PDE  budget=30  n0=4  k=4  rounds=7  total_ep=1260  λ_max=0.002

─── Round 0/7 │ 4 scen = 875 rows ───
    coll=875  scales=[1.81e+00, 3.68e+00, 9.18e-02, 1.58e+00]
    → +4 scen  (total 8 = 1850 rows)

─── Round 1/7 │ 8 scen = 1850 rows ───
    coll=1500  scales=[5.04e+00, 3.69e+00, 8.18e-01, 3.42e+00]
    → +4 scen  (total 12 = 2725 rows)

─── Round 2/7 │ 12 scen = 2725 rows ───
    coll=1500  scales=[4.64e+00, 3.47e+00, 7.42e-01, 3.11e+00]
    → +4 scen  (total 16 = 3600 rows)

─── Round 3/7 │ 16 scen = 3600 rows ───
    coll=1500  scales=[4.33e+00, 3.46e+00, 6.72e-01, 2.82e+00]
    → +4 scen  (total 20 = 4525 rows)

─── Round 4/7 │ 20 scen = 4525 rows ───
    coll=1500  scales=[4.36e+00, 4.06e+00, 6.08e-01, 2.56e+00]
    → +4 scen  (total 24 = 5500 rows)

─── Round 5/7 │ 24 scen = 5500 rows ───
    coll=1500  scales=[4.07e+00, 3.83e+00, 5.50e-01, 2.31e+00]
    → +4 scen  (total 28 = 6400 rows)

─── Round 6/7 │ 28 scen = 6400 rows ───
    coll=1500  scales=[3.84e+00, 3.84e+00, 4.99e-01, 2.09e+00]
    → +4 scen  (total 32 = 7325 rows)

─── Round 7/7 │ 32 scen = 7325 rows ───
    coll=1500  scales=[3.57e+00, 3.73e+00, 4.51e-01, 1.89e+00]

─── Final polish │ 300 ep ───
    ep  1160  data=-4.776e-01  pde=1.908e-01  λ=0.0020  val_mse=7.980e-04

[Done v3]  139.5s  32 scen  7325 rows  val_mse=7.8829e-04
  internal: 5.8098e-04  LHS: 2.5301e-02  (140s)

[pinn_seqrand]
  t_max override: ub[:,1] = 11.01  (was 1.00)
  Model: PINN  h=128  L=3  K=3  +PCA bottleneck k=8
[v3 trainer] PINN+committee+PDE  budget=30  n0=4  k=4  rounds=7  total_ep=1260  λ_max=0.002

─── Round 0/7 │ 4 scen = 875 rows ───
    coll=875  scales=[1.81e+00, 3.68e+00, 9.18e-02, 1.58e+00]
    → +4 scen  (total 8 = 1825 rows)

─── Round 1/7 │ 8 scen = 1825 rows ───
    coll=1500  scales=[1.66e+00, 3.38e+00, 8.61e-02, 1.65e+00]
    → +4 scen  (total 12 = 2775 rows)

─── Round 2/7 │ 12 scen = 2775 rows ───
    coll=1500  scales=[1.55e+00, 3.15e+00, 8.11e-02, 1.51e+00]
    → +4 scen  (total 16 = 3650 rows)

─── Round 3/7 │ 16 scen = 3650 rows ───
    coll=1500  scales=[1.07e+01, 3.30e+00, 5.85e-01, 2.40e+00]
    → +4 scen  (total 20 = 4550 rows)

─── Round 4/7 │ 20 scen = 4550 rows ───
    coll=1500  scales=[9.88e+00, 3.29e+00, 5.30e-01, 2.18e+00]
    → +4 scen  (total 24 = 5450 rows)

─── Round 5/7 │ 24 scen = 5450 rows ───
    coll=1500  scales=[9.19e+00, 3.21e+00, 4.79e-01, 1.99e+00]
    → +4 scen  (total 28 = 6400 rows)

─── Round 6/7 │ 28 scen = 6400 rows ───
    coll=1500  scales=[8.59e+00, 3.36e+00, 4.36e-01, 1.82e+00]
    → +4 scen  (total 32 = 7300 rows)

─── Round 7/7 │ 32 scen = 7300 rows ───
    coll=1500  scales=[7.91e+00, 3.37e+00, 3.94e-01, 1.66e+00]

─── Final polish │ 300 ep ───
    ep  1160  data=-4.738e-01  pde=1.900e-01  λ=0.0020  val_mse=9.881e-04

[Done v3]  140.4s  32 scen  7300 rows  val_mse=9.7658e-04
  internal: 6.4214e-04  LHS: 3.6131e-02  (140s)

[pinn_oneshot]
  t_max override: ub[:,1] = 11.01  (was 1.00)
  Model: PINN  h=128  L=3  K=3  +PCA bottleneck k=8
  internal: 1.2407e-03  LHS: 3.4076e-02  (154s)

[ann_al]
  t_max override: ub[:,1] = 11.01  (was 1.00)
  Model: ANN   h=128  L=3  +PCA bottleneck k=8
[v3 trainer] ANN  budget=30  n0=4  k=4  rounds=7  total_ep=1260  λ_max=0.0

─── Round 0/7 │ 4 scen = 875 rows ───
    → +4 scen  (total 8 = 1875 rows)

─── Round 1/7 │ 8 scen = 1875 rows ───
    → +4 scen  (total 12 = 2900 rows)

─── Round 2/7 │ 12 scen = 2900 rows ───
    → +4 scen  (total 16 = 3800 rows)

─── Round 3/7 │ 16 scen = 3800 rows ───
    → +4 scen  (total 20 = 4750 rows)

─── Round 4/7 │ 20 scen = 4750 rows ───
    → +4 scen  (total 24 = 5650 rows)

─── Round 5/7 │ 24 scen = 5650 rows ───
    → +4 scen  (total 28 = 6650 rows)

─── Round 6/7 │ 28 scen = 6650 rows ───
    → +4 scen  (total 32 = 7525 rows)

─── Round 7/7 │ 32 scen = 7525 rows ───

─── Final polish │ 300 ep ───
    ep  1160  data=7.513e-04  pde=0.000e+00  λ=0.0000  val_mse=6.839e-04

[Done v3]  27.6s  32 scen  7525 rows  val_mse=6.8169e-04
  internal: 5.8215e-04  LHS: 3.0896e-02  (28s)

[ann_oneshot]
  t_max override: ub[:,1] = 11.01  (was 1.00)
  Model: ANN   h=128  L=3  +PCA bottleneck k=8
  internal: 6.9462e-04  LHS: 4.6120e-02  (28s)

── seed=456 ──

[pinn_al]
  t_max override: ub[:,1] = 11.01  (was 1.00)
  Model: PINN  h=128  L=3  K=3  +PCA bottleneck k=8
[v3 trainer] PINN+committee+PDE  budget=30  n0=4  k=4  rounds=7  total_ep=1260  λ_max=0.002

─── Round 0/7 │ 4 scen = 875 rows ───
    coll=875  scales=[1.57e+01, 7.75e-01, 6.32e+01, 1.73e+02]
    → +4 scen  (total 8 = 1750 rows)

─── Round 1/7 │ 8 scen = 1750 rows ───
    coll=1500  scales=[1.30e+02, 9.47e-01, 6.21e+01, 1.82e+02]
    → +4 scen  (total 12 = 2650 rows)

─── Round 2/7 │ 12 scen = 2650 rows ───
    coll=1500  scales=[1.17e+02, 9.38e-01, 5.60e+01, 1.65e+02]
    → +4 scen  (total 16 = 3600 rows)

─── Round 3/7 │ 16 scen = 3600 rows ───
    coll=1500  scales=[1.06e+02, 1.09e+00, 5.08e+01, 1.49e+02]
    → +4 scen  (total 20 = 4500 rows)

─── Round 4/7 │ 20 scen = 4500 rows ───
    coll=1500  scales=[9.54e+01, 1.09e+00, 4.59e+01, 1.35e+02]
    → +4 scen  (total 24 = 5425 rows)

─── Round 5/7 │ 24 scen = 5425 rows ───
    coll=1500  scales=[8.62e+01, 1.07e+00, 4.13e+01, 1.22e+02]
    → +4 scen  (total 28 = 6325 rows)

─── Round 6/7 │ 28 scen = 6325 rows ───
    coll=1500  scales=[7.79e+01, 1.08e+00, 3.72e+01, 1.10e+02]
    → +4 scen  (total 32 = 7225 rows)

─── Round 7/7 │ 32 scen = 7225 rows ───
    coll=1500  scales=[7.04e+01, 1.11e+00, 3.35e+01, 9.93e+01]

─── Final polish │ 300 ep ───
    ep  1160  data=-4.716e-01  pde=1.667e-01  λ=0.0020  val_mse=1.141e-03

[Done v3]  144.3s  32 scen  7225 rows  val_mse=1.1180e-03
  internal: 7.9827e-04  LHS: 2.8238e-02  (144s)

[pinn_ic_coreset]
  t_max override: ub[:,1] = 11.01  (was 1.00)
  Model: PINN  h=128  L=3  K=3  +PCA bottleneck k=8
[v3 trainer] PINN+committee+PDE  budget=30  n0=4  k=4  rounds=7  total_ep=1260  λ_max=0.002

─── Round 0/7 │ 4 scen = 875 rows ───
    coll=875  scales=[1.57e+01, 7.75e-01, 6.32e+01, 1.73e+02]
    → +4 scen  (total 8 = 1825 rows)

─── Round 1/7 │ 8 scen = 1825 rows ───
    coll=1500  scales=[1.47e+02, 9.65e-01, 6.21e+01, 1.82e+02]
    → +4 scen  (total 12 = 2725 rows)

─── Round 2/7 │ 12 scen = 2725 rows ───
    coll=1500  scales=[1.33e+02, 1.10e+00, 5.59e+01, 1.67e+02]
    → +4 scen  (total 16 = 3675 rows)

─── Round 3/7 │ 16 scen = 3675 rows ───
    coll=1500  scales=[1.28e+02, 1.27e+00, 5.17e+01, 1.54e+02]
    → +4 scen  (total 20 = 4575 rows)

─── Round 4/7 │ 20 scen = 4575 rows ───
    coll=1500  scales=[1.15e+02, 1.33e+00, 4.67e+01, 1.39e+02]
    → +4 scen  (total 24 = 5500 rows)

─── Round 5/7 │ 24 scen = 5500 rows ───
    coll=1500  scales=[1.04e+02, 1.29e+00, 4.21e+01, 1.25e+02]
    → +4 scen  (total 28 = 6425 rows)

─── Round 6/7 │ 28 scen = 6425 rows ───
    coll=1500  scales=[9.38e+01, 1.37e+00, 3.79e+01, 1.13e+02]
    → +4 scen  (total 32 = 7375 rows)

─── Round 7/7 │ 32 scen = 7375 rows ───
    coll=1500  scales=[8.47e+01, 1.36e+00, 3.41e+01, 1.02e+02]

─── Final polish │ 300 ep ───
    ep  1160  data=-4.739e-01  pde=1.871e-01  λ=0.0020  val_mse=8.639e-04

[Done v3]  140.9s  32 scen  7375 rows  val_mse=8.5196e-04
  internal: 6.9091e-04  LHS: 2.9212e-02  (141s)

[pinn_seqrand]
  t_max override: ub[:,1] = 11.01  (was 1.00)
  Model: PINN  h=128  L=3  K=3  +PCA bottleneck k=8
[v3 trainer] PINN+committee+PDE  budget=30  n0=4  k=4  rounds=7  total_ep=1260  λ_max=0.002

─── Round 0/7 │ 4 scen = 875 rows ───
    coll=875  scales=[1.57e+01, 7.75e-01, 6.32e+01, 1.73e+02]
    → +4 scen  (total 8 = 1825 rows)

─── Round 1/7 │ 8 scen = 1825 rows ───
    coll=1500  scales=[1.42e+01, 7.38e-01, 6.20e+01, 1.74e+02]
    → +4 scen  (total 12 = 2725 rows)

─── Round 2/7 │ 12 scen = 2725 rows ───
    coll=1500  scales=[1.29e+01, 7.53e-01, 5.58e+01, 1.57e+02]
    → +4 scen  (total 16 = 3600 rows)

─── Round 3/7 │ 16 scen = 3600 rows ───
    coll=1500  scales=[1.17e+01, 7.26e-01, 5.03e+01, 1.42e+02]
    → +4 scen  (total 20 = 4550 rows)

─── Round 4/7 │ 20 scen = 4550 rows ───
    coll=1500  scales=[1.07e+01, 7.77e-01, 4.55e+01, 1.32e+02]
    → +4 scen  (total 24 = 5475 rows)

─── Round 5/7 │ 24 scen = 5475 rows ───
    coll=1500  scales=[9.81e+00, 8.47e-01, 4.10e+01, 1.20e+02]
    → +4 scen  (total 28 = 6350 rows)

─── Round 6/7 │ 28 scen = 6350 rows ───
    coll=1500  scales=[9.09e+00, 8.46e-01, 3.69e+01, 1.08e+02]
    → +4 scen  (total 32 = 7300 rows)

─── Round 7/7 │ 32 scen = 7300 rows ───
    coll=1500  scales=[8.41e+00, 8.52e-01, 3.32e+01, 9.75e+01]

─── Final polish │ 300 ep ───
    ep  1160  data=-4.645e-01  pde=2.202e-01  λ=0.0020  val_mse=9.752e-03

[Done v3]  141.7s  32 scen  7300 rows  val_mse=9.6954e-03
  internal: 3.3030e-03  LHS: 1.6529e-01  (142s)

[pinn_oneshot]
  t_max override: ub[:,1] = 11.01  (was 1.00)
  Model: PINN  h=128  L=3  K=3  +PCA bottleneck k=8
  internal: 3.5351e-03  LHS: 1.2339e-01  (153s)

[ann_al]
  t_max override: ub[:,1] = 11.01  (was 1.00)
  Model: ANN   h=128  L=3  +PCA bottleneck k=8
[v3 trainer] ANN  budget=30  n0=4  k=4  rounds=7  total_ep=1260  λ_max=0.0

─── Round 0/7 │ 4 scen = 875 rows ───
    → +4 scen  (total 8 = 1850 rows)

─── Round 1/7 │ 8 scen = 1850 rows ───
    → +4 scen  (total 12 = 2800 rows)

─── Round 2/7 │ 12 scen = 2800 rows ───
    → +4 scen  (total 16 = 3725 rows)

─── Round 3/7 │ 16 scen = 3725 rows ───
    → +4 scen  (total 20 = 4575 rows)

─── Round 4/7 │ 20 scen = 4575 rows ───
    → +4 scen  (total 24 = 5575 rows)

─── Round 5/7 │ 24 scen = 5575 rows ───
    → +4 scen  (total 28 = 6625 rows)

─── Round 6/7 │ 28 scen = 6625 rows ───
    → +4 scen  (total 32 = 7525 rows)

─── Round 7/7 │ 32 scen = 7525 rows ───

─── Final polish │ 300 ep ───
    ep  1160  data=6.374e-04  pde=0.000e+00  λ=0.0000  val_mse=5.898e-04

[Done v3]  27.3s  32 scen  7525 rows  val_mse=5.8820e-04
  internal: 5.9692e-04  LHS: 3.4484e-02  (27s)

[ann_oneshot]
  t_max override: ub[:,1] = 11.01  (was 1.00)
  Model: ANN   h=128  L=3  +PCA bottleneck k=8
  internal: 5.0288e-03  LHS: 1.4303e-01  (28s)

── seed=789 ──

[pinn_al]
  t_max override: ub[:,1] = 11.01  (was 1.00)
  Model: PINN  h=128  L=3  K=3  +PCA bottleneck k=8
[v3 trainer] PINN+committee+PDE  budget=30  n0=4  k=4  rounds=7  total_ep=1260  λ_max=0.002

─── Round 0/7 │ 4 scen = 1000 rows ───
    coll=1000  scales=[1.17e+00, 1.43e+00, 4.24e-01, 2.37e+00]
    → +4 scen  (total 8 = 1900 rows)

─── Round 1/7 │ 8 scen = 1900 rows ───
    coll=1500  scales=[1.56e+00, 1.34e+00, 1.65e+00, 3.44e+01]
    → +4 scen  (total 12 = 2775 rows)

─── Round 2/7 │ 12 scen = 2775 rows ───
    coll=1500  scales=[1.44e+00, 1.28e+00, 1.49e+00, 3.11e+01]
    → +4 scen  (total 16 = 3600 rows)

─── Round 3/7 │ 16 scen = 3600 rows ───
    coll=1500  scales=[1.35e+00, 1.23e+00, 1.35e+00, 2.81e+01]
    → +4 scen  (total 20 = 4500 rows)

─── Round 4/7 │ 20 scen = 4500 rows ───
    coll=1500  scales=[1.32e+00, 1.20e+00, 1.22e+00, 2.54e+01]
    → +4 scen  (total 24 = 5450 rows)

─── Round 5/7 │ 24 scen = 5450 rows ───
    coll=1500  scales=[1.25e+00, 1.22e+00, 1.11e+00, 2.29e+01]
    → +4 scen  (total 28 = 6275 rows)

─── Round 6/7 │ 28 scen = 6275 rows ───
    coll=1500  scales=[1.19e+00, 1.26e+00, 1.00e+00, 2.07e+01]
    → +4 scen  (total 32 = 7225 rows)

─── Round 7/7 │ 32 scen = 7225 rows ───
    coll=1500  scales=[1.12e+00, 1.24e+00, 9.06e-01, 1.88e+01]

─── Final polish │ 300 ep ───
    ep  1160  data=-4.623e-01  pde=3.827e-01  λ=0.0020  val_mse=1.641e-03

[Done v3]  147.2s  32 scen  7225 rows  val_mse=1.6006e-03
  internal: 1.2688e-03  LHS: 2.7125e-02  (147s)

[pinn_ic_coreset]
  t_max override: ub[:,1] = 11.01  (was 1.00)
  Model: PINN  h=128  L=3  K=3  +PCA bottleneck k=8
[v3 trainer] PINN+committee+PDE  budget=30  n0=4  k=4  rounds=7  total_ep=1260  λ_max=0.002

─── Round 0/7 │ 4 scen = 1000 rows ───
    coll=1000  scales=[1.17e+00, 1.43e+00, 4.24e-01, 2.37e+00]
    → +4 scen  (total 8 = 1825 rows)

─── Round 1/7 │ 8 scen = 1825 rows ───
    coll=1500  scales=[3.84e+00, 1.32e+00, 1.58e+00, 3.44e+01]
    → +4 scen  (total 12 = 2700 rows)

─── Round 2/7 │ 12 scen = 2700 rows ───
    coll=1500  scales=[3.50e+00, 1.26e+00, 1.45e+00, 3.11e+01]
    → +4 scen  (total 16 = 3625 rows)

─── Round 3/7 │ 16 scen = 3625 rows ───
    coll=1500  scales=[3.23e+00, 1.25e+00, 1.31e+00, 2.80e+01]
    → +4 scen  (total 20 = 4575 rows)

─── Round 4/7 │ 20 scen = 4575 rows ───
    coll=1500  scales=[2.98e+00, 1.21e+00, 1.18e+00, 2.53e+01]
    → +4 scen  (total 24 = 5500 rows)

─── Round 5/7 │ 24 scen = 5500 rows ───
    coll=1500  scales=[2.82e+00, 1.31e+00, 1.07e+00, 2.29e+01]
    → +4 scen  (total 28 = 6450 rows)

─── Round 6/7 │ 28 scen = 6450 rows ───
    coll=1500  scales=[2.62e+00, 1.38e+00, 9.69e-01, 2.07e+01]
    → +4 scen  (total 32 = 7300 rows)

─── Round 7/7 │ 32 scen = 7300 rows ───
    coll=1500  scales=[2.45e+00, 1.36e+00, 8.75e-01, 1.87e+01]

─── Final polish │ 300 ep ───
    ep  1160  data=-4.662e-01  pde=3.514e-01  λ=0.0020  val_mse=1.180e-03

[Done v3]  142.6s  32 scen  7300 rows  val_mse=1.1530e-03
  internal: 8.7114e-04  LHS: 2.6583e-02  (143s)

[pinn_seqrand]
  t_max override: ub[:,1] = 11.01  (was 1.00)
  Model: PINN  h=128  L=3  K=3  +PCA bottleneck k=8
[v3 trainer] PINN+committee+PDE  budget=30  n0=4  k=4  rounds=7  total_ep=1260  λ_max=0.002

─── Round 0/7 │ 4 scen = 1000 rows ───
    coll=1000  scales=[1.17e+00, 1.43e+00, 4.24e-01, 2.37e+00]
    → +4 scen  (total 8 = 1875 rows)

─── Round 1/7 │ 8 scen = 1875 rows ───
    coll=1500  scales=[1.06e+00, 1.30e+00, 9.79e-01, 3.39e+01]
    → +4 scen  (total 12 = 2775 rows)

─── Round 2/7 │ 12 scen = 2775 rows ───
    coll=1500  scales=[9.71e-01, 1.20e+00, 8.84e-01, 3.06e+01]
    → +4 scen  (total 16 = 3775 rows)

─── Round 3/7 │ 16 scen = 3775 rows ───
    coll=1500  scales=[8.89e-01, 1.10e+00, 8.00e-01, 2.76e+01]
    → +4 scen  (total 20 = 4650 rows)

─── Round 4/7 │ 20 scen = 4650 rows ───
    coll=1500  scales=[8.25e-01, 1.03e+00, 7.25e-01, 2.49e+01]
    → +4 scen  (total 24 = 5625 rows)

─── Round 5/7 │ 24 scen = 5625 rows ───
    coll=1500  scales=[4.38e+00, 1.09e+00, 1.25e+00, 2.45e+01]
    → +4 scen  (total 28 = 6575 rows)

─── Round 6/7 │ 28 scen = 6575 rows ───
    coll=1500  scales=[4.06e+00, 1.04e+00, 1.13e+00, 2.22e+01]
    → +4 scen  (total 32 = 7475 rows)

─── Round 7/7 │ 32 scen = 7475 rows ───
    coll=1500  scales=[3.75e+00, 1.04e+00, 1.02e+00, 2.01e+01]

─── Final polish │ 300 ep ───
    ep  1160  data=-4.517e-01  pde=2.153e-01  λ=0.0020  val_mse=2.980e-03

[Done v3]  141.8s  32 scen  7475 rows  val_mse=2.9272e-03
  internal: 2.1715e-03  LHS: 1.0291e-01  (142s)

[pinn_oneshot]
  t_max override: ub[:,1] = 11.01  (was 1.00)
  Model: PINN  h=128  L=3  K=3  +PCA bottleneck k=8
  internal: 3.7315e-03  LHS: 1.3123e-01  (153s)

[ann_al]
  t_max override: ub[:,1] = 11.01  (was 1.00)
  Model: ANN   h=128  L=3  +PCA bottleneck k=8
[v3 trainer] ANN  budget=30  n0=4  k=4  rounds=7  total_ep=1260  λ_max=0.0

─── Round 0/7 │ 4 scen = 1000 rows ───
    → +4 scen  (total 8 = 1900 rows)

─── Round 1/7 │ 8 scen = 1900 rows ───
    → +4 scen  (total 12 = 2825 rows)

─── Round 2/7 │ 12 scen = 2825 rows ───
    → +4 scen  (total 16 = 3725 rows)

─── Round 3/7 │ 16 scen = 3725 rows ───
    → +4 scen  (total 20 = 4700 rows)

─── Round 4/7 │ 20 scen = 4700 rows ───
    → +4 scen  (total 24 = 5675 rows)

─── Round 5/7 │ 24 scen = 5675 rows ───
    → +4 scen  (total 28 = 6675 rows)

─── Round 6/7 │ 28 scen = 6675 rows ───
    → +4 scen  (total 32 = 7575 rows)

─── Round 7/7 │ 32 scen = 7575 rows ───

─── Final polish │ 300 ep ───
    ep  1160  data=5.297e-04  pde=0.000e+00  λ=0.0000  val_mse=5.287e-04

[Done v3]  27.3s  32 scen  7575 rows  val_mse=5.2738e-04
  internal: 4.2827e-04  LHS: 2.9877e-02  (27s)

[ann_oneshot]
  t_max override: ub[:,1] = 11.01  (was 1.00)
  Model: ANN   h=128  L=3  +PCA bottleneck k=8
  internal: 8.8112e-03  LHS: 2.3188e-01  (28s)

── seed=1024 ──

[pinn_al]
  t_max override: ub[:,1] = 11.01  (was 1.00)
  Model: PINN  h=128  L=3  K=3  +PCA bottleneck k=8
[v3 trainer] PINN+committee+PDE  budget=30  n0=4  k=4  rounds=7  total_ep=1260  λ_max=0.002

─── Round 0/7 │ 4 scen = 900 rows ───
    coll=900  scales=[5.95e-01, 2.08e-01, 1.29e+00, 9.36e+00]
    → +4 scen  (total 8 = 1750 rows)

─── Round 1/7 │ 8 scen = 1750 rows ───
    coll=1500  scales=[1.28e+02, 5.22e-01, 3.92e+00, 3.91e+01]
    → +4 scen  (total 12 = 2650 rows)

─── Round 2/7 │ 12 scen = 2650 rows ───
    coll=1500  scales=[1.15e+02, 5.08e-01, 3.57e+00, 3.53e+01]
    → +4 scen  (total 16 = 3575 rows)

─── Round 3/7 │ 16 scen = 3575 rows ───
    coll=1500  scales=[1.04e+02, 5.05e-01, 3.32e+00, 3.64e+01]
    → +4 scen  (total 20 = 4550 rows)

─── Round 4/7 │ 20 scen = 4550 rows ───
    coll=1500  scales=[9.34e+01, 5.13e-01, 5.37e+00, 3.75e+01]
    → +4 scen  (total 24 = 5425 rows)

─── Round 5/7 │ 24 scen = 5425 rows ───
    coll=1500  scales=[8.43e+01, 5.18e-01, 4.85e+00, 3.41e+01]
    → +4 scen  (total 28 = 6400 rows)

─── Round 6/7 │ 28 scen = 6400 rows ───
    coll=1500  scales=[7.61e+01, 5.49e-01, 4.38e+00, 3.08e+01]
    → +4 scen  (total 32 = 7225 rows)

─── Round 7/7 │ 32 scen = 7225 rows ───
    coll=1500  scales=[6.87e+01, 5.85e-01, 3.96e+00, 2.79e+01]

─── Final polish │ 300 ep ───
    ep  1160  data=-4.590e-01  pde=5.120e-01  λ=0.0020  val_mse=3.400e-03

[Done v3]  145.6s  32 scen  7225 rows  val_mse=3.2905e-03
  internal: 2.4094e-03  LHS: 2.0539e-02  (146s)

[pinn_ic_coreset]
  t_max override: ub[:,1] = 11.01  (was 1.00)
  Model: PINN  h=128  L=3  K=3  +PCA bottleneck k=8
[v3 trainer] PINN+committee+PDE  budget=30  n0=4  k=4  rounds=7  total_ep=1260  λ_max=0.002

─── Round 0/7 │ 4 scen = 900 rows ───
    coll=900  scales=[5.95e-01, 2.08e-01, 1.29e+00, 9.36e+00]
    → +4 scen  (total 8 = 1850 rows)

─── Round 1/7 │ 8 scen = 1850 rows ───
    coll=1500  scales=[6.01e+01, 4.02e-01, 3.12e+00, 3.53e+01]
    → +4 scen  (total 12 = 2750 rows)

─── Round 2/7 │ 12 scen = 2750 rows ───
    coll=1500  scales=[5.42e+01, 3.87e-01, 2.82e+00, 3.18e+01]
    → +4 scen  (total 16 = 3575 rows)

─── Round 3/7 │ 16 scen = 3575 rows ───
    coll=1500  scales=[4.89e+01, 3.99e-01, 2.55e+00, 2.86e+01]
    → +4 scen  (total 20 = 4550 rows)

─── Round 4/7 │ 20 scen = 4550 rows ───
    coll=1500  scales=[4.42e+01, 4.27e-01, 2.31e+00, 2.59e+01]
    → +4 scen  (total 24 = 5525 rows)

─── Round 5/7 │ 24 scen = 5525 rows ───
    coll=1500  scales=[3.99e+01, 4.40e-01, 2.10e+00, 2.34e+01]
    → +4 scen  (total 28 = 6425 rows)

─── Round 6/7 │ 28 scen = 6425 rows ───
    coll=1500  scales=[3.62e+01, 4.83e-01, 1.90e+00, 2.11e+01]
    → +4 scen  (total 32 = 7250 rows)

─── Round 7/7 │ 32 scen = 7250 rows ───
    coll=1500  scales=[3.28e+01, 5.04e-01, 1.72e+00, 1.90e+01]

─── Final polish │ 300 ep ───
    ep  1160  data=-4.615e-01  pde=4.220e-01  λ=0.0020  val_mse=2.501e-03

[Done v3]  140.3s  32 scen  7250 rows  val_mse=2.4441e-03
  internal: 1.7233e-03  LHS: 1.8374e-02  (140s)

[pinn_seqrand]
  t_max override: ub[:,1] = 11.01  (was 1.00)
  Model: PINN  h=128  L=3  K=3  +PCA bottleneck k=8
[v3 trainer] PINN+committee+PDE  budget=30  n0=4  k=4  rounds=7  total_ep=1260  λ_max=0.002

─── Round 0/7 │ 4 scen = 900 rows ───
    coll=900  scales=[5.95e-01, 2.08e-01, 1.29e+00, 9.36e+00]
    → +4 scen  (total 8 = 1775 rows)

─── Round 1/7 │ 8 scen = 1775 rows ───
    coll=1500  scales=[5.51e-01, 1.93e-01, 1.19e+00, 8.46e+00]
    → +4 scen  (total 12 = 2700 rows)

─── Round 2/7 │ 12 scen = 2700 rows ───
    coll=1500  scales=[5.15e-01, 1.82e-01, 1.08e+00, 7.65e+00]
    → +4 scen  (total 16 = 3600 rows)

─── Round 3/7 │ 16 scen = 3600 rows ───
    coll=1500  scales=[4.86e-01, 1.75e-01, 9.78e-01, 6.92e+00]
    → +4 scen  (total 20 = 4500 rows)

─── Round 4/7 │ 20 scen = 4500 rows ───
    coll=1500  scales=[4.52e-01, 1.67e-01, 8.84e-01, 6.25e+00]
    → +4 scen  (total 24 = 5525 rows)

─── Round 5/7 │ 24 scen = 5525 rows ───
    coll=1500  scales=[4.30e-01, 1.68e-01, 8.04e-01, 5.67e+00]
    → +4 scen  (total 28 = 6425 rows)

─── Round 6/7 │ 28 scen = 6425 rows ───
    coll=1500  scales=[4.17e-01, 1.76e-01, 7.47e-01, 5.24e+00]
    → +4 scen  (total 32 = 7275 rows)

─── Round 7/7 │ 32 scen = 7275 rows ───
    coll=1500  scales=[1.17e+01, 2.73e-01, 1.11e+00, 5.38e+00]

─── Final polish │ 300 ep ───
    ep  1160  data=-4.310e-01  pde=4.745e-01  λ=0.0020  val_mse=1.025e-02

[Done v3]  139.5s  32 scen  7275 rows  val_mse=1.0122e-02
  internal: 6.3854e-03  LHS: 1.3911e-01  (140s)

[pinn_oneshot]
  t_max override: ub[:,1] = 11.01  (was 1.00)
  Model: PINN  h=128  L=3  K=3  +PCA bottleneck k=8
  internal: 3.0204e-03  LHS: 2.7096e-02  (154s)

[ann_al]
  t_max override: ub[:,1] = 11.01  (was 1.00)
  Model: ANN   h=128  L=3  +PCA bottleneck k=8
[v3 trainer] ANN  budget=30  n0=4  k=4  rounds=7  total_ep=1260  λ_max=0.0

─── Round 0/7 │ 4 scen = 900 rows ───
    → +4 scen  (total 8 = 1800 rows)

─── Round 1/7 │ 8 scen = 1800 rows ───
    → +4 scen  (total 12 = 2800 rows)

─── Round 2/7 │ 12 scen = 2800 rows ───
    → +4 scen  (total 16 = 3650 rows)

─── Round 3/7 │ 16 scen = 3650 rows ───
    → +4 scen  (total 20 = 4675 rows)

─── Round 4/7 │ 20 scen = 4675 rows ───
    → +4 scen  (total 24 = 5575 rows)

─── Round 5/7 │ 24 scen = 5575 rows ───
    → +4 scen  (total 28 = 6550 rows)

─── Round 6/7 │ 28 scen = 6550 rows ───
    → +4 scen  (total 32 = 7425 rows)

─── Round 7/7 │ 32 scen = 7425 rows ───

─── Final polish │ 300 ep ───
    ep  1160  data=5.475e-04  pde=0.000e+00  λ=0.0000  val_mse=4.759e-04

[Done v3]  27.7s  32 scen  7425 rows  val_mse=4.7491e-04
  internal: 5.2811e-04  LHS: 2.2440e-02  (28s)

[ann_oneshot]
  t_max override: ub[:,1] = 11.01  (was 1.00)
  Model: ANN   h=128  L=3  +PCA bottleneck k=8
  internal: 4.7285e-04  LHS: 2.2247e-02  (28s)

======================================================================
BUDGET = 60 scenarios
======================================================================

── seed=42 ──

[pinn_al]
  t_max override: ub[:,1] = 11.01  (was 1.00)
  Model: PINN  h=192  L=4  K=3  +PCA bottleneck k=8
[v3 trainer] PINN+committee+PDE  budget=60  n0=4  k=4  rounds=14  total_ep=2100  λ_max=0.002

─── Round 0/14 │ 4 scen = 900 rows ───
    coll=900  scales=[3.91e+02, 1.24e+00, 7.59e+00, 1.89e+02]
    → +4 scen  (total 8 = 1725 rows)

─── Round 1/14 │ 8 scen = 1725 rows ───
    coll=1500  scales=[8.88e+02, 1.73e+00, 1.27e+01, 3.12e+02]
    → +4 scen  (total 12 = 2600 rows)

─── Round 2/14 │ 12 scen = 2600 rows ───
    coll=1500  scales=[8.50e+02, 1.85e+00, 1.38e+01, 3.16e+02]
    → +4 scen  (total 16 = 3525 rows)

─── Round 3/14 │ 16 scen = 3525 rows ───
    coll=1500  scales=[7.65e+02, 1.86e+00, 1.24e+01, 2.85e+02]
    → +4 scen  (total 20 = 4525 rows)

─── Round 4/14 │ 20 scen = 4525 rows ───
    coll=1500  scales=[6.89e+02, 1.79e+00, 1.12e+01, 2.57e+02]
    → +4 scen  (total 24 = 5375 rows)

─── Round 5/14 │ 24 scen = 5375 rows ───
    coll=1500  scales=[6.20e+02, 1.72e+00, 1.01e+01, 2.31e+02]
    → +4 scen  (total 28 = 6325 rows)

─── Round 6/14 │ 28 scen = 6325 rows ───
    coll=1500  scales=[5.58e+02, 1.74e+00, 9.10e+00, 2.08e+02]
    → +4 scen  (total 32 = 7350 rows)

─── Round 7/14 │ 32 scen = 7350 rows ───
    coll=1500  scales=[5.03e+02, 1.79e+00, 8.21e+00, 1.88e+02]
    → +4 scen  (total 36 = 8200 rows)

─── Round 8/14 │ 36 scen = 8200 rows ───
    coll=1500  scales=[4.53e+02, 1.70e+00, 7.39e+00, 1.69e+02]
    → +4 scen  (total 40 = 9150 rows)

─── Round 9/14 │ 40 scen = 9150 rows ───
    coll=1500  scales=[4.08e+02, 1.65e+00, 6.66e+00, 1.52e+02]
    → +4 scen  (total 44 = 10050 rows)

─── Round 10/14 │ 44 scen = 10050 rows ───
    coll=1500  scales=[3.67e+02, 1.60e+00, 6.00e+00, 1.37e+02]
    → +4 scen  (total 48 = 10925 rows)

─── Round 11/14 │ 48 scen = 10925 rows ───
    coll=1500  scales=[3.30e+02, 1.51e+00, 5.41e+00, 1.24e+02]
    → +4 scen  (total 52 = 11925 rows)

─── Round 12/14 │ 52 scen = 11925 rows ───
    coll=1500  scales=[2.98e+02, 1.47e+00, 4.87e+00, 1.11e+02]
    → +4 scen  (total 56 = 12950 rows)

─── Round 13/14 │ 56 scen = 12950 rows ───
    coll=1500  scales=[2.68e+02, 1.40e+00, 4.39e+00, 1.00e+02]
    → +4 scen  (total 60 = 13950 rows)

─── Round 14/14 │ 60 scen = 13950 rows ───
    coll=1500  scales=[2.41e+02, 1.32e+00, 3.95e+00, 9.04e+01]

─── Final polish │ 300 ep ───
    ep  2000  data=-4.833e-01  pde=5.486e-02  λ=0.0020  val_mse=2.653e-04

[Done v3]  720.4s  60 scen  13950 rows  val_mse=2.6366e-04
  internal: 3.1534e-04  LHS: 2.4797e-02  (720s)

[pinn_ic_coreset]
  t_max override: ub[:,1] = 11.01  (was 1.00)
  Model: PINN  h=192  L=4  K=3  +PCA bottleneck k=8
[v3 trainer] PINN+committee+PDE  budget=60  n0=4  k=4  rounds=14  total_ep=2100  λ_max=0.002

─── Round 0/14 │ 4 scen = 900 rows ───
    coll=900  scales=[3.91e+02, 1.24e+00, 7.59e+00, 1.89e+02]
    → +4 scen  (total 8 = 1850 rows)

─── Round 1/14 │ 8 scen = 1850 rows ───
    coll=1500  scales=[8.65e+02, 1.72e+00, 1.26e+01, 3.12e+02]
    → +4 scen  (total 12 = 2700 rows)

─── Round 2/14 │ 12 scen = 2700 rows ───
    coll=1500  scales=[7.79e+02, 1.69e+00, 1.14e+01, 2.81e+02]
    → +4 scen  (total 16 = 3600 rows)

─── Round 3/14 │ 16 scen = 3600 rows ───
    coll=1500  scales=[7.01e+02, 1.71e+00, 1.03e+01, 2.54e+02]
    → +4 scen  (total 20 = 4525 rows)

─── Round 4/14 │ 20 scen = 4525 rows ───
    coll=1500  scales=[6.31e+02, 1.71e+00, 9.28e+00, 2.29e+02]
    → +4 scen  (total 24 = 5525 rows)

─── Round 5/14 │ 24 scen = 5525 rows ───
    coll=1500  scales=[5.68e+02, 1.67e+00, 8.37e+00, 2.07e+02]
    → +4 scen  (total 28 = 6425 rows)

─── Round 6/14 │ 28 scen = 6425 rows ───
    coll=1500  scales=[5.14e+02, 1.69e+00, 7.91e+00, 1.87e+02]
    → +4 scen  (total 32 = 7275 rows)

─── Round 7/14 │ 32 scen = 7275 rows ───
    coll=1500  scales=[4.63e+02, 1.66e+00, 7.13e+00, 1.69e+02]
    → +4 scen  (total 36 = 8200 rows)

─── Round 8/14 │ 36 scen = 8200 rows ───
    coll=1500  scales=[4.17e+02, 1.66e+00, 6.43e+00, 1.52e+02]
    → +4 scen  (total 40 = 9125 rows)

─── Round 9/14 │ 40 scen = 9125 rows ───
    coll=1500  scales=[3.78e+02, 1.79e+00, 6.10e+00, 1.39e+02]
    → +4 scen  (total 44 = 10075 rows)

─── Round 10/14 │ 44 scen = 10075 rows ───
    coll=1500  scales=[3.40e+02, 1.68e+00, 5.49e+00, 1.25e+02]
    → +4 scen  (total 48 = 11025 rows)

─── Round 11/14 │ 48 scen = 11025 rows ───
    coll=1500  scales=[3.07e+02, 1.62e+00, 4.95e+00, 1.13e+02]
    → +4 scen  (total 52 = 12050 rows)

─── Round 12/14 │ 52 scen = 12050 rows ───
    coll=1500  scales=[2.76e+02, 1.53e+00, 4.45e+00, 1.02e+02]
    → +4 scen  (total 56 = 12975 rows)

─── Round 13/14 │ 56 scen = 12975 rows ───
    coll=1500  scales=[2.49e+02, 1.46e+00, 4.01e+00, 9.20e+01]
    → +4 scen  (total 60 = 13900 rows)

─── Round 14/14 │ 60 scen = 13900 rows ───
    coll=1500  scales=[2.24e+02, 1.40e+00, 3.62e+00, 8.30e+01]

─── Final polish │ 300 ep ───
    ep  2000  data=-4.829e-01  pde=5.783e-02  λ=0.0020  val_mse=2.748e-04

[Done v3]  708.0s  60 scen  13900 rows  val_mse=2.7294e-04
  internal: 2.9402e-04  LHS: 2.3593e-02  (708s)

[pinn_seqrand]
  t_max override: ub[:,1] = 11.01  (was 1.00)
  Model: PINN  h=192  L=4  K=3  +PCA bottleneck k=8
[v3 trainer] PINN+committee+PDE  budget=60  n0=4  k=4  rounds=14  total_ep=2100  λ_max=0.002

─── Round 0/14 │ 4 scen = 900 rows ───
    coll=900  scales=[3.91e+02, 1.24e+00, 7.59e+00, 1.89e+02]
    → +4 scen  (total 8 = 1825 rows)

─── Round 1/14 │ 8 scen = 1825 rows ───
    coll=1500  scales=[3.52e+02, 1.18e+00, 1.18e+01, 3.11e+02]
    → +4 scen  (total 12 = 2800 rows)

─── Round 2/14 │ 12 scen = 2800 rows ───
    coll=1500  scales=[3.17e+02, 1.11e+00, 1.09e+01, 2.81e+02]
    → +4 scen  (total 16 = 3675 rows)

─── Round 3/14 │ 16 scen = 3675 rows ───
    coll=1500  scales=[2.86e+02, 1.07e+00, 1.07e+01, 2.54e+02]
    → +4 scen  (total 20 = 4550 rows)

─── Round 4/14 │ 20 scen = 4550 rows ───
    coll=1500  scales=[2.58e+02, 1.15e+00, 9.75e+00, 2.30e+02]
    → +4 scen  (total 24 = 5450 rows)

─── Round 5/14 │ 24 scen = 5450 rows ───
    coll=1500  scales=[2.36e+02, 1.21e+00, 8.98e+00, 2.07e+02]
    → +4 scen  (total 28 = 6400 rows)

─── Round 6/14 │ 28 scen = 6400 rows ───
    coll=1500  scales=[2.13e+02, 1.20e+00, 8.17e+00, 1.87e+02]
    → +4 scen  (total 32 = 7300 rows)

─── Round 7/14 │ 32 scen = 7300 rows ───
    coll=1500  scales=[1.92e+02, 1.17e+00, 8.14e+00, 1.69e+02]
    → +4 scen  (total 36 = 8200 rows)

─── Round 8/14 │ 36 scen = 8200 rows ───
    coll=1500  scales=[1.73e+02, 1.16e+00, 7.51e+00, 1.52e+02]
    → +4 scen  (total 40 = 9125 rows)

─── Round 9/14 │ 40 scen = 9125 rows ───
    coll=1500  scales=[1.57e+02, 1.19e+00, 6.88e+00, 1.38e+02]
    → +4 scen  (total 44 = 10000 rows)

─── Round 10/14 │ 44 scen = 10000 rows ───
    coll=1500  scales=[1.41e+02, 1.20e+00, 6.32e+00, 1.24e+02]
    → +4 scen  (total 48 = 10925 rows)

─── Round 11/14 │ 48 scen = 10925 rows ───
    coll=1500  scales=[1.28e+02, 1.16e+00, 5.70e+00, 1.12e+02]
    → +4 scen  (total 52 = 11825 rows)

─── Round 12/14 │ 52 scen = 11825 rows ───
    coll=1500  scales=[1.16e+02, 1.13e+00, 5.13e+00, 1.01e+02]
    → +4 scen  (total 56 = 12675 rows)

─── Round 13/14 │ 56 scen = 12675 rows ───
    coll=1500  scales=[1.10e+02, 1.09e+00, 4.91e+00, 9.10e+01]
    → +4 scen  (total 60 = 13575 rows)

─── Round 14/14 │ 60 scen = 13575 rows ───
    coll=1500  scales=[9.91e+01, 1.04e+00, 4.43e+00, 8.21e+01]

─── Final polish │ 300 ep ───
    ep  2000  data=-4.806e-01  pde=8.198e-02  λ=0.0020  val_mse=1.408e-03

[Done v3]  703.8s  60 scen  13575 rows  val_mse=1.4004e-03
  internal: 9.9969e-04  LHS: 4.8357e-02  (704s)

[pinn_oneshot]
  t_max override: ub[:,1] = 11.01  (was 1.00)
  Model: PINN  h=192  L=4  K=3  +PCA bottleneck k=8
  internal: 7.0007e-04  LHS: 2.9161e-02  (896s)

[ann_al]
  t_max override: ub[:,1] = 11.01  (was 1.00)
  Model: ANN   h=192  L=4  +PCA bottleneck k=8
[v3 trainer] ANN  budget=60  n0=4  k=4  rounds=14  total_ep=2100  λ_max=0.0

─── Round 0/14 │ 4 scen = 900 rows ───
    → +4 scen  (total 8 = 1825 rows)

─── Round 1/14 │ 8 scen = 1825 rows ───
    → +4 scen  (total 12 = 2700 rows)

─── Round 2/14 │ 12 scen = 2700 rows ───
    → +4 scen  (total 16 = 3650 rows)

─── Round 3/14 │ 16 scen = 3650 rows ───
    → +4 scen  (total 20 = 4675 rows)

─── Round 4/14 │ 20 scen = 4675 rows ───
    → +4 scen  (total 24 = 5575 rows)

─── Round 5/14 │ 24 scen = 5575 rows ───
    → +4 scen  (total 28 = 6500 rows)

─── Round 6/14 │ 28 scen = 6500 rows ───
    → +4 scen  (total 32 = 7400 rows)

─── Round 7/14 │ 32 scen = 7400 rows ───
    → +4 scen  (total 36 = 8250 rows)

─── Round 8/14 │ 36 scen = 8250 rows ───
    → +4 scen  (total 40 = 9175 rows)

─── Round 9/14 │ 40 scen = 9175 rows ───
    → +4 scen  (total 44 = 10150 rows)

─── Round 10/14 │ 44 scen = 10150 rows ───
    → +4 scen  (total 48 = 11125 rows)

─── Round 11/14 │ 48 scen = 11125 rows ───
    → +4 scen  (total 52 = 12125 rows)

─── Round 12/14 │ 52 scen = 12125 rows ───
    → +4 scen  (total 56 = 13150 rows)

─── Round 13/14 │ 56 scen = 13150 rows ───
    → +4 scen  (total 60 = 14075 rows)

─── Round 14/14 │ 60 scen = 14075 rows ───

─── Final polish │ 300 ep ───
    ep  2000  data=2.755e-04  pde=0.000e+00  λ=0.0000  val_mse=2.573e-04

[Done v3]  156.0s  60 scen  14075 rows  val_mse=2.5720e-04
  internal: 3.2720e-04  LHS: 2.1221e-02  (156s)

[ann_oneshot]
  t_max override: ub[:,1] = 11.01  (was 1.00)
  Model: ANN   h=192  L=4  +PCA bottleneck k=8
  internal: 4.2967e-04  LHS: 3.6335e-02  (218s)

── seed=123 ──

[pinn_al]
  t_max override: ub[:,1] = 11.01  (was 1.00)
  Model: PINN  h=192  L=4  K=3  +PCA bottleneck k=8
[v3 trainer] PINN+committee+PDE  budget=60  n0=4  k=4  rounds=14  total_ep=2100  λ_max=0.002

─── Round 0/14 │ 4 scen = 875 rows ───
    coll=875  scales=[1.62e+02, 1.13e+00, 1.56e+01, 6.07e+02]
    → +4 scen  (total 8 = 1850 rows)

─── Round 1/14 │ 8 scen = 1850 rows ───
    coll=1500  scales=[1.85e+02, 2.02e+00, 1.53e+01, 5.52e+02]
    → +4 scen  (total 12 = 2825 rows)

─── Round 2/14 │ 12 scen = 2825 rows ───
    coll=1500  scales=[1.69e+02, 1.95e+00, 1.47e+01, 5.02e+02]
    → +4 scen  (total 16 = 3650 rows)

─── Round 3/14 │ 16 scen = 3650 rows ───
    coll=1500  scales=[1.53e+02, 2.04e+00, 1.33e+01, 4.52e+02]
    → +4 scen  (total 20 = 4550 rows)

─── Round 4/14 │ 20 scen = 4550 rows ───
    coll=1500  scales=[1.38e+02, 2.02e+00, 1.19e+01, 4.07e+02]
    → +4 scen  (total 24 = 5400 rows)

─── Round 5/14 │ 24 scen = 5400 rows ───
    coll=1500  scales=[1.24e+02, 1.97e+00, 1.07e+01, 3.66e+02]
    → +4 scen  (total 28 = 6375 rows)

─── Round 6/14 │ 28 scen = 6375 rows ───
    coll=1500  scales=[1.12e+02, 2.51e+00, 9.68e+00, 3.30e+02]
    → +4 scen  (total 32 = 7300 rows)

─── Round 7/14 │ 32 scen = 7300 rows ───
    coll=1500  scales=[1.01e+02, 2.38e+00, 8.71e+00, 2.97e+02]
    → +4 scen  (total 36 = 8200 rows)

─── Round 8/14 │ 36 scen = 8200 rows ───
    coll=1500  scales=[9.14e+01, 2.25e+00, 8.02e+00, 2.68e+02]
    → +4 scen  (total 40 = 9100 rows)

─── Round 9/14 │ 40 scen = 9100 rows ───
    coll=1500  scales=[8.24e+01, 2.11e+00, 7.22e+00, 2.41e+02]
    → +4 scen  (total 44 = 9950 rows)

─── Round 10/14 │ 44 scen = 9950 rows ───
    coll=1500  scales=[7.44e+01, 2.00e+00, 6.50e+00, 2.17e+02]
    → +4 scen  (total 48 = 10925 rows)

─── Round 11/14 │ 48 scen = 10925 rows ───
    coll=1500  scales=[6.72e+01, 1.91e+00, 5.85e+00, 1.96e+02]
    → +4 scen  (total 52 = 11900 rows)

─── Round 12/14 │ 52 scen = 11900 rows ───
    coll=1500  scales=[6.06e+01, 1.79e+00, 5.27e+00, 1.76e+02]
    → +4 scen  (total 56 = 12950 rows)

─── Round 13/14 │ 56 scen = 12950 rows ───
    coll=1500  scales=[5.47e+01, 1.71e+00, 4.75e+00, 1.58e+02]
    → +4 scen  (total 60 = 13925 rows)

─── Round 14/14 │ 60 scen = 13925 rows ───
    coll=1500  scales=[4.95e+01, 1.63e+00, 4.27e+00, 1.43e+02]

─── Final polish │ 300 ep ───
    ep  2000  data=-4.829e-01  pde=6.249e-02  λ=0.0020  val_mse=2.473e-04

[Done v3]  720.0s  60 scen  13925 rows  val_mse=2.4559e-04
  internal: 2.9399e-04  LHS: 2.3961e-02  (720s)

[pinn_ic_coreset]
  t_max override: ub[:,1] = 11.01  (was 1.00)
  Model: PINN  h=192  L=4  K=3  +PCA bottleneck k=8
[v3 trainer] PINN+committee+PDE  budget=60  n0=4  k=4  rounds=14  total_ep=2100  λ_max=0.002

─── Round 0/14 │ 4 scen = 875 rows ───
    coll=875  scales=[1.62e+02, 1.13e+00, 1.56e+01, 6.07e+02]
    → +4 scen  (total 8 = 1850 rows)

─── Round 1/14 │ 8 scen = 1850 rows ───
    coll=1500  scales=[1.92e+02, 2.02e+00, 1.50e+01, 5.51e+02]
    → +4 scen  (total 12 = 2725 rows)

─── Round 2/14 │ 12 scen = 2725 rows ───
    coll=1500  scales=[1.73e+02, 2.07e+00, 1.38e+01, 4.98e+02]
    → +4 scen  (total 16 = 3600 rows)

─── Round 3/14 │ 16 scen = 3600 rows ───
    coll=1500  scales=[1.56e+02, 2.18e+00, 1.24e+01, 4.48e+02]
    → +4 scen  (total 20 = 4525 rows)

─── Round 4/14 │ 20 scen = 4525 rows ───
    coll=1500  scales=[1.41e+02, 2.11e+00, 1.12e+01, 4.04e+02]
    → +4 scen  (total 24 = 5500 rows)

─── Round 5/14 │ 24 scen = 5500 rows ───
    coll=1500  scales=[1.27e+02, 2.07e+00, 1.01e+01, 3.63e+02]
    → +4 scen  (total 28 = 6400 rows)

─── Round 6/14 │ 28 scen = 6400 rows ───
    coll=1500  scales=[1.14e+02, 1.99e+00, 9.07e+00, 3.27e+02]
    → +4 scen  (total 32 = 7325 rows)

─── Round 7/14 │ 32 scen = 7325 rows ───
    coll=1500  scales=[1.03e+02, 1.96e+00, 8.17e+00, 2.94e+02]
    → +4 scen  (total 36 = 8225 rows)

─── Round 8/14 │ 36 scen = 8225 rows ───
    coll=1500  scales=[9.28e+01, 1.87e+00, 7.36e+00, 2.65e+02]
    → +4 scen  (total 40 = 9200 rows)

─── Round 9/14 │ 40 scen = 9200 rows ───
    coll=1500  scales=[8.37e+01, 1.76e+00, 6.62e+00, 2.39e+02]
    → +4 scen  (total 44 = 10125 rows)

─── Round 10/14 │ 44 scen = 10125 rows ───
    coll=1500  scales=[7.55e+01, 1.70e+00, 5.96e+00, 2.15e+02]
    → +4 scen  (total 48 = 11125 rows)

─── Round 11/14 │ 48 scen = 11125 rows ───
    coll=1500  scales=[6.81e+01, 1.65e+00, 5.37e+00, 1.93e+02]
    → +4 scen  (total 52 = 12125 rows)

─── Round 12/14 │ 52 scen = 12125 rows ───
    coll=1500  scales=[6.15e+01, 1.62e+00, 4.84e+00, 1.74e+02]
    → +4 scen  (total 56 = 13075 rows)

─── Round 13/14 │ 56 scen = 13075 rows ───
    coll=1500  scales=[5.55e+01, 1.55e+00, 4.35e+00, 1.57e+02]
    → +4 scen  (total 60 = 13925 rows)

─── Round 14/14 │ 60 scen = 13925 rows ───
    coll=1500  scales=[5.00e+01, 1.47e+00, 3.92e+00, 1.41e+02]

─── Final polish │ 300 ep ───
    ep  2000  data=-4.830e-01  pde=8.643e-02  λ=0.0020  val_mse=2.278e-04

[Done v3]  708.5s  60 scen  13925 rows  val_mse=2.2609e-04
  internal: 2.9763e-04  LHS: 2.5186e-02  (709s)

[pinn_seqrand]
  t_max override: ub[:,1] = 11.01  (was 1.00)
  Model: PINN  h=192  L=4  K=3  +PCA bottleneck k=8
[v3 trainer] PINN+committee+PDE  budget=60  n0=4  k=4  rounds=14  total_ep=2100  λ_max=0.002

─── Round 0/14 │ 4 scen = 875 rows ───
    coll=875  scales=[1.62e+02, 1.13e+00, 1.56e+01, 6.07e+02]
    → +4 scen  (total 8 = 1825 rows)

─── Round 1/14 │ 8 scen = 1825 rows ───
    coll=1500  scales=[1.46e+02, 1.09e+00, 1.41e+01, 5.46e+02]
    → +4 scen  (total 12 = 2775 rows)

─── Round 2/14 │ 12 scen = 2775 rows ───
    coll=1500  scales=[1.31e+02, 1.03e+00, 1.27e+01, 4.92e+02]
    → +4 scen  (total 16 = 3650 rows)

─── Round 3/14 │ 16 scen = 3650 rows ───
    coll=1500  scales=[1.48e+02, 1.23e+00, 1.28e+01, 4.45e+02]
    → +4 scen  (total 20 = 4550 rows)

─── Round 4/14 │ 20 scen = 4550 rows ───
    coll=1500  scales=[1.33e+02, 1.24e+00, 1.16e+01, 4.01e+02]
    → +4 scen  (total 24 = 5450 rows)

─── Round 5/14 │ 24 scen = 5450 rows ───
    coll=1500  scales=[1.20e+02, 1.20e+00, 1.04e+01, 3.61e+02]
    → +4 scen  (total 28 = 6400 rows)

─── Round 6/14 │ 28 scen = 6400 rows ───
    coll=1500  scales=[1.09e+02, 1.26e+00, 9.37e+00, 3.25e+02]
    → +4 scen  (total 32 = 7300 rows)

─── Round 7/14 │ 32 scen = 7300 rows ───
    coll=1500  scales=[9.84e+01, 1.20e+00, 8.46e+00, 2.93e+02]
    → +4 scen  (total 36 = 8150 rows)

─── Round 8/14 │ 36 scen = 8150 rows ───
    coll=1500  scales=[8.90e+01, 1.21e+00, 7.62e+00, 2.63e+02]
    → +4 scen  (total 40 = 9100 rows)

─── Round 9/14 │ 40 scen = 9100 rows ───
    coll=1500  scales=[8.05e+01, 1.17e+00, 6.86e+00, 2.37e+02]
    → +4 scen  (total 44 = 9975 rows)

─── Round 10/14 │ 44 scen = 9975 rows ───
    coll=1500  scales=[7.27e+01, 1.14e+00, 6.18e+00, 2.13e+02]
    → +4 scen  (total 48 = 10875 rows)

─── Round 11/14 │ 48 scen = 10875 rows ───
    coll=1500  scales=[6.58e+01, 1.16e+00, 5.56e+00, 1.92e+02]
    → +4 scen  (total 52 = 11775 rows)

─── Round 12/14 │ 52 scen = 11775 rows ───
    coll=1500  scales=[5.96e+01, 1.12e+00, 5.01e+00, 1.73e+02]
    → +4 scen  (total 56 = 12650 rows)

─── Round 13/14 │ 56 scen = 12650 rows ───
    coll=1500  scales=[5.39e+01, 1.09e+00, 4.51e+00, 1.56e+02]
    → +4 scen  (total 60 = 13550 rows)

─── Round 14/14 │ 60 scen = 13550 rows ───
    coll=1500  scales=[4.88e+01, 1.03e+00, 4.06e+00, 1.40e+02]

─── Final polish │ 300 ep ───
    ep  2000  data=-4.821e-01  pde=7.320e-02  λ=0.0020  val_mse=5.521e-04

[Done v3]  702.2s  60 scen  13550 rows  val_mse=5.4562e-04
  internal: 4.9180e-04  LHS: 2.7007e-02  (702s)

[pinn_oneshot]
  t_max override: ub[:,1] = 11.01  (was 1.00)
  Model: PINN  h=192  L=4  K=3  +PCA bottleneck k=8
  internal: 2.4200e-03  LHS: 1.9222e-01  (894s)

[ann_al]
  t_max override: ub[:,1] = 11.01  (was 1.00)
  Model: ANN   h=192  L=4  +PCA bottleneck k=8
[v3 trainer] ANN  budget=60  n0=4  k=4  rounds=14  total_ep=2100  λ_max=0.0

─── Round 0/14 │ 4 scen = 875 rows ───
    → +4 scen  (total 8 = 1825 rows)

─── Round 1/14 │ 8 scen = 1825 rows ───
    → +4 scen  (total 12 = 2775 rows)

─── Round 2/14 │ 12 scen = 2775 rows ───
    → +4 scen  (total 16 = 3750 rows)

─── Round 3/14 │ 16 scen = 3750 rows ───
    → +4 scen  (total 20 = 4725 rows)

─── Round 4/14 │ 20 scen = 4725 rows ───
    → +4 scen  (total 24 = 5575 rows)

─── Round 5/14 │ 24 scen = 5575 rows ───
    → +4 scen  (total 28 = 6525 rows)

─── Round 6/14 │ 28 scen = 6525 rows ───
    → +4 scen  (total 32 = 7500 rows)

─── Round 7/14 │ 32 scen = 7500 rows ───
    → +4 scen  (total 36 = 8375 rows)

─── Round 8/14 │ 36 scen = 8375 rows ───
    → +4 scen  (total 40 = 9375 rows)

─── Round 9/14 │ 40 scen = 9375 rows ───
    → +4 scen  (total 44 = 10275 rows)

─── Round 10/14 │ 44 scen = 10275 rows ───
    → +4 scen  (total 48 = 11225 rows)

─── Round 11/14 │ 48 scen = 11225 rows ───
    → +4 scen  (total 52 = 12225 rows)

─── Round 12/14 │ 52 scen = 12225 rows ───
    → +4 scen  (total 56 = 13175 rows)

─── Round 13/14 │ 56 scen = 13175 rows ───
    → +4 scen  (total 60 = 14000 rows)

─── Round 14/14 │ 60 scen = 14000 rows ───

─── Final polish │ 300 ep ───
    ep  2000  data=2.690e-04  pde=0.000e+00  λ=0.0000  val_mse=2.287e-04

[Done v3]  155.3s  60 scen  14000 rows  val_mse=2.2868e-04
  internal: 3.3121e-04  LHS: 2.9780e-02  (155s)

[ann_oneshot]
  t_max override: ub[:,1] = 11.01  (was 1.00)
  Model: ANN   h=192  L=4  +PCA bottleneck k=8
  internal: 2.1699e-03  LHS: 1.1761e-01  (218s)

── seed=456 ──

[pinn_al]
  t_max override: ub[:,1] = 11.01  (was 1.00)
  Model: PINN  h=192  L=4  K=3  +PCA bottleneck k=8
[v3 trainer] PINN+committee+PDE  budget=60  n0=4  k=4  rounds=14  total_ep=2100  λ_max=0.002

─── Round 0/14 │ 4 scen = 875 rows ───
    coll=875  scales=[1.27e+00, 6.76e-01, 2.86e-01, 3.58e+00]
    → +4 scen  (total 8 = 1750 rows)

─── Round 1/14 │ 8 scen = 1750 rows ───
    coll=1500  scales=[2.08e+00, 6.65e-01, 6.35e-01, 1.54e+01]
    → +4 scen  (total 12 = 2625 rows)

─── Round 2/14 │ 12 scen = 2625 rows ───
    coll=1500  scales=[1.94e+00, 6.41e-01, 5.91e-01, 1.40e+01]
    → +4 scen  (total 16 = 3600 rows)

─── Round 3/14 │ 16 scen = 3600 rows ───
    coll=1500  scales=[1.84e+00, 6.48e-01, 5.42e-01, 1.27e+01]
    → +4 scen  (total 20 = 4475 rows)

─── Round 4/14 │ 20 scen = 4475 rows ───
    coll=1500  scales=[1.69e+00, 6.32e-01, 4.93e-01, 1.15e+01]
    → +4 scen  (total 24 = 5400 rows)

─── Round 5/14 │ 24 scen = 5400 rows ───
    coll=1500  scales=[1.56e+00, 6.04e-01, 4.50e-01, 1.04e+01]
    → +4 scen  (total 28 = 6225 rows)

─── Round 6/14 │ 28 scen = 6225 rows ───
    coll=1500  scales=[1.47e+00, 6.55e-01, 4.08e-01, 9.43e+00]
    → +4 scen  (total 32 = 7200 rows)

─── Round 7/14 │ 32 scen = 7200 rows ───
    coll=1500  scales=[1.36e+00, 6.83e-01, 3.70e-01, 8.51e+00]
    → +4 scen  (total 36 = 8250 rows)

─── Round 8/14 │ 36 scen = 8250 rows ───
    coll=1500  scales=[1.28e+00, 7.06e-01, 3.36e-01, 7.69e+00]
    → +4 scen  (total 40 = 9175 rows)

─── Round 9/14 │ 40 scen = 9175 rows ───
    coll=1500  scales=[1.18e+00, 6.91e-01, 3.05e-01, 6.94e+00]
    → +4 scen  (total 44 = 10125 rows)

─── Round 10/14 │ 44 scen = 10125 rows ───
    coll=1500  scales=[1.10e+00, 6.93e-01, 2.77e-01, 6.27e+00]
    → +4 scen  (total 48 = 11050 rows)

─── Round 11/14 │ 48 scen = 11050 rows ───
    coll=1500  scales=[1.03e+00, 6.92e-01, 2.52e-01, 5.67e+00]
    → +4 scen  (total 52 = 12000 rows)

─── Round 12/14 │ 52 scen = 12000 rows ───
    coll=1500  scales=[9.60e-01, 6.85e-01, 2.28e-01, 5.11e+00]
    → +4 scen  (total 56 = 13000 rows)

─── Round 13/14 │ 56 scen = 13000 rows ───
    coll=1500  scales=[8.91e-01, 6.55e-01, 2.07e-01, 4.62e+00]
    → +4 scen  (total 60 = 14000 rows)

─── Round 14/14 │ 60 scen = 14000 rows ───
    coll=1500  scales=[8.23e-01, 6.28e-01, 1.88e-01, 4.17e+00]

─── Final polish │ 300 ep ───
    ep  2000  data=-4.810e-01  pde=1.432e-01  λ=0.0020  val_mse=8.891e-04

[Done v3]  717.9s  60 scen  14000 rows  val_mse=8.7484e-04
  internal: 7.7820e-04  LHS: 2.7889e-02  (718s)

[pinn_ic_coreset]
  t_max override: ub[:,1] = 11.01  (was 1.00)
  Model: PINN  h=192  L=4  K=3  +PCA bottleneck k=8
[v3 trainer] PINN+committee+PDE  budget=60  n0=4  k=4  rounds=14  total_ep=2100  λ_max=0.002

─── Round 0/14 │ 4 scen = 875 rows ───
    coll=875  scales=[1.27e+00, 6.76e-01, 2.86e-01, 3.58e+00]
    → +4 scen  (total 8 = 1825 rows)

─── Round 1/14 │ 8 scen = 1825 rows ───
    coll=1500  scales=[2.15e+00, 6.62e-01, 6.77e-01, 1.64e+01]
    → +4 scen  (total 12 = 2725 rows)

─── Round 2/14 │ 12 scen = 2725 rows ───
    coll=1500  scales=[2.04e+00, 9.61e-01, 6.15e-01, 1.49e+01]
    → +4 scen  (total 16 = 3675 rows)

─── Round 3/14 │ 16 scen = 3675 rows ───
    coll=1500  scales=[1.90e+00, 9.51e-01, 5.63e-01, 1.35e+01]
    → +4 scen  (total 20 = 4575 rows)

─── Round 4/14 │ 20 scen = 4575 rows ───
    coll=1500  scales=[1.80e+00, 1.01e+00, 5.16e-01, 1.23e+01]
    → +4 scen  (total 24 = 5500 rows)

─── Round 5/14 │ 24 scen = 5500 rows ───
    coll=1500  scales=[1.67e+00, 9.84e-01, 4.69e-01, 1.11e+01]
    → +4 scen  (total 28 = 6425 rows)

─── Round 6/14 │ 28 scen = 6425 rows ───
    coll=1500  scales=[1.54e+00, 9.53e-01, 4.27e-01, 1.00e+01]
    → +4 scen  (total 32 = 7375 rows)

─── Round 7/14 │ 32 scen = 7375 rows ───
    coll=1500  scales=[1.50e+00, 1.09e+00, 3.87e-01, 9.07e+00]
    → +4 scen  (total 36 = 8225 rows)

─── Round 8/14 │ 36 scen = 8225 rows ───
    coll=1500  scales=[1.44e+00, 1.09e+00, 3.69e-01, 8.21e+00]
    → +4 scen  (total 40 = 9125 rows)

─── Round 9/14 │ 40 scen = 9125 rows ───
    coll=1500  scales=[1.36e+00, 1.14e+00, 3.35e-01, 7.42e+00]
    → +4 scen  (total 44 = 10050 rows)

─── Round 10/14 │ 44 scen = 10050 rows ───
    coll=1500  scales=[1.27e+00, 1.14e+00, 3.05e-01, 6.70e+00]
    → +4 scen  (total 48 = 11025 rows)

─── Round 11/14 │ 48 scen = 11025 rows ───
    coll=1500  scales=[1.18e+00, 1.08e+00, 2.77e-01, 6.05e+00]
    → +4 scen  (total 52 = 12075 rows)

─── Round 12/14 │ 52 scen = 12075 rows ───
    coll=1500  scales=[1.09e+00, 1.05e+00, 2.51e-01, 5.46e+00]
    → +4 scen  (total 56 = 13050 rows)

─── Round 13/14 │ 56 scen = 13050 rows ───
    coll=1500  scales=[1.02e+00, 1.02e+00, 2.28e-01, 4.93e+00]
    → +4 scen  (total 60 = 13975 rows)

─── Round 14/14 │ 60 scen = 13975 rows ───
    coll=1500  scales=[9.60e-01, 1.00e+00, 2.07e-01, 4.45e+00]

─── Final polish │ 300 ep ───
    ep  2000  data=-4.819e-01  pde=1.237e-01  λ=0.0020  val_mse=5.353e-04

[Done v3]  706.2s  60 scen  13975 rows  val_mse=5.2828e-04
  internal: 5.1321e-04  LHS: 2.7629e-02  (706s)

[pinn_seqrand]
  t_max override: ub[:,1] = 11.01  (was 1.00)
  Model: PINN  h=192  L=4  K=3  +PCA bottleneck k=8
[v3 trainer] PINN+committee+PDE  budget=60  n0=4  k=4  rounds=14  total_ep=2100  λ_max=0.002

─── Round 0/14 │ 4 scen = 875 rows ───
    coll=875  scales=[1.27e+00, 6.76e-01, 2.86e-01, 3.58e+00]
    → +4 scen  (total 8 = 1825 rows)

─── Round 1/14 │ 8 scen = 1825 rows ───
    coll=1500  scales=[1.15e+00, 6.22e-01, 2.68e-01, 3.82e+00]
    → +4 scen  (total 12 = 2725 rows)

─── Round 2/14 │ 12 scen = 2725 rows ───
    coll=1500  scales=[1.08e+00, 6.05e-01, 2.45e-01, 3.49e+00]
    → +4 scen  (total 16 = 3600 rows)

─── Round 3/14 │ 16 scen = 3600 rows ───
    coll=1500  scales=[1.16e+00, 6.85e-01, 2.71e-01, 3.24e+00]
    → +4 scen  (total 20 = 4550 rows)

─── Round 4/14 │ 20 scen = 4550 rows ───
    coll=1500  scales=[1.08e+00, 6.35e-01, 2.46e-01, 2.94e+00]
    → +4 scen  (total 24 = 5475 rows)

─── Round 5/14 │ 24 scen = 5475 rows ───
    coll=1500  scales=[1.10e+00, 1.17e+00, 2.28e-01, 2.80e+00]
    → +4 scen  (total 28 = 6350 rows)

─── Round 6/14 │ 28 scen = 6350 rows ───
    coll=1500  scales=[1.02e+00, 1.10e+00, 2.07e-01, 2.56e+00]
    → +4 scen  (total 32 = 7300 rows)

─── Round 7/14 │ 32 scen = 7300 rows ───
    coll=1500  scales=[1.03e+00, 1.35e+00, 3.44e-01, 3.07e+00]
    → +4 scen  (total 36 = 8225 rows)

─── Round 8/14 │ 36 scen = 8225 rows ───
    coll=1500  scales=[9.65e-01, 1.39e+00, 3.16e-01, 2.79e+00]
    → +4 scen  (total 40 = 9125 rows)

─── Round 9/14 │ 40 scen = 9125 rows ───
    coll=1500  scales=[9.03e-01, 1.39e+00, 2.88e-01, 2.54e+00]
    → +4 scen  (total 44 = 10100 rows)

─── Round 10/14 │ 44 scen = 10100 rows ───
    coll=1500  scales=[8.48e-01, 1.42e+00, 2.65e-01, 2.31e+00]
    → +4 scen  (total 48 = 11125 rows)

─── Round 11/14 │ 48 scen = 11125 rows ───
    coll=1500  scales=[7.98e-01, 1.34e+00, 2.41e-01, 2.10e+00]
    → +4 scen  (total 52 = 12075 rows)

─── Round 12/14 │ 52 scen = 12075 rows ───
    coll=1500  scales=[7.39e-01, 1.31e+00, 2.22e-01, 1.91e+00]
    → +4 scen  (total 56 = 12975 rows)

─── Round 13/14 │ 56 scen = 12975 rows ───
    coll=1500  scales=[7.00e-01, 1.27e+00, 2.03e-01, 1.73e+00]
    → +4 scen  (total 60 = 13875 rows)

─── Round 14/14 │ 60 scen = 13875 rows ───
    coll=1500  scales=[6.52e-01, 1.22e+00, 1.85e-01, 1.57e+00]

─── Final polish │ 300 ep ───
    ep  2000  data=-4.806e-01  pde=1.217e-01  λ=0.0020  val_mse=5.362e-03

[Done v3]  707.2s  60 scen  13875 rows  val_mse=5.3562e-03
  internal: 2.9607e-03  LHS: 1.6851e-01  (707s)

[pinn_oneshot]
  t_max override: ub[:,1] = 11.01  (was 1.00)
  Model: PINN  h=192  L=4  K=3  +PCA bottleneck k=8
  internal: 1.6154e-03  LHS: 2.4064e-02  (885s)

[ann_al]
  t_max override: ub[:,1] = 11.01  (was 1.00)
  Model: ANN   h=192  L=4  +PCA bottleneck k=8
[v3 trainer] ANN  budget=60  n0=4  k=4  rounds=14  total_ep=2100  λ_max=0.0

─── Round 0/14 │ 4 scen = 875 rows ───
    → +4 scen  (total 8 = 1750 rows)

─── Round 1/14 │ 8 scen = 1750 rows ───
    → +4 scen  (total 12 = 2825 rows)

─── Round 2/14 │ 12 scen = 2825 rows ───
    → +4 scen  (total 16 = 3675 rows)

─── Round 3/14 │ 16 scen = 3675 rows ───
    → +4 scen  (total 20 = 4600 rows)

─── Round 4/14 │ 20 scen = 4600 rows ───
    → +4 scen  (total 24 = 5600 rows)

─── Round 5/14 │ 24 scen = 5600 rows ───
    → +4 scen  (total 28 = 6625 rows)

─── Round 6/14 │ 28 scen = 6625 rows ───
    → +4 scen  (total 32 = 7575 rows)

─── Round 7/14 │ 32 scen = 7575 rows ───
    → +4 scen  (total 36 = 8475 rows)

─── Round 8/14 │ 36 scen = 8475 rows ───
    → +4 scen  (total 40 = 9375 rows)

─── Round 9/14 │ 40 scen = 9375 rows ───
    → +4 scen  (total 44 = 10300 rows)

─── Round 10/14 │ 44 scen = 10300 rows ───
    → +4 scen  (total 48 = 11225 rows)

─── Round 11/14 │ 48 scen = 11225 rows ───
    → +4 scen  (total 52 = 12200 rows)

─── Round 12/14 │ 52 scen = 12200 rows ───
    → +4 scen  (total 56 = 13225 rows)

─── Round 13/14 │ 56 scen = 13225 rows ───
    → +4 scen  (total 60 = 14200 rows)

─── Round 14/14 │ 60 scen = 14200 rows ───

─── Final polish │ 300 ep ───
    ep  2000  data=2.566e-04  pde=0.000e+00  λ=0.0000  val_mse=2.369e-04

[Done v3]  157.5s  60 scen  14200 rows  val_mse=2.3689e-04
  internal: 2.6314e-04  LHS: 2.7716e-02  (158s)

[ann_oneshot]
  t_max override: ub[:,1] = 11.01  (was 1.00)
  Model: ANN   h=192  L=4  +PCA bottleneck k=8
  internal: 3.0262e-04  LHS: 2.9056e-02  (215s)

── seed=789 ──

[pinn_al]
  t_max override: ub[:,1] = 11.01  (was 1.00)
  Model: PINN  h=192  L=4  K=3  +PCA bottleneck k=8
[v3 trainer] PINN+committee+PDE  budget=60  n0=4  k=4  rounds=14  total_ep=2100  λ_max=0.002

─── Round 0/14 │ 4 scen = 1000 rows ───
    coll=1000  scales=[8.44e+02, 1.14e+00, 5.72e+01, 1.25e+02]
    → +4 scen  (total 8 = 1875 rows)

─── Round 1/14 │ 8 scen = 1875 rows ───
    coll=1500  scales=[1.08e+03, 1.40e+00, 5.25e+01, 1.41e+02]
    → +4 scen  (total 12 = 2800 rows)

─── Round 2/14 │ 12 scen = 2800 rows ───
    coll=1500  scales=[9.93e+02, 1.38e+00, 4.95e+01, 1.58e+02]
    → +4 scen  (total 16 = 3700 rows)

─── Round 3/14 │ 16 scen = 3700 rows ───
    coll=1500  scales=[8.94e+02, 1.40e+00, 4.45e+01, 1.42e+02]
    → +4 scen  (total 20 = 4550 rows)

─── Round 4/14 │ 20 scen = 4550 rows ───
    coll=1500  scales=[8.05e+02, 1.41e+00, 4.01e+01, 1.28e+02]
    → +4 scen  (total 24 = 5450 rows)

─── Round 5/14 │ 24 scen = 5450 rows ───
    coll=1500  scales=[7.24e+02, 1.34e+00, 3.61e+01, 1.15e+02]
    → +4 scen  (total 28 = 6350 rows)

─── Round 6/14 │ 28 scen = 6350 rows ───
    coll=1500  scales=[6.52e+02, 1.44e+00, 3.25e+01, 1.04e+02]
    → +4 scen  (total 32 = 7250 rows)

─── Round 7/14 │ 32 scen = 7250 rows ───
    coll=1500  scales=[5.87e+02, 1.37e+00, 2.93e+01, 9.32e+01]
    → +4 scen  (total 36 = 8225 rows)

─── Round 8/14 │ 36 scen = 8225 rows ───
    coll=1500  scales=[5.30e+02, 1.46e+00, 2.66e+01, 8.42e+01]
    → +4 scen  (total 40 = 9100 rows)

─── Round 9/14 │ 40 scen = 9100 rows ───
    coll=1500  scales=[4.77e+02, 1.40e+00, 2.39e+01, 7.58e+01]
    → +4 scen  (total 44 = 10125 rows)

─── Round 10/14 │ 44 scen = 10125 rows ───
    coll=1500  scales=[4.30e+02, 1.34e+00, 2.15e+01, 6.82e+01]
    → +4 scen  (total 48 = 11075 rows)

─── Round 11/14 │ 48 scen = 11075 rows ───
    coll=1500  scales=[3.87e+02, 1.32e+00, 1.94e+01, 6.15e+01]
    → +4 scen  (total 52 = 12000 rows)

─── Round 12/14 │ 52 scen = 12000 rows ───
    coll=1500  scales=[3.49e+02, 1.26e+00, 1.75e+01, 5.53e+01]
    → +4 scen  (total 56 = 13075 rows)

─── Round 13/14 │ 56 scen = 13075 rows ───
    coll=1500  scales=[3.14e+02, 1.23e+00, 1.57e+01, 4.98e+01]
    → +4 scen  (total 60 = 14000 rows)

─── Round 14/14 │ 60 scen = 14000 rows ───
    coll=1500  scales=[2.83e+02, 1.19e+00, 1.41e+01, 4.49e+01]

─── Final polish │ 300 ep ───
    ep  2000  data=-4.829e-01  pde=8.051e-02  λ=0.0020  val_mse=3.051e-04

[Done v3]  724.0s  60 scen  14000 rows  val_mse=3.0263e-04
  internal: 3.3243e-04  LHS: 2.3683e-02  (724s)

[pinn_ic_coreset]
  t_max override: ub[:,1] = 11.01  (was 1.00)
  Model: PINN  h=192  L=4  K=3  +PCA bottleneck k=8
[v3 trainer] PINN+committee+PDE  budget=60  n0=4  k=4  rounds=14  total_ep=2100  λ_max=0.002

─── Round 0/14 │ 4 scen = 1000 rows ───
    coll=1000  scales=[8.44e+02, 1.14e+00, 5.72e+01, 1.25e+02]
    → +4 scen  (total 8 = 1825 rows)

─── Round 1/14 │ 8 scen = 1825 rows ───
    coll=1500  scales=[1.11e+03, 1.43e+00, 5.33e+01, 1.42e+02]
    → +4 scen  (total 12 = 2700 rows)

─── Round 2/14 │ 12 scen = 2700 rows ───
    coll=1500  scales=[1.00e+03, 1.49e+00, 4.79e+01, 1.28e+02]
    → +4 scen  (total 16 = 3625 rows)

─── Round 3/14 │ 16 scen = 3625 rows ───
    coll=1500  scales=[9.01e+02, 1.60e+00, 4.36e+01, 1.16e+02]
    → +4 scen  (total 20 = 4575 rows)

─── Round 4/14 │ 20 scen = 4575 rows ───
    coll=1500  scales=[8.11e+02, 1.57e+00, 3.92e+01, 1.04e+02]
    → +4 scen  (total 24 = 5500 rows)

─── Round 5/14 │ 24 scen = 5500 rows ───
    coll=1500  scales=[7.30e+02, 1.54e+00, 3.53e+01, 9.38e+01]
    → +4 scen  (total 28 = 6450 rows)

─── Round 6/14 │ 28 scen = 6450 rows ───
    coll=1500  scales=[6.57e+02, 1.49e+00, 3.18e+01, 8.44e+01]
    → +4 scen  (total 32 = 7300 rows)

─── Round 7/14 │ 32 scen = 7300 rows ───
    coll=1500  scales=[5.92e+02, 1.53e+00, 2.86e+01, 7.60e+01]
    → +4 scen  (total 36 = 8225 rows)

─── Round 8/14 │ 36 scen = 8225 rows ───
    coll=1500  scales=[5.33e+02, 1.47e+00, 2.58e+01, 6.84e+01]
    → +4 scen  (total 40 = 9125 rows)

─── Round 9/14 │ 40 scen = 9125 rows ───
    coll=1500  scales=[4.80e+02, 1.40e+00, 2.32e+01, 6.16e+01]
    → +4 scen  (total 44 = 10100 rows)

─── Round 10/14 │ 44 scen = 10100 rows ───
    coll=1500  scales=[4.32e+02, 1.35e+00, 2.09e+01, 5.55e+01]
    → +4 scen  (total 48 = 11050 rows)

─── Round 11/14 │ 48 scen = 11050 rows ───
    coll=1500  scales=[3.89e+02, 1.29e+00, 1.88e+01, 4.99e+01]
    → +4 scen  (total 52 = 12000 rows)

─── Round 12/14 │ 52 scen = 12000 rows ───
    coll=1500  scales=[3.50e+02, 1.22e+00, 1.69e+01, 4.50e+01]
    → +4 scen  (total 56 = 13050 rows)

─── Round 13/14 │ 56 scen = 13050 rows ───
    coll=1500  scales=[3.15e+02, 1.17e+00, 1.52e+01, 4.05e+01]
    → +4 scen  (total 60 = 14050 rows)

─── Round 14/14 │ 60 scen = 14050 rows ───
    coll=1500  scales=[2.84e+02, 1.11e+00, 1.37e+01, 3.65e+01]

─── Final polish │ 300 ep ───
    ep  2000  data=-4.829e-01  pde=7.274e-02  λ=0.0020  val_mse=3.319e-04

[Done v3]  710.2s  60 scen  14050 rows  val_mse=3.2874e-04
  internal: 3.0066e-04  LHS: 2.5557e-02  (710s)

[pinn_seqrand]
  t_max override: ub[:,1] = 11.01  (was 1.00)
  Model: PINN  h=192  L=4  K=3  +PCA bottleneck k=8
[v3 trainer] PINN+committee+PDE  budget=60  n0=4  k=4  rounds=14  total_ep=2100  λ_max=0.002

─── Round 0/14 │ 4 scen = 1000 rows ───
    coll=1000  scales=[8.44e+02, 1.14e+00, 5.72e+01, 1.25e+02]
    → +4 scen  (total 8 = 1875 rows)

─── Round 1/14 │ 8 scen = 1875 rows ───
    coll=1500  scales=[7.59e+02, 1.05e+00, 5.15e+01, 1.13e+02]
    → +4 scen  (total 12 = 2775 rows)

─── Round 2/14 │ 12 scen = 2775 rows ───
    coll=1500  scales=[6.84e+02, 1.10e+00, 4.63e+01, 1.01e+02]
    → +4 scen  (total 16 = 3775 rows)

─── Round 3/14 │ 16 scen = 3775 rows ───
    coll=1500  scales=[6.19e+02, 1.28e+00, 4.21e+01, 9.38e+01]
    → +4 scen  (total 20 = 4650 rows)

─── Round 4/14 │ 20 scen = 4650 rows ───
    coll=1500  scales=[5.58e+02, 1.25e+00, 3.81e+01, 8.48e+01]
    → +4 scen  (total 24 = 5625 rows)

─── Round 5/14 │ 24 scen = 5625 rows ───
    coll=1500  scales=[5.74e+02, 1.35e+00, 3.47e+01, 7.72e+01]
    → +4 scen  (total 28 = 6575 rows)

─── Round 6/14 │ 28 scen = 6575 rows ───
    coll=1500  scales=[5.17e+02, 1.29e+00, 3.13e+01, 6.99e+01]
    → +4 scen  (total 32 = 7475 rows)

─── Round 7/14 │ 32 scen = 7475 rows ───
    coll=1500  scales=[4.66e+02, 1.28e+00, 2.82e+01, 6.31e+01]
    → +4 scen  (total 36 = 8375 rows)

─── Round 8/14 │ 36 scen = 8375 rows ───
    coll=1500  scales=[4.20e+02, 1.23e+00, 2.54e+01, 5.68e+01]
    → +4 scen  (total 40 = 9275 rows)

─── Round 9/14 │ 40 scen = 9275 rows ───
    coll=1500  scales=[3.78e+02, 1.18e+00, 2.29e+01, 5.15e+01]
    → +4 scen  (total 44 = 10175 rows)

─── Round 10/14 │ 44 scen = 10175 rows ───
    coll=1500  scales=[3.41e+02, 1.22e+00, 2.06e+01, 4.64e+01]
    → +4 scen  (total 48 = 11175 rows)

─── Round 11/14 │ 48 scen = 11175 rows ───
    coll=1500  scales=[3.07e+02, 1.17e+00, 1.85e+01, 4.18e+01]
    → +4 scen  (total 52 = 12075 rows)

─── Round 12/14 │ 52 scen = 12075 rows ───
    coll=1500  scales=[2.77e+02, 1.12e+00, 1.67e+01, 3.77e+01]
    → +4 scen  (total 56 = 12975 rows)

─── Round 13/14 │ 56 scen = 12975 rows ───
    coll=1500  scales=[2.50e+02, 1.13e+00, 1.50e+01, 3.40e+01]
    → +4 scen  (total 60 = 13925 rows)

─── Round 14/14 │ 60 scen = 13925 rows ───
    coll=1500  scales=[2.25e+02, 1.08e+00, 1.35e+01, 3.06e+01]

─── Final polish │ 300 ep ───
    ep  2000  data=-4.830e-01  pde=5.808e-02  λ=0.0020  val_mse=2.443e-03

[Done v3]  711.6s  60 scen  13925 rows  val_mse=2.4361e-03
  internal: 2.6823e-03  LHS: 1.1348e-01  (712s)

[pinn_oneshot]
  t_max override: ub[:,1] = 11.01  (was 1.00)
  Model: PINN  h=192  L=4  K=3  +PCA bottleneck k=8
  internal: 8.6173e-04  LHS: 7.1033e-02  (889s)

[ann_al]
  t_max override: ub[:,1] = 11.01  (was 1.00)
  Model: ANN   h=192  L=4  +PCA bottleneck k=8
[v3 trainer] ANN  budget=60  n0=4  k=4  rounds=14  total_ep=2100  λ_max=0.0

─── Round 0/14 │ 4 scen = 1000 rows ───
    → +4 scen  (total 8 = 1850 rows)

─── Round 1/14 │ 8 scen = 1850 rows ───
    → +4 scen  (total 12 = 2775 rows)

─── Round 2/14 │ 12 scen = 2775 rows ───
    → +4 scen  (total 16 = 3750 rows)

─── Round 3/14 │ 16 scen = 3750 rows ───
    → +4 scen  (total 20 = 4675 rows)

─── Round 4/14 │ 20 scen = 4675 rows ───
    → +4 scen  (total 24 = 5650 rows)

─── Round 5/14 │ 24 scen = 5650 rows ───
    → +4 scen  (total 28 = 6600 rows)

─── Round 6/14 │ 28 scen = 6600 rows ───
    → +4 scen  (total 32 = 7550 rows)

─── Round 7/14 │ 32 scen = 7550 rows ───
    → +4 scen  (total 36 = 8400 rows)

─── Round 8/14 │ 36 scen = 8400 rows ───
    → +4 scen  (total 40 = 9350 rows)

─── Round 9/14 │ 40 scen = 9350 rows ───
    → +4 scen  (total 44 = 10225 rows)

─── Round 10/14 │ 44 scen = 10225 rows ───
    → +4 scen  (total 48 = 11175 rows)

─── Round 11/14 │ 48 scen = 11175 rows ───
    → +4 scen  (total 52 = 12150 rows)

─── Round 12/14 │ 52 scen = 12150 rows ───
    → +4 scen  (total 56 = 13125 rows)

─── Round 13/14 │ 56 scen = 13125 rows ───
    → +4 scen  (total 60 = 14175 rows)

─── Round 14/14 │ 60 scen = 14175 rows ───

─── Final polish │ 300 ep ───
    ep  2000  data=2.704e-04  pde=0.000e+00  λ=0.0000  val_mse=2.311e-04

[Done v3]  157.4s  60 scen  14175 rows  val_mse=2.3104e-04
  internal: 2.6078e-04  LHS: 2.2844e-02  (157s)

[ann_oneshot]
  t_max override: ub[:,1] = 11.01  (was 1.00)
  Model: ANN   h=192  L=4  +PCA bottleneck k=8
  internal: 4.2046e-04  LHS: 4.5675e-02  (215s)

── seed=1024 ──

[pinn_al]
  t_max override: ub[:,1] = 11.01  (was 1.00)
  Model: PINN  h=192  L=4  K=3  +PCA bottleneck k=8
[v3 trainer] PINN+committee+PDE  budget=60  n0=4  k=4  rounds=14  total_ep=2100  λ_max=0.002

─── Round 0/14 │ 4 scen = 900 rows ───
    coll=900  scales=[4.30e-01, 7.95e-01, 2.71e-01, 3.56e+00]
    → +4 scen  (total 8 = 1750 rows)

─── Round 1/14 │ 8 scen = 1750 rows ───
    coll=1500  scales=[6.25e+01, 9.98e-01, 2.90e+00, 3.28e+01]
    → +4 scen  (total 12 = 2700 rows)

─── Round 2/14 │ 12 scen = 2700 rows ───
    coll=1500  scales=[5.84e+01, 9.77e-01, 3.44e+00, 3.22e+01]
    → +4 scen  (total 16 = 3600 rows)

─── Round 3/14 │ 16 scen = 3600 rows ───
    coll=1500  scales=[5.27e+01, 9.66e-01, 3.10e+00, 2.91e+01]
    → +4 scen  (total 20 = 4550 rows)

─── Round 4/14 │ 20 scen = 4550 rows ───
    coll=1500  scales=[4.75e+01, 9.43e-01, 2.80e+00, 2.62e+01]
    → +4 scen  (total 24 = 5425 rows)

─── Round 5/14 │ 24 scen = 5425 rows ───
    coll=1500  scales=[4.28e+01, 8.98e-01, 2.52e+00, 2.36e+01]
    → +4 scen  (total 28 = 6400 rows)

─── Round 6/14 │ 28 scen = 6400 rows ───
    coll=1500  scales=[3.86e+01, 8.91e-01, 2.27e+00, 2.13e+01]
    → +4 scen  (total 32 = 7350 rows)

─── Round 7/14 │ 32 scen = 7350 rows ───
    coll=1500  scales=[3.49e+01, 8.51e-01, 2.05e+00, 1.92e+01]
    → +4 scen  (total 36 = 8275 rows)

─── Round 8/14 │ 36 scen = 8275 rows ───
    coll=1500  scales=[3.15e+01, 8.14e-01, 1.85e+00, 1.73e+01]
    → +4 scen  (total 40 = 9100 rows)

─── Round 9/14 │ 40 scen = 9100 rows ───
    coll=1500  scales=[2.85e+01, 7.82e-01, 1.67e+00, 1.56e+01]
    → +4 scen  (total 44 = 10025 rows)

─── Round 10/14 │ 44 scen = 10025 rows ───
    coll=1500  scales=[2.58e+01, 7.98e-01, 1.50e+00, 1.41e+01]
    → +4 scen  (total 48 = 10975 rows)

─── Round 11/14 │ 48 scen = 10975 rows ───
    coll=1500  scales=[2.34e+01, 7.56e-01, 1.36e+00, 1.27e+01]
    → +4 scen  (total 52 = 12000 rows)

─── Round 12/14 │ 52 scen = 12000 rows ───
    coll=1500  scales=[2.11e+01, 7.17e-01, 1.22e+00, 1.14e+01]
    → +4 scen  (total 56 = 13000 rows)

─── Round 13/14 │ 56 scen = 13000 rows ───
    coll=1500  scales=[1.91e+01, 6.99e-01, 1.10e+00, 1.03e+01]
    → +4 scen  (total 60 = 13875 rows)

─── Round 14/14 │ 60 scen = 13875 rows ───
    coll=1500  scales=[1.74e+01, 6.71e-01, 9.95e-01, 9.30e+00]

─── Final polish │ 300 ep ───
    ep  2000  data=-4.818e-01  pde=8.872e-02  λ=0.0020  val_mse=7.787e-04

[Done v3]  723.6s  60 scen  13875 rows  val_mse=7.6855e-04
  internal: 6.3161e-04  LHS: 2.1672e-02  (724s)

[pinn_ic_coreset]
  t_max override: ub[:,1] = 11.01  (was 1.00)
  Model: PINN  h=192  L=4  K=3  +PCA bottleneck k=8
[v3 trainer] PINN+committee+PDE  budget=60  n0=4  k=4  rounds=14  total_ep=2100  λ_max=0.002

─── Round 0/14 │ 4 scen = 900 rows ───
    coll=900  scales=[4.30e-01, 7.95e-01, 2.71e-01, 3.56e+00]
    → +4 scen  (total 8 = 1850 rows)

─── Round 1/14 │ 8 scen = 1850 rows ───
    coll=1500  scales=[5.98e+01, 9.86e-01, 2.99e+00, 3.11e+01]
    → +4 scen  (total 12 = 2750 rows)

─── Round 2/14 │ 12 scen = 2750 rows ───
    coll=1500  scales=[5.39e+01, 9.72e-01, 2.69e+00, 2.81e+01]
    → +4 scen  (total 16 = 3575 rows)

─── Round 3/14 │ 16 scen = 3575 rows ───
    coll=1500  scales=[4.86e+01, 1.05e+00, 2.43e+00, 2.53e+01]
    → +4 scen  (total 20 = 4550 rows)

─── Round 4/14 │ 20 scen = 4550 rows ───
    coll=1500  scales=[4.39e+01, 1.01e+00, 2.19e+00, 2.29e+01]
    → +4 scen  (total 24 = 5525 rows)

─── Round 5/14 │ 24 scen = 5525 rows ───
    coll=1500  scales=[3.96e+01, 1.14e+00, 1.97e+00, 2.06e+01]
    → +4 scen  (total 28 = 6425 rows)

─── Round 6/14 │ 28 scen = 6425 rows ───
    coll=1500  scales=[3.58e+01, 1.09e+00, 1.78e+00, 1.86e+01]
    → +4 scen  (total 32 = 7250 rows)

─── Round 7/14 │ 32 scen = 7250 rows ───
    coll=1500  scales=[3.23e+01, 1.07e+00, 1.61e+00, 1.67e+01]
    → +4 scen  (total 36 = 8200 rows)

─── Round 8/14 │ 36 scen = 8200 rows ───
    coll=1500  scales=[2.92e+01, 1.04e+00, 1.45e+00, 1.51e+01]
    → +4 scen  (total 40 = 9125 rows)

─── Round 9/14 │ 40 scen = 9125 rows ───
    coll=1500  scales=[2.64e+01, 1.02e+00, 1.31e+00, 1.36e+01]
    → +4 scen  (total 44 = 10125 rows)

─── Round 10/14 │ 44 scen = 10125 rows ───
    coll=1500  scales=[2.38e+01, 1.01e+00, 1.18e+00, 1.23e+01]
    → +4 scen  (total 48 = 11075 rows)

─── Round 11/14 │ 48 scen = 11075 rows ───
    coll=1500  scales=[2.15e+01, 9.47e-01, 1.07e+00, 1.11e+01]
    → +4 scen  (total 52 = 12025 rows)

─── Round 12/14 │ 52 scen = 12025 rows ───
    coll=1500  scales=[1.95e+01, 9.32e-01, 9.61e-01, 9.98e+00]
    → +4 scen  (total 56 = 13025 rows)

─── Round 13/14 │ 56 scen = 13025 rows ───
    coll=1500  scales=[1.76e+01, 9.01e-01, 8.67e-01, 9.00e+00]
    → +4 scen  (total 60 = 13925 rows)

─── Round 14/14 │ 60 scen = 13925 rows ───
    coll=1500  scales=[1.60e+01, 8.59e-01, 7.83e-01, 8.12e+00]

─── Final polish │ 300 ep ───
    ep  2000  data=-4.819e-01  pde=9.275e-02  λ=0.0020  val_mse=6.240e-04

[Done v3]  710.0s  60 scen  13925 rows  val_mse=6.1871e-04
  internal: 4.9950e-04  LHS: 2.3447e-02  (710s)

[pinn_seqrand]
  t_max override: ub[:,1] = 11.01  (was 1.00)
  Model: PINN  h=192  L=4  K=3  +PCA bottleneck k=8
[v3 trainer] PINN+committee+PDE  budget=60  n0=4  k=4  rounds=14  total_ep=2100  λ_max=0.002

─── Round 0/14 │ 4 scen = 900 rows ───
    coll=900  scales=[4.30e-01, 7.95e-01, 2.71e-01, 3.56e+00]
    → +4 scen  (total 8 = 1775 rows)

─── Round 1/14 │ 8 scen = 1775 rows ───
    coll=1500  scales=[3.99e-01, 7.46e-01, 3.81e-01, 7.37e+00]
    → +4 scen  (total 12 = 2700 rows)

─── Round 2/14 │ 12 scen = 2700 rows ───
    coll=1500  scales=[3.70e-01, 6.94e-01, 3.47e-01, 6.70e+00]
    → +4 scen  (total 16 = 3600 rows)

─── Round 3/14 │ 16 scen = 3600 rows ───
    coll=1500  scales=[3.61e-01, 6.86e-01, 3.17e-01, 6.09e+00]
    → +4 scen  (total 20 = 4500 rows)

─── Round 4/14 │ 20 scen = 4500 rows ───
    coll=1500  scales=[3.39e-01, 6.79e-01, 2.90e-01, 5.54e+00]
    → +4 scen  (total 24 = 5525 rows)

─── Round 5/14 │ 24 scen = 5525 rows ───
    coll=1500  scales=[3.13e-01, 6.43e-01, 2.65e-01, 5.03e+00]
    → +4 scen  (total 28 = 6425 rows)

─── Round 6/14 │ 28 scen = 6425 rows ───
    coll=1500  scales=[2.93e-01, 6.24e-01, 2.43e-01, 4.57e+00]
    → +4 scen  (total 32 = 7275 rows)

─── Round 7/14 │ 32 scen = 7275 rows ───
    coll=1500  scales=[2.79e-01, 6.12e-01, 2.30e-01, 4.17e+00]
    → +4 scen  (total 36 = 8200 rows)

─── Round 8/14 │ 36 scen = 8200 rows ───
    coll=1500  scales=[2.65e-01, 6.51e-01, 2.11e-01, 3.78e+00]
    → +4 scen  (total 40 = 9150 rows)

─── Round 9/14 │ 40 scen = 9150 rows ───
    coll=1500  scales=[2.52e-01, 6.69e-01, 1.94e-01, 3.44e+00]
    → +4 scen  (total 44 = 10050 rows)

─── Round 10/14 │ 44 scen = 10050 rows ───
    coll=1500  scales=[2.35e-01, 6.68e-01, 1.80e-01, 3.13e+00]
    → +4 scen  (total 48 = 10950 rows)

─── Round 11/14 │ 48 scen = 10950 rows ───
    coll=1500  scales=[2.25e-01, 6.75e-01, 1.67e-01, 2.84e+00]
    → +4 scen  (total 52 = 11925 rows)

─── Round 12/14 │ 52 scen = 11925 rows ───
    coll=1500  scales=[2.09e-01, 6.50e-01, 1.55e-01, 2.58e+00]
    → +4 scen  (total 56 = 12800 rows)

─── Round 13/14 │ 56 scen = 12800 rows ───
    coll=1500  scales=[1.97e-01, 6.46e-01, 1.44e-01, 2.35e+00]
    → +4 scen  (total 60 = 13700 rows)

─── Round 14/14 │ 60 scen = 13700 rows ───
    coll=1500  scales=[1.86e-01, 6.12e-01, 1.33e-01, 2.13e+00]

─── Final polish │ 300 ep ───
    ep  2000  data=-4.792e-01  pde=1.816e-01  λ=0.0020  val_mse=3.270e-03

[Done v3]  707.1s  60 scen  13700 rows  val_mse=3.2268e-03
  internal: 2.4131e-03  LHS: 7.0470e-02  (707s)

[pinn_oneshot]
  t_max override: ub[:,1] = 11.01  (was 1.00)
  Model: PINN  h=192  L=4  K=3  +PCA bottleneck k=8
  internal: 1.8371e-03  LHS: 2.4576e-02  (897s)

[ann_al]
  t_max override: ub[:,1] = 11.01  (was 1.00)
  Model: ANN   h=192  L=4  +PCA bottleneck k=8
[v3 trainer] ANN  budget=60  n0=4  k=4  rounds=14  total_ep=2100  λ_max=0.0

─── Round 0/14 │ 4 scen = 900 rows ───
    → +4 scen  (total 8 = 1800 rows)

─── Round 1/14 │ 8 scen = 1800 rows ───
    → +4 scen  (total 12 = 2750 rows)

─── Round 2/14 │ 12 scen = 2750 rows ───
    → +4 scen  (total 16 = 3775 rows)

─── Round 3/14 │ 16 scen = 3775 rows ───
    → +4 scen  (total 20 = 4700 rows)

─── Round 4/14 │ 20 scen = 4700 rows ───
    → +4 scen  (total 24 = 5675 rows)

─── Round 5/14 │ 24 scen = 5675 rows ───
    → +4 scen  (total 28 = 6600 rows)

─── Round 6/14 │ 28 scen = 6600 rows ───
    → +4 scen  (total 32 = 7575 rows)

─── Round 7/14 │ 32 scen = 7575 rows ───
    → +4 scen  (total 36 = 8425 rows)

─── Round 8/14 │ 36 scen = 8425 rows ───
    → +4 scen  (total 40 = 9300 rows)

─── Round 9/14 │ 40 scen = 9300 rows ───
    → +4 scen  (total 44 = 10225 rows)

─── Round 10/14 │ 44 scen = 10225 rows ───
    → +4 scen  (total 48 = 11150 rows)

─── Round 11/14 │ 48 scen = 11150 rows ───
    → +4 scen  (total 52 = 12125 rows)

─── Round 12/14 │ 52 scen = 12125 rows ───
    → +4 scen  (total 56 = 13150 rows)

─── Round 13/14 │ 56 scen = 13150 rows ───
    → +4 scen  (total 60 = 14175 rows)

─── Round 14/14 │ 60 scen = 14175 rows ───

─── Final polish │ 300 ep ───
    ep  2000  data=3.003e-04  pde=0.000e+00  λ=0.0000  val_mse=2.617e-04

[Done v3]  157.4s  60 scen  14175 rows  val_mse=2.6167e-04
  internal: 3.0290e-04  LHS: 2.4955e-02  (157s)

[ann_oneshot]
  t_max override: ub[:,1] = 11.01  (was 1.00)
  Model: ANN   h=192  L=4  +PCA bottleneck k=8
  internal: 4.3950e-04  LHS: 2.9574e-02  (218s)

[Sweep done] → psa_biased_v8_press\psa_v7_sweep_final.json

====================================================================================================
  INTERNAL TEST
====================================================================================================
Budget           pinn_al  pinn_ic_corese    pinn_seqrand    pinn_oneshot          ann_al     ann_oneshot
--------------------------------------------------------------------------------------------------------
    12        1.8396e-03      2.1228e-03      9.2592e-03      1.2580e-02      1.7661e-03      1.0441e-02
    30        1.1011e-03      8.8873e-04      3.2459e-03      2.6076e-03      5.2414e-04      3.1498e-03
    60        4.7031e-04      3.8100e-04      1.9095e-03      1.4869e-03      2.9705e-04      7.5242e-04

  IMPROVEMENT % on internal test (pinn_al vs each baseline, mean across budgets):
    pinn_al vs pinn_ic_coreset: mean= -11.3%  range [-23.9%, +13.3%]
    pinn_al vs   pinn_seqrand: mean= +73.9%  range [+66.1%, +80.1%]
    pinn_al vs   pinn_oneshot: mean= +70.5%  range [+57.8%, +85.4%]
    pinn_al vs         ann_al: mean= -57.5%  range [-110.1%,  -4.2%]
    pinn_al vs    ann_oneshot: mean= +61.6%  range [+37.5%, +82.4%]

====================================================================================================
  LHS EXTERNAL TEST
====================================================================================================
Budget           pinn_al  pinn_ic_corese    pinn_seqrand    pinn_oneshot          ann_al     ann_oneshot
--------------------------------------------------------------------------------------------------------
    12        2.8634e-02      2.8634e-02      2.4148e-01      3.7670e-01      3.2789e-02      1.9964e-01
    30        2.4928e-02      2.4215e-02      1.3620e-01      7.6067e-02      2.8166e-02      9.8317e-02
    60        2.4400e-02      2.5082e-02      8.5564e-02      6.8212e-02      2.5303e-02      5.1650e-02

  IMPROVEMENT % on LHS external test (pinn_al vs each baseline, mean across budgets):
    pinn_al vs pinn_ic_coreset: mean=  -0.1%  range [ -2.9%,  +2.7%]
    pinn_al vs   pinn_seqrand: mean= +80.4%  range [+71.5%, +88.1%]
    pinn_al vs   pinn_oneshot: mean= +74.6%  range [+64.2%, +92.4%]
    pinn_al vs         ann_al: mean=  +9.2%  range [ +3.6%, +12.7%]
    pinn_al vs    ann_oneshot: mean= +71.0%  range [+52.8%, +85.7%]
